<html>
<body>
<pre>
<h1>µVision Build Log</h1>
<h2>Tool Versions:</h2>
IDE-Version: ¦ÌVision V5.27.1.0
Copyright (C) 2019 ARM Ltd and ARM Germany GmbH. All rights reserved.
License Information: 3243 3432, 34534, LIC=YA39U-SP4HF-X7XRZ-JMINQ-WTZ5J-RP36X
 
Tool Versions:
Toolchain:       MDK-ARM Plus  Version: 5.27.1.0
Toolchain Path:  D:\Keil_v5\ARM\ARMCC\Bin
C Compiler:      Armcc.exe V5.06 update 6 (build 750)
Assembler:       Armasm.exe V5.06 update 6 (build 750)
Linker/Locator:  ArmLink.exe V5.06 update 6 (build 750)
Library Manager: ArmAr.exe V5.06 update 6 (build 750)
Hex Converter:   FromElf.exe V5.06 update 6 (build 750)
CPU DLL:         SARMCM3.DLL V5.27.1.0
Dialog DLL:      DCM.DLL V1.17.2.0
Target DLL:      STLink\ST-LINKIII-KEIL_SWO.dll V3.0.6.0
Dialog DLL:      TCM.DLL V1.36.1.0
 
<h2>Project:</h2>
C:\Users\Fubiao.Guo\Desktop\BESTBEW\LED_LOGO_DMA\LED_LOGO_DMA\MDK-ARM\LED_LOGO_DMA.uvprojx
Project File Date:  05/14/2019

<h2>Output:</h2>
*** Using Compiler 'V5.06 update 6 (build 750)', folder: 'D:\Keil_v5\ARM\ARMCC\Bin'
Build target 'LED_LOGO_DMA'
compiling freertos.c...
../Src/freertos.c(154): warning:  #223-D: function "DMA_WS2812_data_flash" declared implicitly
  	DMA_WS2812_data_flash(default_buf1,abc,102);
../Src/freertos.c(288): warning:  #223-D: function "ws28128_one_color_circulation_run" declared implicitly
  ws28128_one_color_circulation_run(LED_MAX,onecolor_buf_1);
../Src/freertos.c: 2 warnings, 0 errors
linking...
Program Size: Code=23188 RO-data=492 RW-data=784 ZI-data=18128  
FromELF: creating hex file...
After Build - User command #1: fromelf --bin --output .\LED_LOGO_DEBUG\LED_LOGO_DMA.BIN    .\LED_LOGO_DEBUG\LED_LOGO_DMA.AXF
".\LED_LOGO_DEBUG\LED_LOGO_DMA.axf" - 0 Error(s), 2 Warning(s).

<h2>Software Packages used:</h2>

Package Vendor: ARM
                http://www.keil.com/pack/ARM.CMSIS.5.5.1.pack
                ARM.CMSIS.5.5.1
                CMSIS (Cortex Microcontroller Software Interface Standard)
   * Component: CORE Version: 5.2.0
   * Component: DSP Variant: Library Version: 1.6.0

Package Vendor: Keil
                http://www.keil.com/pack/Keil.STM32F1xx_DFP.2.3.0.pack
                Keil.STM32F1xx_DFP.2.3.0
                STMicroelectronics STM32F1 Series Device Support, Drivers and Examples

<h2>Collection of Component include folders:</h2>
  .\RTE\_LED_LOGO_DMA
  D:\Users\Fubiao.Guo\AppData\Local\Arm\Packs\ARM\CMSIS\5.5.1\CMSIS\Core\Include
  D:\Users\Fubiao.Guo\AppData\Local\Arm\Packs\ARM\CMSIS\5.5.1\CMSIS\DSP\Include
  D:\Users\Fubiao.Guo\AppData\Local\Arm\Packs\Keil\STM32F1xx_DFP\2.3.0\Device\Include

<h2>Collection of Component Files used:</h2>

   * Component: ARM::CMSIS:CORE:5.2.0

   * Component: ARM::CMSIS:DSP:Library:1.6.0
      Library file:  CMSIS\DSP\Lib\ARM\arm_cortexM3l_math.lib
      Include file:  CMSIS\DSP\Include\arm_math.h
Build Time Elapsed:  00:00:02
</pre>
</body>
</html>
