Component: ARM Compiler 5.06 update 6 (build 750) Tool: armlink [4d35ed]

==============================================================================

Section Cross References

    stm32f1xx_hal_msp.o(i.HAL_ADC_MspDeInit) refers to stm32f1xx_hal_gpio.o(i.HAL_GPIO_DeInit) for HAL_GPIO_DeInit
    stm32f1xx_hal_msp.o(i.HAL_ADC_MspDeInit) refers to stm32f1xx_hal_dma.o(i.HAL_DMA_DeInit) for HAL_DMA_DeInit
    stm32f1xx_hal_msp.o(i.HAL_ADC_MspDeInit) refers to stm32f1xx_hal_cortex.o(i.HAL_NVIC_DisableIRQ) for HAL_NVIC_DisableIRQ
    stm32f1xx_hal_msp.o(i.HAL_ADC_MspInit) refers to stm32f1xx_hal_gpio.o(i.HAL_GPIO_Init) for HAL_GPIO_Init
    stm32f1xx_hal_msp.o(i.HAL_ADC_MspInit) refers to stm32f1xx_hal_dma.o(i.HAL_DMA_Init) for HAL_DMA_Init
    stm32f1xx_hal_msp.o(i.HAL_ADC_MspInit) refers to main.o(i._Error_Handler) for _Error_Handler
    stm32f1xx_hal_msp.o(i.HAL_ADC_MspInit) refers to main.o(.bss) for hdma_adc1
    stm32f1xx_hal_msp.o(i.HAL_MspInit) refers to stm32f1xx_hal_cortex.o(i.HAL_NVIC_SetPriorityGrouping) for HAL_NVIC_SetPriorityGrouping
    stm32f1xx_hal_msp.o(i.HAL_MspInit) refers to stm32f1xx_hal_cortex.o(i.HAL_NVIC_SetPriority) for HAL_NVIC_SetPriority
    stm32f1xx_hal_msp.o(i.HAL_SPI_MspDeInit) refers to stm32f1xx_hal_gpio.o(i.HAL_GPIO_DeInit) for HAL_GPIO_DeInit
    stm32f1xx_hal_msp.o(i.HAL_SPI_MspInit) refers to stm32f1xx_hal_gpio.o(i.HAL_GPIO_Init) for HAL_GPIO_Init
    stm32f1xx_hal_msp.o(i.HAL_TIM_Base_MspDeInit) refers to stm32f1xx_hal_cortex.o(i.HAL_NVIC_DisableIRQ) for HAL_NVIC_DisableIRQ
    stm32f1xx_hal_msp.o(i.HAL_TIM_Base_MspDeInit) refers to stm32f1xx_hal_dma.o(i.HAL_DMA_DeInit) for HAL_DMA_DeInit
    stm32f1xx_hal_msp.o(i.HAL_TIM_Base_MspInit) refers to stm32f1xx_hal_dma.o(i.HAL_DMA_Init) for HAL_DMA_Init
    stm32f1xx_hal_msp.o(i.HAL_TIM_Base_MspInit) refers to main.o(i._Error_Handler) for _Error_Handler
    stm32f1xx_hal_msp.o(i.HAL_TIM_Base_MspInit) refers to main.o(.bss) for hdma_tim2_ch1
    stm32f1xx_hal_msp.o(i.HAL_TIM_MspPostInit) refers to stm32f1xx_hal_gpio.o(i.HAL_GPIO_Init) for HAL_GPIO_Init
    stm32f1xx_hal_msp.o(i.HAL_UART_MspDeInit) refers to stm32f1xx_hal_gpio.o(i.HAL_GPIO_DeInit) for HAL_GPIO_DeInit
    stm32f1xx_hal_msp.o(i.HAL_UART_MspDeInit) refers to stm32f1xx_hal_dma.o(i.HAL_DMA_DeInit) for HAL_DMA_DeInit
    stm32f1xx_hal_msp.o(i.HAL_UART_MspDeInit) refers to stm32f1xx_hal_cortex.o(i.HAL_NVIC_DisableIRQ) for HAL_NVIC_DisableIRQ
    stm32f1xx_hal_msp.o(i.HAL_UART_MspInit) refers to stm32f1xx_hal_gpio.o(i.HAL_GPIO_Init) for HAL_GPIO_Init
    stm32f1xx_hal_msp.o(i.HAL_UART_MspInit) refers to stm32f1xx_hal_dma.o(i.HAL_DMA_Init) for HAL_DMA_Init
    stm32f1xx_hal_msp.o(i.HAL_UART_MspInit) refers to main.o(i._Error_Handler) for _Error_Handler
    stm32f1xx_hal_msp.o(i.HAL_UART_MspInit) refers to main.o(.bss) for hdma_usart3_rx
    stm32f1xx_hal_msp.o(i.HAL_UART_MspInit) refers to main.o(.bss) for hdma_usart3_tx
    stm32f1xx_it.o(i.ADC1_2_IRQHandler) refers to stm32f1xx_hal_adc.o(i.HAL_ADC_IRQHandler) for HAL_ADC_IRQHandler
    stm32f1xx_it.o(i.ADC1_2_IRQHandler) refers to main.o(.bss) for hadc1
    stm32f1xx_it.o(i.DMA1_Channel2_IRQHandler) refers to stm32f1xx_hal_dma.o(i.HAL_DMA_IRQHandler) for HAL_DMA_IRQHandler
    stm32f1xx_it.o(i.DMA1_Channel2_IRQHandler) refers to main.o(.bss) for hdma_usart3_tx
    stm32f1xx_it.o(i.DMA1_Channel3_IRQHandler) refers to stm32f1xx_hal_dma.o(i.HAL_DMA_IRQHandler) for HAL_DMA_IRQHandler
    stm32f1xx_it.o(i.DMA1_Channel3_IRQHandler) refers to main.o(.bss) for hdma_usart3_rx
    stm32f1xx_it.o(i.NMI_Handler) refers to stm32f1xx_hal_rcc.o(i.HAL_RCC_NMI_IRQHandler) for HAL_RCC_NMI_IRQHandler
    stm32f1xx_it.o(i.SysTick_Handler) refers to stm32f1xx_hal.o(i.HAL_IncTick) for HAL_IncTick
    stm32f1xx_it.o(i.SysTick_Handler) refers to cmsis_os.o(i.osSystickHandler) for osSystickHandler
    stm32f1xx_it.o(i.TIM2_IRQHandler) refers to stm32f1xx_hal_tim.o(i.HAL_TIM_IRQHandler) for HAL_TIM_IRQHandler
    stm32f1xx_it.o(i.TIM2_IRQHandler) refers to main.o(.bss) for htim2
    stm32f1xx_it.o(i.TIM3_IRQHandler) refers to stm32f1xx_hal_tim.o(i.HAL_TIM_IRQHandler) for HAL_TIM_IRQHandler
    stm32f1xx_it.o(i.TIM3_IRQHandler) refers to main.o(.bss) for htim3
    stm32f1xx_it.o(i.USART3_IRQHandler) refers to bsp_usart.o(i.UsartReceive_IDLE) for UsartReceive_IDLE
    stm32f1xx_it.o(i.USART3_IRQHandler) refers to stm32f1xx_hal_uart.o(i.HAL_UART_IRQHandler) for HAL_UART_IRQHandler
    stm32f1xx_it.o(i.USART3_IRQHandler) refers to bsp_usart.o(.bss) for UsartType3
    stm32f1xx_it.o(i.USART3_IRQHandler) refers to main.o(.bss) for huart3
    main.o(i.MX_NVIC_Init) refers to stm32f1xx_hal_cortex.o(i.HAL_NVIC_SetPriority) for HAL_NVIC_SetPriority
    main.o(i.MX_NVIC_Init) refers to stm32f1xx_hal_cortex.o(i.HAL_NVIC_EnableIRQ) for HAL_NVIC_EnableIRQ
    main.o(i.SystemClock_Config) refers to stm32f1xx_hal_rcc.o(i.HAL_RCC_OscConfig) for HAL_RCC_OscConfig
[...]
    i.prvAddNewTaskToReadyList               0x08005bfc   Section        0  tasks.o(i.prvAddNewTaskToReadyList)
    prvAddNewTaskToReadyList                 0x08005bfd   Thumb Code   194  tasks.o(i.prvAddNewTaskToReadyList)
    i.prvCheckTasksWaitingTermination        0x08005ccc   Section        0  tasks.o(i.prvCheckTasksWaitingTermination)
    prvCheckTasksWaitingTermination          0x08005ccd   Thumb Code    70  tasks.o(i.prvCheckTasksWaitingTermination)
    i.prvDeleteTCB                           0x08005d1c   Section        0  tasks.o(i.prvDeleteTCB)
    prvDeleteTCB                             0x08005d1d   Thumb Code    20  tasks.o(i.prvDeleteTCB)
    i.prvHeapInit                            0x08005d30   Section        0  heap_4.o(i.prvHeapInit)
    prvHeapInit                              0x08005d31   Thumb Code    64  heap_4.o(i.prvHeapInit)
    i.prvIdleTask                            0x08005d78   Section        0  tasks.o(i.prvIdleTask)
    prvIdleTask                              0x08005d79   Thumb Code    30  tasks.o(i.prvIdleTask)
    i.prvInitialiseNewTask                   0x08005da0   Section        0  tasks.o(i.prvInitialiseNewTask)
    prvInitialiseNewTask                     0x08005da1   Thumb Code   142  tasks.o(i.prvInitialiseNewTask)
    i.prvInsertBlockIntoFreeList             0x08005e30   Section        0  heap_4.o(i.prvInsertBlockIntoFreeList)
    prvInsertBlockIntoFreeList               0x08005e31   Thumb Code    72  heap_4.o(i.prvInsertBlockIntoFreeList)
    i.prvResetNextTaskUnblockTime            0x08005e7c   Section        0  tasks.o(i.prvResetNextTaskUnblockTime)
    prvResetNextTaskUnblockTime              0x08005e7d   Thumb Code    26  tasks.o(i.prvResetNextTaskUnblockTime)
    i.prvTaskExitError                       0x08005e9c   Section        0  port.o(i.prvTaskExitError)
    prvTaskExitError                         0x08005e9d   Thumb Code    36  port.o(i.prvTaskExitError)
    i.prvTaskIsTaskSuspended                 0x08005ec4   Section        0  tasks.o(i.prvTaskIsTaskSuspended)
    prvTaskIsTaskSuspended                   0x08005ec5   Thumb Code    48  tasks.o(i.prvTaskIsTaskSuspended)
    i.pvPortMalloc                           0x08005ef8   Section        0  heap_4.o(i.pvPortMalloc)
    i.pxPortInitialiseStack                  0x08005fd0   Section        0  port.o(i.pxPortInitialiseStack)
    i.rand_buff_data                         0x08005ff4   Section        0  bsp_ws2812.o(i.rand_buff_data)
    i.reset_led_light                        0x0800609c   Section        0  bsp_ws2812.o(i.reset_led_light)
    i.shift_buf_to_data_one                  0x080060c8   Section        0  bsp_ws2812.o(i.shift_buf_to_data_one)
    i.shift_buf_to_data_two                  0x08006144   Section        0  bsp_ws2812.o(i.shift_buf_to_data_two)
    i.sin                                    0x080061c0   Section        0  sin.o(i.sin)
    i.uxListRemove                           0x08006260   Section        0  list.o(i.uxListRemove)
    i.vListInitialise                        0x08006284   Section        0  list.o(i.vListInitialise)
    i.vListInitialiseItem                    0x0800629a   Section        0  list.o(i.vListInitialiseItem)
    i.vListInsert                            0x080062a0   Section        0  list.o(i.vListInsert)
    i.vListInsertEnd                         0x080062d0   Section        0  list.o(i.vListInsertEnd)
    i.vPortEnterCritical                     0x080062e8   Section        0  port.o(i.vPortEnterCritical)
    i.vPortExitCritical                      0x08006328   Section        0  port.o(i.vPortExitCritical)
    i.vPortFree                              0x08006350   Section        0  heap_4.o(i.vPortFree)
    i.vPortSetupTimerInterrupt               0x080063ac   Section        0  port.o(i.vPortSetupTimerInterrupt)
    i.vTaskDelay                             0x080063cc   Section        0  tasks.o(i.vTaskDelay)
    i.vTaskResume                            0x08006418   Section        0  tasks.o(i.vTaskResume)
    i.vTaskStartScheduler                    0x08006494   Section        0  tasks.o(i.vTaskStartScheduler)
    i.vTaskSuspend                           0x080064fc   Section        0  tasks.o(i.vTaskSuspend)
    i.vTaskSuspendAll                        0x080065ac   Section        0  tasks.o(i.vTaskSuspendAll)
    i.vTaskSwitchContext                     0x080065bc   Section        0  tasks.o(i.vTaskSwitchContext)
    i.ws2812_rand_light                      0x08006618   Section        0  ws2812_app.o(i.ws2812_rand_light)
    i.xPortStartScheduler                    0x08006664   Section        0  port.o(i.xPortStartScheduler)
    i.xPortSysTickHandler                    0x080066d8   Section        0  port.o(i.xPortSysTickHandler)
    i.xTaskCreate                            0x08006704   Section        0  tasks.o(i.xTaskCreate)
    i.xTaskGetSchedulerState                 0x0800675c   Section        0  tasks.o(i.xTaskGetSchedulerState)
    i.xTaskIncrementTick                     0x08006778   Section        0  tasks.o(i.xTaskIncrementTick)
    i.xTaskResumeAll                         0x08006840   Section        0  tasks.o(i.xTaskResumeAll)
    .constdata                               0x08006904   Section       60  main.o(.constdata)
    .constdata                               0x08006940   Section       16  system_stm32f1xx.o(.constdata)
    .constdata                               0x08006950   Section        8  system_stm32f1xx.o(.constdata)
    .constdata                               0x08006958   Section       48  cos_i.o(.constdata)
    C                                        0x08006958   Data          48  cos_i.o(.constdata)
    .constdata                               0x08006988   Section      200  rred.o(.constdata)
    pio2s                                    0x08006988   Data          48  rred.o(.constdata)
    twooverpi                                0x080069b8   Data         152  rred.o(.constdata)
    .constdata                               0x08006a50   Section       40  sin_i.o(.constdata)
    S                                        0x08006a50   Data          40  sin_i.o(.constdata)
    .conststring                             0x08006a78   Section       36  main.o(.conststring)
    .data                                    0x20000000   Section       12  main.o(.data)
    .data                                    0x2000000c   Section        4  system_stm32f1xx.o(.data)
    .data                                    0x20000010   Section        4  stm32f1xx_hal.o(.data)
    .data                                    0x20000014   Section      108  bsp_ws2812.o(.data)
    .data                                    0x20000080   Section      512  crc.o(.data)
    .data                                    0x20000280   Section        5  bsp_update.o(.data)
    .data                                    0x20000285   Section        1  ws2812_app.o(.data)
    .data                                    0x20000286   Section        1  fft_app.o(.data)
    .data                                    0x20000288   Section       60  tasks.o(.data)
    uxDeletedTasksWaitingCleanUp             0x2000028c   Data           4  tasks.o(.data)
    uxCurrentNumberOfTasks                   0x20000290   Data           4  tasks.o(.data)
    xTickCount                               0x20000294   Data           4  tasks.o(.data)
    uxTopReadyPriority                       0x20000298   Data           4  tasks.o(.data)
    xSchedulerRunning                        0x2000029c   Data           4  tasks.o(.data)
    uxPendedTicks                            0x200002a0   Data           4  tasks.o(.data)
    xYieldPending                            0x200002a4   Data           4  tasks.o(.data)
    xNumOfOverflows                          0x200002a8   Data           4  tasks.o(.data)
    uxTaskNumber                             0x200002ac   Data           4  tasks.o(.data)
    xNextTaskUnblockTime                     0x200002b0   Data           4  tasks.o(.data)
    xIdleTaskHandle                          0x200002b4   Data           4  tasks.o(.data)
    uxSchedulerSuspended                     0x200002b8   Data           4  tasks.o(.data)
    pxDelayedTaskList                        0x200002bc   Data           4  tasks.o(.data)
    pxOverflowDelayedTaskList                0x200002c0   Data           4  tasks.o(.data)
    .data                                    0x200002c4   Section       12  port.o(.data)
    ucMaxSysCallPriority                     0x200002c4   Data           1  port.o(.data)
    uxCriticalNesting                        0x200002c8   Data           4  port.o(.data)
    ulMaxPRIGROUPValue                       0x200002cc   Data           4  port.o(.data)
    .data                                    0x200002d0   Section       24  heap_4.o(.data)
    pxEnd                                    0x200002d0   Data           4  heap_4.o(.data)
    xFreeBytesRemaining                      0x200002d4   Data           4  heap_4.o(.data)
    xMinimumEverFreeBytesRemaining           0x200002d8   Data           4  heap_4.o(.data)
    xBlockAllocatedBit                       0x200002dc   Data           4  heap_4.o(.data)
    xStart                                   0x200002e0   Data           8  heap_4.o(.data)
    .data                                    0x200002e8   Section        4  rand.o(.data)
    _rand_state                              0x200002e8   Data           4  rand.o(.data)
    .data                                    0x200002ec   Section        4  stdout.o(.data)
    .data                                    0x200002f0   Section        4  errno.o(.data)
    _errno                                   0x200002f0   Data           4  errno.o(.data)
    .bss                                     0x200002f4   Section       48  main.o(.bss)
    .bss                                     0x20000324   Section       68  main.o(.bss)
    .bss                                     0x20000368   Section       88  main.o(.bss)
    .bss                                     0x200003c0   Section       64  main.o(.bss)
    .bss                                     0x20000400   Section       64  main.o(.bss)
    .bss                                     0x20000440   Section       68  main.o(.bss)
    .bss                                     0x20000484   Section       64  main.o(.bss)
    .bss                                     0x200004c4   Section       64  main.o(.bss)
    .bss                                     0x20000504   Section       68  main.o(.bss)
    .bss                                     0x20000548   Section       68  main.o(.bss)
    .bss                                     0x2000058c   Section      964  bsp_ws2812.o(.bss)
    .bss                                     0x20000950   Section     2106  bsp_usart.o(.bss)
    .bss                                     0x2000118a   Section     1024  fft_app.o(.bss)
    .bss                                     0x2000158c   Section      240  tasks.o(.bss)
    pxReadyTasksLists                        0x2000158c   Data         140  tasks.o(.bss)
    xDelayedTaskList1                        0x20001618   Data          20  tasks.o(.bss)
    xDelayedTaskList2                        0x2000162c   Data          20  tasks.o(.bss)
    xPendingReadyList                        0x20001640   Data          20  tasks.o(.bss)
    xTasksWaitingTermination                 0x20001654   Data          20  tasks.o(.bss)
    xSuspendedTaskList                       0x20001668   Data          20  tasks.o(.bss)
    .bss                                     0x2000167c   Section    12000  heap_4.o(.bss)
    ucHeap                                   0x2000167c   Data       12000  heap_4.o(.bss)
    STACK                                    0x20004560   Section     1024  startup_stm32f103xb.o(STACK)

    Global Symbols

    Symbol Name                              Value     Ov Type        Size  Object(Section)

    BuildAttributes$$THM_ISAv4$P$D$K$B$S$PE$A:L22UL41UL21$X:L11$S22US41US21$IEEE1$IW$USESV6$~STKCKD$USESV7$~SHL$OTIME$ROPI$IEEEX$EBA8$MICROLIB$REQ8$PRES8$EABIv2 0x00000000   Number         0  anon$$obj.o ABSOLUTE
    __ARM_use_no_argv                        0x00000000   Number         0  main.o ABSOLUTE
    _printf_a                                0x00000000   Number         0  stubs.o ABSOLUTE
    _printf_c                                0x00000000   Number         0  stubs.o ABSOLUTE
    _printf_charcount                        0x00000000   Number         0  stubs.o ABSOLUTE
    _printf_d                                0x00000000   Number         0  stubs.o ABSOLUTE
    _printf_e                                0x00000000   Number         0  stubs.o ABSOLUTE
    _printf_f                                0x00000000   Number         0  stubs.o ABSOLUTE
    _printf_flags                            0x00000000   Number         0  stubs.o ABSOLUTE
    _printf_fp_dec                           0x00000000   Number         0  stubs.o ABSOLUTE
    _printf_fp_hex                           0x00000000   Number         0  stubs.o ABSOLUTE
    _printf_g                                0x00000000   Number         0  stubs.o ABSOLUTE
    _printf_i                                0x00000000   Number         0  stubs.o ABSOLUTE
    _printf_int_dec                          0x00000000   Number         0  stubs.o ABSOLUTE
    _printf_l                                0x00000000   Number         0  stubs.o ABSOLUTE
    _printf_lc                               0x00000000   Number         0  stubs.o ABSOLUTE
    _printf_ll                               0x00000000   Number         0  stubs.o ABSOLUTE
    _printf_lld                              0x00000000   Number         0  stubs.o ABSOLUTE
    _printf_lli                              0x00000000   Number         0  stubs.o ABSOLUTE
    _printf_llo                              0x00000000   Number         0  stubs.o ABSOLUTE
    _printf_llu                              0x00000000   Number         0  stubs.o ABSOLUTE
    _printf_llx                              0x00000000   Number         0  stubs.o ABSOLUTE
    _printf_longlong_dec                     0x00000000   Number         0  stubs.o ABSOLUTE
    _printf_longlong_hex                     0x00000000   Number         0  stubs.o ABSOLUTE
    _printf_longlong_oct                     0x00000000   Number         0  stubs.o ABSOLUTE
    _printf_ls                               0x00000000   Number         0  stubs.o ABSOLUTE
    _printf_mbtowc                           0x00000000   Number         0  stubs.o ABSOLUTE
    _printf_n                                0x00000000   Number         0  stubs.o ABSOLUTE
    _printf_o                                0x00000000   Number         0  stubs.o ABSOLUTE
    _printf_p                                0x00000000   Number         0  stubs.o ABSOLUTE
    _printf_percent                          0x00000000   Number         0  stubs.o ABSOLUTE
    _printf_pre_padding                      0x00000000   Number         0  stubs.o ABSOLUTE
    _printf_return_value                     0x00000000   Number         0  stubs.o ABSOLUTE
    _printf_s                                0x00000000   Number         0  stubs.o ABSOLUTE
    _printf_sizespec                         0x00000000   Number         0  stubs.o ABSOLUTE
    _printf_str                              0x00000000   Number         0  stubs.o ABSOLUTE
    _printf_truncate_signed                  0x00000000   Number         0  stubs.o ABSOLUTE
    _printf_truncate_unsigned                0x00000000   Number         0  stubs.o ABSOLUTE
    _printf_u                                0x00000000   Number         0  stubs.o ABSOLUTE
    _printf_wc                               0x00000000   Number         0  stubs.o ABSOLUTE
    _printf_wctomb                           0x00000000   Number         0  stubs.o ABSOLUTE
    _printf_widthprec                        0x00000000   Number         0  stubs.o ABSOLUTE
    _printf_x                                0x00000000   Number         0  stubs.o ABSOLUTE
    __cpp_initialize__aeabi_                  - Undefined Weak Reference
    __cxa_finalize                            - Undefined Weak Reference
    _clock_init                               - Undefined Weak Reference
    _microlib_exit                            - Undefined Weak Reference
    __Vectors_Size                           0x000000ec   Number         0  startup_stm32f103xb.o ABSOLUTE
    __Vectors                                0x08000000   Data           4  startup_stm32f103xb.o(RESET)
    __Vectors_End                            0x080000ec   Data           0  startup_stm32f103xb.o(RESET)
    __main                                   0x080000ed   Thumb Code     0  entry.o(.ARM.Collect$$$$00000000)
    _main_stk                                0x080000ed   Thumb Code     0  entry2.o(.ARM.Collect$$$$00000001)
    _main_scatterload                        0x080000f1   Thumb Code     0  entry5.o(.ARM.Collect$$$$00000004)
    __main_after_scatterload                 0x080000f5   Thumb Code     0  entry5.o(.ARM.Collect$$$$00000004)
    _main_clock                              0x080000f5   Thumb Code     0  entry7b.o(.ARM.Collect$$$$00000008)
    _main_cpp_init                           0x080000f5   Thumb Code     0  entry8b.o(.ARM.Collect$$$$0000000A)
    _main_init                               0x080000f5   Thumb Code     0  entry9a.o(.ARM.Collect$$$$0000000B)
    __rt_final_cpp                           0x080000fd   Thumb Code     0  entry10a.o(.ARM.Collect$$$$0000000D)
    __rt_final_exit                          0x080000fd   Thumb Code     0  entry11a.o(.ARM.Collect$$$$0000000F)
    SVC_Handler                              0x08000101   Thumb Code    32  port.o(.emb_text)
    __asm___6_port_c_39a90d8d__prvStartFirstTask 0x08000125   Thumb Code    28  port.o(.emb_text)
    PendSV_Handler                           0x08000145   Thumb Code    72  port.o(.emb_text)
    vPortGetIPSR                             0x08000191   Thumb Code     6  port.o(.emb_text)
    Reset_Handler                            0x08000199   Thumb Code     8  startup_stm32f103xb.o(.text)
    CAN1_RX1_IRQHandler                      0x080001b3   Thumb Code     0  startup_stm32f103xb.o(.text)
    CAN1_SCE_IRQHandler                      0x080001b3   Thumb Code     0  startup_stm32f103xb.o(.text)
    DMA1_Channel4_IRQHandler                 0x080001b3   Thumb Code     0  startup_stm32f103xb.o(.text)
    DMA1_Channel6_IRQHandler                 0x080001b3   Thumb Code     0  startup_stm32f103xb.o(.text)
    DMA1_Channel7_IRQHandler                 0x080001b3   Thumb Code     0  startup_stm32f103xb.o(.text)
    EXTI0_IRQHandler                         0x080001b3   Thumb Code     0  startup_stm32f103xb.o(.text)
    EXTI15_10_IRQHandler                     0x080001b3   Thumb Code     0  startup_stm32f103xb.o(.text)
    EXTI1_IRQHandler                         0x080001b3   Thumb Code     0  startup_stm32f103xb.o(.text)
    EXTI2_IRQHandler                         0x080001b3   Thumb Code     0  startup_stm32f103xb.o(.text)
    EXTI3_IRQHandler                         0x080001b3   Thumb Code     0  startup_stm32f103xb.o(.text)
    EXTI4_IRQHandler                         0x080001b3   Thumb Code     0  startup_stm32f103xb.o(.text)
    EXTI9_5_IRQHandler                       0x080001b3   Thumb Code     0  startup_stm32f103xb.o(.text)
    FLASH_IRQHandler                         0x080001b3   Thumb Code     0  startup_stm32f103xb.o(.text)
    I2C1_ER_IRQHandler                       0x080001b3   Thumb Code     0  startup_stm32f103xb.o(.text)
    I2C1_EV_IRQHandler                       0x080001b3   Thumb Code     0  startup_stm32f103xb.o(.text)
    I2C2_ER_IRQHandler                       0x080001b3   Thumb Code     0  startup_stm32f103xb.o(.text)
    I2C2_EV_IRQHandler                       0x080001b3   Thumb Code     0  startup_stm32f103xb.o(.text)
    PVD_IRQHandler                           0x080001b3   Thumb Code     0  startup_stm32f103xb.o(.text)
    RCC_IRQHandler                           0x080001b3   Thumb Code     0  startup_stm32f103xb.o(.text)
    RTC_Alarm_IRQHandler                     0x080001b3   Thumb Code     0  startup_stm32f103xb.o(.text)
    RTC_IRQHandler                           0x080001b3   Thumb Code     0  startup_stm32f103xb.o(.text)
    SPI1_IRQHandler                          0x080001b3   Thumb Code     0  startup_stm32f103xb.o(.text)
    SPI2_IRQHandler                          0x080001b3   Thumb Code     0  startup_stm32f103xb.o(.text)
    TAMPER_IRQHandler                        0x080001b3   Thumb Code     0  startup_stm32f103xb.o(.text)
    TIM1_BRK_IRQHandler                      0x080001b3   Thumb Code     0  startup_stm32f103xb.o(.text)
    TIM1_CC_IRQHandler                       0x080001b3   Thumb Code     0  startup_stm32f103xb.o(.text)
    TIM1_TRG_COM_IRQHandler                  0x080001b3   Thumb Code     0  startup_stm32f103xb.o(.text)
    TIM1_UP_IRQHandler                       0x080001b3   Thumb Code     0  startup_stm32f103xb.o(.text)
    TIM4_IRQHandler                          0x080001b3   Thumb Code     0  startup_stm32f103xb.o(.text)
    USART1_IRQHandler                        0x080001b3   Thumb Code     0  startup_stm32f103xb.o(.text)
    USART2_IRQHandler                        0x080001b3   Thumb Code     0  startup_stm32f103xb.o(.text)
    USBWakeUp_IRQHandler                     0x080001b3   Thumb Code     0  startup_stm32f103xb.o(.text)
    USB_HP_CAN1_TX_IRQHandler                0x080001b3   Thumb Code     0  startup_stm32f103xb.o(.text)
    USB_LP_CAN1_RX0_IRQHandler               0x080001b3   Thumb Code     0  startup_stm32f103xb.o(.text)
    WWDG_IRQHandler                          0x080001b3   Thumb Code     0  startup_stm32f103xb.o(.text)
    __aeabi_llsr                             0x080001bd   Thumb Code    32  llushr.o(.text)
    _ll_ushift_r                             0x080001bd   Thumb Code     0  llushr.o(.text)
    rand                                     0x080001dd   Thumb Code    20  rand.o(.text)
    srand                                    0x080001f1   Thumb Code     6  rand.o(.text)
    __aeabi_memcpy                           0x08000201   Thumb Code    36  memcpya.o(.text)
    __aeabi_memcpy4                          0x08000201   Thumb Code     0  memcpya.o(.text)
    __aeabi_memcpy8                          0x08000201   Thumb Code     0  memcpya.o(.text)
    __aeabi_memset                           0x08000225   Thumb Code    14  memseta.o(.text)
    __aeabi_memset4                          0x08000225   Thumb Code     0  memseta.o(.text)
    __aeabi_memset8                          0x08000225   Thumb Code     0  memseta.o(.text)
    __aeabi_memclr                           0x08000233   Thumb Code     4  memseta.o(.text)
    __aeabi_memclr4                          0x08000233   Thumb Code     0  memseta.o(.text)
    __aeabi_memclr8                          0x08000233   Thumb Code     0  memseta.o(.text)
    _memset$wrapper                          0x08000237   Thumb Code    18  memseta.o(.text)
    __aeabi_fmul                             0x08000249   Thumb Code   100  fmul.o(.text)
    __aeabi_dadd                             0x080002ad   Thumb Code   322  dadd.o(.text)
    __aeabi_dsub                             0x080003ef   Thumb Code     6  dadd.o(.text)
    __aeabi_drsub                            0x080003f5   Thumb Code     6  dadd.o(.text)
    __aeabi_dmul                             0x080003fb   Thumb Code   228  dmul.o(.text)
    __aeabi_ddiv                             0x080004df   Thumb Code   222  ddiv.o(.text)
    __ARM_scalbn                             0x080005bd   Thumb Code    46  dscalb.o(.text)
    scalbn                                   0x080005bd   Thumb Code     0  dscalb.o(.text)
    __aeabi_ui2f                             0x080005eb   Thumb Code    10  ffltui.o(.text)
    __aeabi_ui2d                             0x080005f5   Thumb Code    26  dfltui.o(.text)
    __aeabi_d2uiz                            0x0800060f   Thumb Code    50  dfixui.o(.text)
    __aeabi_f2d                              0x08000641   Thumb Code    38  f2d.o(.text)
    __aeabi_cdcmpeq                          0x08000669   Thumb Code     0  cdcmple.o(.text)
    __aeabi_cdcmple                          0x08000669   Thumb Code    48  cdcmple.o(.text)
    __aeabi_cdrcmple                         0x08000699   Thumb Code    48  cdrcmple.o(.text)
    __aeabi_d2f                              0x080006c9   Thumb Code    56  d2f.o(.text)
    __aeabi_uldivmod                         0x08000701   Thumb Code    98  uldiv.o(.text)
    __aeabi_llsl                             0x08000763   Thumb Code    30  llshl.o(.text)
    _ll_shift_l                              0x08000763   Thumb Code     0  llshl.o(.text)
    __aeabi_lasr                             0x08000781   Thumb Code    36  llsshr.o(.text)
    _ll_sshift_r                             0x08000781   Thumb Code     0  llsshr.o(.text)
    __I$use$fp                               0x080007a5   Thumb Code     0  iusefp.o(.text)
    _float_round                             0x080007a5   Thumb Code    18  fepilogue.o(.text)
    _float_epilogue                          0x080007b7   Thumb Code    92  fepilogue.o(.text)
    _double_round                            0x08000813   Thumb Code    30  depilogue.o(.text)
    _double_epilogue                         0x08000831   Thumb Code   156  depilogue.o(.text)
    __scatterload                            0x080008cd   Thumb Code    28  init.o(.text)
    __scatterload_rt2                        0x080008cd   Thumb Code     0  init.o(.text)
    __aeabi_i2d                              0x080008f1   Thumb Code    34  dflti.o(.text)
    __aeabi_d2iz                             0x08000913   Thumb Code    62  dfixi.o(.text)
    __decompress                             0x08000951   Thumb Code     0  __dczerorl.o(.text)
    __decompress0                            0x08000951   Thumb Code    58  __dczerorl.o(.text)
    ADC1_2_IRQHandler                        0x0800098d   Thumb Code     6  stm32f1xx_it.o(i.ADC1_2_IRQHandler)
    ADC_ConversionStop_Disable               0x08000999   Thumb Code    76  stm32f1xx_hal_adc.o(i.ADC_ConversionStop_Disable)
    APP_TASK                                 0x080009e5   Thumb Code    28  freertos.o(i.APP_TASK)
    BusFault_Handler                         0x08000a05   Thumb Code     2  stm32f1xx_it.o(i.BusFault_Handler)
    Calc_CRC16                               0x08000a09   Thumb Code    40  crc.o(i.Calc_CRC16)
    DMA1_Channel1_IRQHandler                 0x08000a35   Thumb Code    62  fft_app.o(i.DMA1_Channel1_IRQHandler)
    DMA1_Channel2_IRQHandler                 0x08000a8d   Thumb Code     6  stm32f1xx_it.o(i.DMA1_Channel2_IRQHandler)
    DMA1_Channel3_IRQHandler                 0x08000a99   Thumb Code     6  stm32f1xx_it.o(i.DMA1_Channel3_IRQHandler)
    DMA1_Channel5_IRQHandler                 0x08000aa5   Thumb Code   126  bsp_ws2812.o(i.DMA1_Channel5_IRQHandler)
    DMA_Callback_init                        0x08000b35   Thumb Code    14  bsp_ws2812.o(i.DMA_Callback_init)
    DMA_CpltCallback                         0x08000b43   Thumb Code     2  bsp_ws2812.o(i.DMA_CpltCallback)
    DMA_HalfCpltCallback                     0x08000b45   Thumb Code     2  bsp_ws2812.o(i.DMA_HalfCpltCallback)
    DMA_RegisterCpltCallback                 0x08000b49   Thumb Code    10  bsp_ws2812.o(i.DMA_RegisterCpltCallback)
    DMA_RegisterHalfCallback                 0x08000b5d   Thumb Code    10  bsp_ws2812.o(i.DMA_RegisterHalfCallback)
    DMA_START                                0x08000b71   Thumb Code    28  bsp_usart.o(i.DMA_START)
    DMA_USART_IDLE_INIT                      0x08000bb9   Thumb Code     8  bsp_usart.o(i.DMA_USART_IDLE_INIT)
    DMA_WS2812_Mie                           0x08000bc9   Thumb Code    88  bsp_ws2812.o(i.DMA_WS2812_Mie)
    DMA_WS2812_Ramp                          0x08000c2d   Thumb Code    74  ws2812_app.o(i.DMA_WS2812_Ramp)
    DMA_WS2812_Rampping                      0x08000c79   Thumb Code    82  ws2812_app.o(i.DMA_WS2812_Rampping)
    DMA_WS2812_Rampping_1                    0x08000cd1   Thumb Code   126  ws2812_app.o(i.DMA_WS2812_Rampping_1)
    DMA_WS2812_Reset                         0x08000d61   Thumb Code    58  bsp_ws2812.o(i.DMA_WS2812_Reset)
    DMA_WS2812_Run                           0x08000dad   Thumb Code   166  ws2812_app.o(i.DMA_WS2812_Run)
    DMA_WS2812_Running                       0x08000e59   Thumb Code   136  ws2812_app.o(i.DMA_WS2812_Running)
    DMA_WS2812_Running_more                  0x08000ee1   Thumb Code   138  ws2812_app.o(i.DMA_WS2812_Running_more)
    DMA_WS2812_SIN                           0x08000f6d   Thumb Code   142  bsp_ws2812.o(i.DMA_WS2812_SIN)
    DMA_WS2812_SIN_More                      0x08001015   Thumb Code   178  bsp_ws2812.o(i.DMA_WS2812_SIN_More)
    DMA_WS2812_circulation                   0x080010e1   Thumb Code    76  ws2812_app.o(i.DMA_WS2812_circulation)
    DMA_WS2812_circulation_buf               0x0800112d   Thumb Code   162  ws2812_app.o(i.DMA_WS2812_circulation_buf)
    DMA_WS2812_circulation_buf_more          0x080011d5   Thumb Code   950  ws2812_app.o(i.DMA_WS2812_circulation_buf_more)
    DMA_WS2812_circulation_more              0x08001591   Thumb Code   158  ws2812_app.o(i.DMA_WS2812_circulation_more)
    DMA_WS2812_data_refresh                  0x08001635   Thumb Code     4  ws2812_app.o(i.DMA_WS2812_data_refresh)
    DMA_WS2812_data_shift                    0x08001639   Thumb Code   122  bsp_ws2812.o(i.DMA_WS2812_data_shift)
    DMA_WS2812_data_shift_light              0x080016b9   Thumb Code    88  bsp_ws2812.o(i.DMA_WS2812_data_shift_light)
    DMA_WS2812_data_shift_more               0x08001715   Thumb Code   146  bsp_ws2812.o(i.DMA_WS2812_data_shift_more)
    DMA_WS2812_light                         0x080017ad   Thumb Code    72  bsp_ws2812.o(i.DMA_WS2812_light)
    DMA_WS2812_shade_light                   0x08001805   Thumb Code    44  ws2812_app.o(i.DMA_WS2812_shade_light)
    DMA_WS2812_shade_logo                    0x08001831   Thumb Code  1130  ws2812_app.o(i.DMA_WS2812_shade_logo)
    DebugMon_Handler                         0x08001c9b   Thumb Code     2  stm32f1xx_it.o(i.DebugMon_Handler)
    FFT_TASK                                 0x08001c9d   Thumb Code    38  freertos.o(i.FFT_TASK)
    GRBTOPWM                                 0x08001cc9   Thumb Code   148  bsp_ws2812.o(i.GRBTOPWM)
    HAL_ADCEx_InjectedConvCpltCallback       0x08001d65   Thumb Code     2  stm32f1xx_hal_adc_ex.o(i.HAL_ADCEx_InjectedConvCpltCallback)
    HAL_ADC_ConfigChannel                    0x08001d69   Thumb Code   240  stm32f1xx_hal_adc.o(i.HAL_ADC_ConfigChannel)
    HAL_ADC_ConvCpltCallback                 0x08001e65   Thumb Code     2  fft_app.o(i.HAL_ADC_ConvCpltCallback)
    HAL_ADC_IRQHandler                       0x08001e67   Thumb Code   230  stm32f1xx_hal_adc.o(i.HAL_ADC_IRQHandler)
    HAL_ADC_Init                             0x08001f4d   Thumb Code   272  stm32f1xx_hal_adc.o(i.HAL_ADC_Init)
    HAL_ADC_LevelOutOfWindowCallback         0x08002069   Thumb Code     2  stm32f1xx_hal_adc.o(i.HAL_ADC_LevelOutOfWindowCallback)
    HAL_ADC_MspInit                          0x0800206d   Thumb Code   102  stm32f1xx_hal_msp.o(i.HAL_ADC_MspInit)
    HAL_ADC_Stop_DMA                         0x08002105   Thumb Code    76  stm32f1xx_hal_adc.o(i.HAL_ADC_Stop_DMA)
    HAL_DMA_Abort                            0x08002151   Thumb Code    48  stm32f1xx_hal_dma.o(i.HAL_DMA_Abort)
    HAL_DMA_Abort_IT                         0x08002181   Thumb Code   148  stm32f1xx_hal_dma.o(i.HAL_DMA_Abort_IT)
    HAL_DMA_IRQHandler                       0x08002219   Thumb Code   316  stm32f1xx_hal_dma.o(i.HAL_DMA_IRQHandler)
    HAL_DMA_Init                             0x0800236d   Thumb Code    92  stm32f1xx_hal_dma.o(i.HAL_DMA_Init)
    HAL_DMA_RegisterCallback                 0x080023d1   Thumb Code    74  stm32f1xx_hal_dma.o(i.HAL_DMA_RegisterCallback)
    HAL_DMA_Start_IT                         0x0800241b   Thumb Code   112  stm32f1xx_hal_dma.o(i.HAL_DMA_Start_IT)
    HAL_Delay                                0x0800248b   Thumb Code    28  stm32f1xx_hal.o(i.HAL_Delay)
    HAL_GPIO_Init                            0x080024a9   Thumb Code   408  stm32f1xx_hal_gpio.o(i.HAL_GPIO_Init)
    HAL_GPIO_WritePin                        0x08002665   Thumb Code    10  stm32f1xx_hal_gpio.o(i.HAL_GPIO_WritePin)
    HAL_GetTick                              0x08002671   Thumb Code     6  stm32f1xx_hal.o(i.HAL_GetTick)
    HAL_IncTick                              0x0800267d   Thumb Code    10  stm32f1xx_hal.o(i.HAL_IncTick)
    HAL_Init                                 0x0800268d   Thumb Code    32  stm32f1xx_hal.o(i.HAL_Init)
    HAL_InitTick                             0x080026b1   Thumb Code    34  stm32f1xx_hal.o(i.HAL_InitTick)
    HAL_MspInit                              0x080026d9   Thumb Code   122  stm32f1xx_hal_msp.o(i.HAL_MspInit)
    HAL_NVIC_EnableIRQ                       0x0800275d   Thumb Code    22  stm32f1xx_hal_cortex.o(i.HAL_NVIC_EnableIRQ)
    HAL_NVIC_SetPriority                     0x08002775   Thumb Code    60  stm32f1xx_hal_cortex.o(i.HAL_NVIC_SetPriority)
    HAL_NVIC_SetPriorityGrouping             0x080027b5   Thumb Code    26  stm32f1xx_hal_cortex.o(i.HAL_NVIC_SetPriorityGrouping)
    HAL_RCCEx_PeriphCLKConfig                0x080027d9   Thumb Code   224  stm32f1xx_hal_rcc_ex.o(i.HAL_RCCEx_PeriphCLKConfig)
    HAL_RCC_CSSCallback                      0x080028c5   Thumb Code     2  stm32f1xx_hal_rcc.o(i.HAL_RCC_CSSCallback)
    HAL_RCC_ClockConfig                      0x080028c9   Thumb Code   322  stm32f1xx_hal_rcc.o(i.HAL_RCC_ClockConfig)
    HAL_RCC_EnableCSS                        0x08002a1d   Thumb Code     8  stm32f1xx_hal_rcc.o(i.HAL_RCC_EnableCSS)
    HAL_RCC_GetHCLKFreq                      0x08002a29   Thumb Code     6  stm32f1xx_hal_rcc.o(i.HAL_RCC_GetHCLKFreq)
    HAL_RCC_GetPCLK1Freq                     0x08002a35   Thumb Code    20  stm32f1xx_hal_rcc.o(i.HAL_RCC_GetPCLK1Freq)
    HAL_RCC_GetPCLK2Freq                     0x08002a55   Thumb Code    20  stm32f1xx_hal_rcc.o(i.HAL_RCC_GetPCLK2Freq)
    HAL_RCC_GetSysClockFreq                  0x08002a75   Thumb Code    74  stm32f1xx_hal_rcc.o(i.HAL_RCC_GetSysClockFreq)
    HAL_RCC_NMI_IRQHandler                   0x08002ae1   Thumb Code    20  stm32f1xx_hal_rcc.o(i.HAL_RCC_NMI_IRQHandler)
    HAL_RCC_OscConfig                        0x08002af9   Thumb Code   750  stm32f1xx_hal_rcc.o(i.HAL_RCC_OscConfig)
    HAL_SPI_Init                             0x08002dfd   Thumb Code   130  stm32f1xx_hal_spi_ex.o(i.HAL_SPI_Init)
    HAL_SPI_MspInit                          0x08002e81   Thumb Code    74  stm32f1xx_hal_msp.o(i.HAL_SPI_MspInit)
    HAL_SYSTICK_CLKSourceConfig              0x08002ed9   Thumb Code    24  stm32f1xx_hal_cortex.o(i.HAL_SYSTICK_CLKSourceConfig)
    HAL_SYSTICK_Config                       0x08002ef1   Thumb Code    40  stm32f1xx_hal_cortex.o(i.HAL_SYSTICK_Config)
    HAL_TIMEx_BreakCallback                  0x08002f19   Thumb Code     2  stm32f1xx_hal_tim_ex.o(i.HAL_TIMEx_BreakCallback)
    HAL_TIMEx_CommutationCallback            0x08002f1b   Thumb Code     2  stm32f1xx_hal_tim_ex.o(i.HAL_TIMEx_CommutationCallback)
    HAL_TIMEx_MasterConfigSynchronization    0x08002f1d   Thumb Code    80  stm32f1xx_hal_tim_ex.o(i.HAL_TIMEx_MasterConfigSynchronization)
    HAL_TIM_Base_Init                        0x08002f6d   Thumb Code    54  stm32f1xx_hal_tim.o(i.HAL_TIM_Base_Init)
    HAL_TIM_Base_MspInit                     0x08002fa5   Thumb Code   108  stm32f1xx_hal_msp.o(i.HAL_TIM_Base_MspInit)
    HAL_TIM_ConfigClockSource                0x0800303d   Thumb Code   242  stm32f1xx_hal_tim.o(i.HAL_TIM_ConfigClockSource)
    HAL_TIM_ErrorCallback                    0x0800312f   Thumb Code     2  stm32f1xx_hal_tim.o(i.HAL_TIM_ErrorCallback)
    HAL_TIM_IC_CaptureCallback               0x08003131   Thumb Code     2  stm32f1xx_hal_tim.o(i.HAL_TIM_IC_CaptureCallback)
    HAL_TIM_IRQHandler                       0x08003133   Thumb Code   358  stm32f1xx_hal_tim.o(i.HAL_TIM_IRQHandler)
    HAL_TIM_MspPostInit                      0x08003299   Thumb Code    50  stm32f1xx_hal_msp.o(i.HAL_TIM_MspPostInit)
    HAL_TIM_OC_DelayElapsedCallback          0x080032d5   Thumb Code     2  stm32f1xx_hal_tim.o(i.HAL_TIM_OC_DelayElapsedCallback)
    HAL_TIM_PWM_ConfigChannel                0x080032d7   Thumb Code   208  stm32f1xx_hal_tim.o(i.HAL_TIM_PWM_ConfigChannel)
    HAL_TIM_PWM_Init                         0x080033a7   Thumb Code    54  stm32f1xx_hal_tim.o(i.HAL_TIM_PWM_Init)
    HAL_TIM_PWM_MspInit                      0x080033dd   Thumb Code     2  stm32f1xx_hal_tim.o(i.HAL_TIM_PWM_MspInit)
    HAL_TIM_PWM_PulseFinishedCallback        0x080033df   Thumb Code     2  bsp_tim.o(i.HAL_TIM_PWM_PulseFinishedCallback)
    HAL_TIM_PWM_Start_DMA                    0x080033e1   Thumb Code   216  stm32f1xx_hal_tim.o(i.HAL_TIM_PWM_Start_DMA)
    HAL_TIM_PWM_Stop_DMA                     0x080034c5   Thumb Code   128  stm32f1xx_hal_tim.o(i.HAL_TIM_PWM_Stop_DMA)
    HAL_TIM_PeriodElapsedCallback            0x08003549   Thumb Code     2  bsp_tim.o(i.HAL_TIM_PeriodElapsedCallback)
    HAL_TIM_TriggerCallback                  0x0800354b   Thumb Code     2  stm32f1xx_hal_tim.o(i.HAL_TIM_TriggerCallback)
    HAL_UART_DMAStop                         0x0800354d   Thumb Code    88  stm32f1xx_hal_uart.o(i.HAL_UART_DMAStop)
    HAL_UART_ErrorCallback                   0x080035a5   Thumb Code     2  stm32f1xx_hal_uart.o(i.HAL_UART_ErrorCallback)
    HAL_UART_IRQHandler                      0x080035a9   Thumb Code   266  stm32f1xx_hal_uart.o(i.HAL_UART_IRQHandler)
    HAL_UART_Init                            0x080036b9   Thumb Code    98  stm32f1xx_hal_uart.o(i.HAL_UART_Init)
    HAL_UART_MspInit                         0x0800371d   Thumb Code   220  stm32f1xx_hal_msp.o(i.HAL_UART_MspInit)
    HAL_UART_Receive_DMA                     0x08003835   Thumb Code   138  stm32f1xx_hal_uart.o(i.HAL_UART_Receive_DMA)
    HAL_UART_RxCpltCallback                  0x080038cd   Thumb Code     2  bsp_usart.o(i.HAL_UART_RxCpltCallback)
    HAL_UART_RxHalfCpltCallback              0x080038cf   Thumb Code     2  stm32f1xx_hal_uart.o(i.HAL_UART_RxHalfCpltCallback)
    HAL_UART_Transmit                        0x080038d1   Thumb Code   186  stm32f1xx_hal_uart.o(i.HAL_UART_Transmit)
    HAL_UART_Transmit_DMA                    0x0800398d   Thumb Code   114  stm32f1xx_hal_uart.o(i.HAL_UART_Transmit_DMA)
    HAL_UART_TxCpltCallback                  0x08003a0d   Thumb Code     2  stm32f1xx_hal_uart.o(i.HAL_UART_TxCpltCallback)
    HAL_UART_TxHalfCpltCallback              0x08003a0f   Thumb Code     2  stm32f1xx_hal_uart.o(i.HAL_UART_TxHalfCpltCallback)
    HLS2RGBvalue                             0x08003a11   Thumb Code   216  bsp_ws2812.o(i.HLS2RGBvalue)
    HLS_TO_RGB_ALL                           0x08003af9   Thumb Code   462  bsp_ws2812.o(i.HLS_TO_RGB_ALL)
    HLS_TO_RGB_ONE                           0x08003cdd   Thumb Code   420  bsp_ws2812.o(i.HLS_TO_RGB_ONE)
    HardFault_Handler                        0x08003e95   Thumb Code     2  stm32f1xx_it.o(i.HardFault_Handler)
    MX_ADC1_Init                             0x08003e99   Thumb Code    72  bsp_adc.o(i.MX_ADC1_Init)
    MX_DMA_Init                              0x08003efd   Thumb Code    56  bsp_dma.o(i.MX_DMA_Init)
    MX_GPIO_Init                             0x08003f39   Thumb Code   144  bsp_gpio.o(i.MX_GPIO_Init)
    MX_SPI1_Init                             0x08004041   Thumb Code    66  bsp_nrf24l01.o(i.MX_SPI1_Init)
    MX_TIM2_Init                             0x080040a5   Thumb Code   142  bsp_tim.o(i.MX_TIM2_Init)
    MX_TIM3_Init                             0x0800414d   Thumb Code    94  bsp_tim.o(i.MX_TIM3_Init)
    MX_USART1_UART_Init                      0x080041c9   Thumb Code    52  bsp_usart.o(i.MX_USART1_UART_Init)
    MX_USART3_UART_Init                      0x08004219   Thumb Code    52  bsp_usart.o(i.MX_USART3_UART_Init)
    MemManage_Handler                        0x08004269   Thumb Code     2  stm32f1xx_it.o(i.MemManage_Handler)
    NMI_Handler                              0x0800426b   Thumb Code     4  stm32f1xx_it.o(i.NMI_Handler)
    SET_PWM_DMA_DODE                         0x08004291   Thumb Code    78  bsp_ws2812.o(i.SET_PWM_DMA_DODE)
    SysTick_Handler                          0x08004305   Thumb Code    14  stm32f1xx_it.o(i.SysTick_Handler)
    SystemClock_Config                       0x08004313   Thumb Code   126  main.o(i.SystemClock_Config)
    SystemInit                               0x08004391   Thumb Code    56  system_stm32f1xx.o(i.SystemInit)
    TIM2_IRQHandler                          0x080043d9   Thumb Code     6  stm32f1xx_it.o(i.TIM2_IRQHandler)
    TIM3_IRQHandler                          0x080043e5   Thumb Code     6  stm32f1xx_it.o(i.TIM3_IRQHandler)
    TIM_Base_SetConfig                       0x080043f1   Thumb Code    94  stm32f1xx_hal_tim.o(i.TIM_Base_SetConfig)
    TIM_CCxChannelCmd                        0x0800445d   Thumb Code    22  stm32f1xx_hal_tim.o(i.TIM_CCxChannelCmd)
    TIM_DMADelayPulseCplt                    0x08004473   Thumb Code    62  stm32f1xx_hal_tim.o(i.TIM_DMADelayPulseCplt)
    TIM_DMAError                             0x080044b1   Thumb Code    16  stm32f1xx_hal_tim.o(i.TIM_DMAError)
    TIM_OC2_SetConfig                        0x08004535   Thumb Code    84  stm32f1xx_hal_tim.o(i.TIM_OC2_SetConfig)
    USART3_IRQHandler                        0x08004a45   Thumb Code    20  stm32f1xx_it.o(i.USART3_IRQHandler)
    UsageFault_Handler                       0x08004a61   Thumb Code     2  stm32f1xx_it.o(i.UsageFault_Handler)
    UsartReceive_IDLE                        0x08004a63   Thumb Code    62  bsp_usart.o(i.UsartReceive_IDLE)
    Usart_Logo_data_                         0x08004aa1   Thumb Code   402  bsp_update.o(i.Usart_Logo_data_)
    WS128_TASK                               0x08004c91   Thumb Code   142  freertos.o(i.WS128_TASK)
    _Error_Handler                           0x08004d25   Thumb Code     2  main.o(i._Error_Handler)
    __0printf$8                              0x08004d29   Thumb Code    22  printf8.o(i.__0printf$8)
    __1printf$8                              0x08004d29   Thumb Code     0  printf8.o(i.__0printf$8)
    __2printf                                0x08004d29   Thumb Code     0  printf8.o(i.__0printf$8)
    __ARM_fpclassify                         0x08004d49   Thumb Code    40  fpclassify.o(i.__ARM_fpclassify)
    __ieee754_rem_pio2                       0x08004d71   Thumb Code   828  rred.o(i.__ieee754_rem_pio2)
    __kernel_cos                             0x080050f9   Thumb Code   230  cos_i.o(i.__kernel_cos)
    __kernel_poly                            0x080051f5   Thumb Code   170  poly.o(i.__kernel_poly)
    __kernel_sin                             0x080052a1   Thumb Code   224  sin_i.o(i.__kernel_sin)
    __mathlib_dbl_infnan                     0x0800538d   Thumb Code     6  dunder.o(i.__mathlib_dbl_infnan)
    __mathlib_dbl_invalid                    0x08005393   Thumb Code    12  dunder.o(i.__mathlib_dbl_invalid)
    __mathlib_dbl_underflow                  0x080053a1   Thumb Code    10  dunder.o(i.__mathlib_dbl_underflow)
    __scatterload_copy                       0x080053b1   Thumb Code    14  handlers.o(i.__scatterload_copy)
    __scatterload_null                       0x080053bf   Thumb Code     2  handlers.o(i.__scatterload_null)
    __scatterload_zeroinit                   0x080053c1   Thumb Code    14  handlers.o(i.__scatterload_zeroinit)
    __set_errno                              0x080053d1   Thumb Code     6  errno.o(i.__set_errno)
    arrange_display                          0x08005841   Thumb Code   222  ws2812_app.o(i.arrange_display)
    arrange_display_two                      0x08005931   Thumb Code   330  ws2812_app.o(i.arrange_display_two)
    fputc                                    0x08005a8d   Thumb Code    20  bsp_usart.o(i.fputc)
    main                                     0x08005aa5   Thumb Code   118  main.o(i.main)
    osDelay                                  0x08005b31   Thumb Code    14  cmsis_os.o(i.osDelay)
    osKernelStart                            0x08005b3f   Thumb Code    10  cmsis_os.o(i.osKernelStart)
    osSystickHandler                         0x08005b49   Thumb Code    20  cmsis_os.o(i.osSystickHandler)
    osThreadCreate                           0x08005b5d   Thumb Code    46  cmsis_os.o(i.osThreadCreate)
    pvPortMalloc                             0x08005ef9   Thumb Code   210  heap_4.o(i.pvPortMalloc)
    pxPortInitialiseStack                    0x08005fd1   Thumb Code    32  port.o(i.pxPortInitialiseStack)
    rand_buff_data                           0x08005ff5   Thumb Code   152  bsp_ws2812.o(i.rand_buff_data)
    reset_led_light                          0x0800609d   Thumb Code    38  bsp_ws2812.o(i.reset_led_light)
    shift_buf_to_data_one                    0x080060c9   Thumb Code   120  bsp_ws2812.o(i.shift_buf_to_data_one)
    shift_buf_to_data_two                    0x08006145   Thumb Code   120  bsp_ws2812.o(i.shift_buf_to_data_two)
    sin                                      0x080061c1   Thumb Code   150  sin.o(i.sin)
    uxListRemove                             0x08006261   Thumb Code    36  list.o(i.uxListRemove)
    vListInitialise                          0x08006285   Thumb Code    22  list.o(i.vListInitialise)
    vListInitialiseItem                      0x0800629b   Thumb Code     6  list.o(i.vListInitialiseItem)
    vListInsert                              0x080062a1   Thumb Code    48  list.o(i.vListInsert)
    vListInsertEnd                           0x080062d1   Thumb Code    24  list.o(i.vListInsertEnd)
    vPortEnterCritical                       0x080062e9   Thumb Code    54  port.o(i.vPortEnterCritical)
    vPortExitCritical                        0x08006329   Thumb Code    34  port.o(i.vPortExitCritical)
    vPortFree                                0x08006351   Thumb Code    88  heap_4.o(i.vPortFree)
    vPortSetupTimerInterrupt                 0x080063ad   Thumb Code    26  port.o(i.vPortSetupTimerInterrupt)
    vTaskDelay                               0x080063cd   Thumb Code    66  tasks.o(i.vTaskDelay)
    vTaskResume                              0x08006419   Thumb Code   112  tasks.o(i.vTaskResume)
    vTaskStartScheduler                      0x08006495   Thumb Code    86  tasks.o(i.vTaskStartScheduler)
    vTaskSuspend                             0x080064fd   Thumb Code   162  tasks.o(i.vTaskSuspend)
    vTaskSuspendAll                          0x080065ad   Thumb Code    10  tasks.o(i.vTaskSuspendAll)
    vTaskSwitchContext                       0x080065bd   Thumb Code    82  tasks.o(i.vTaskSwitchContext)
    ws2812_rand_light                        0x08006619   Thumb Code    74  ws2812_app.o(i.ws2812_rand_light)
    xPortStartScheduler                      0x08006665   Thumb Code   102  port.o(i.xPortStartScheduler)
    xPortSysTickHandler                      0x080066d9   Thumb Code    38  port.o(i.xPortSysTickHandler)
    xTaskCreate                              0x08006705   Thumb Code    86  tasks.o(i.xTaskCreate)
    xTaskGetSchedulerState                   0x0800675d   Thumb Code    22  tasks.o(i.xTaskGetSchedulerState)
    xTaskIncrementTick                       0x08006779   Thumb Code   192  tasks.o(i.xTaskIncrementTick)
    xTaskResumeAll                           0x08006841   Thumb Code   182  tasks.o(i.xTaskResumeAll)
    AHBPrescTable                            0x08006940   Data          16  system_stm32f1xx.o(.constdata)
    APBPrescTable                            0x08006950   Data           8  system_stm32f1xx.o(.constdata)
    Region$$Table$$Base                      0x08006a9c   Number         0  anon$$obj.o(Region$$Table)
    Region$$Table$$Limit                     0x08006abc   Number         0  anon$$obj.o(Region$$Table)
    defaultTaskHandle                        0x20000000   Data           4  main.o(.data)
    WS12TASKHandle                           0x20000004   Data           4  main.o(.data)
    myTask03Handle                           0x20000008   Data           4  main.o(.data)
    SystemCoreClock                          0x2000000c   Data           4  system_stm32f1xx.o(.data)
    uwTick                                   0x20000010   Data           4  stm32f1xx_hal.o(.data)
    reset_flag                               0x20000014   Data           1  bsp_ws2812.o(.data)
    mie_flag                                 0x20000015   Data           1  bsp_ws2812.o(.data)
    light_flag                               0x20000016   Data           1  bsp_ws2812.o(.data)
    mie_led_count                            0x20000018   Data           2  bsp_ws2812.o(.data)
    mie_led_max                              0x2000001a   Data           2  bsp_ws2812.o(.data)
    light_led_max                            0x2000001c   Data           2  bsp_ws2812.o(.data)
    light_led_count                          0x2000001e   Data           2  bsp_ws2812.o(.data)
    ws28128_mie_buf                          0x20000020   Data          96  bsp_ws2812.o(.data)
    CRCTable16                               0x20000080   Data         512  crc.o(.data)
    system_mode                              0x20000280   Data           5  bsp_update.o(.data)
    tx_comple_flag                           0x20000285   Data           1  ws2812_app.o(.data)
    CON_FALG                                 0x20000286   Data           1  fft_app.o(.data)
    pxCurrentTCB                             0x20000288   Data           4  tasks.o(.data)
    __stdout                                 0x200002ec   Data           4  stdout.o(.data)
    hadc1                                    0x200002f4   Data          48  main.o(.bss)
    hdma_adc1                                0x20000324   Data          68  main.o(.bss)
    hspi1                                    0x20000368   Data          88  main.o(.bss)
    htim2                                    0x200003c0   Data          64  main.o(.bss)
    htim3                                    0x20000400   Data          64  main.o(.bss)
    hdma_tim2_ch1                            0x20000440   Data          68  main.o(.bss)
    huart1                                   0x20000484   Data          64  main.o(.bss)
    huart3                                   0x200004c4   Data          64  main.o(.bss)
    hdma_usart3_rx                           0x20000504   Data          68  main.o(.bss)
    hdma_usart3_tx                           0x20000548   Data          68  main.o(.bss)
    ws28128_reset_buf                        0x2000058c   Data         100  bsp_ws2812.o(.bss)
    ws28128_color_buf                        0x200005f0   Data         768  bsp_ws2812.o(.bss)
    ws28128_color_data                       0x200008f0   Data          96  bsp_ws2812.o(.bss)
    UsartType3                               0x20000950   Data        2106  bsp_usart.o(.bss)
    uhADCxConvertedValue1                    0x2000118a   Data        1024  fft_app.o(.bss)
    __initial_sp                             0x20004960   Data           0  startup_stm32f103xb.o(STACK)



==============================================================================

Memory Map of the image

  Image Entry point : 0x080000ed

  Load Region LR_IROM1 (Base: 0x08000000, Size: 0x00006db0, Max: 0x00010000, ABSOLUTE, COMPRESSED[0x00006cd0])

    Execution Region ER_IROM1 (Exec base: 0x08000000, Load base: 0x08000000, Size: 0x00006abc, Max: 0x00010000, ABSOLUTE)

    Exec Addr    Load Addr    Size         Type   Attr      Idx    E Section Name        Object

    0x08000000   0x08000000   0x000000ec   Data   RO          504    RESET               startup_stm32f103xb.o
    0x080000ec   0x080000ec   0x00000000   Code   RO         5515  * .ARM.Collect$$$$00000000  mc_w.l(entry.o)
    0x080000ec   0x080000ec   0x00000004   Code   RO         5884    .ARM.Collect$$$$00000001  mc_w.l(entry2.o)
    0x080000f0   0x080000f0   0x00000004   Code   RO         5887    .ARM.Collect$$$$00000004  mc_w.l(entry5.o)
    0x080000f4   0x080000f4   0x00000000   Code   RO         5889    .ARM.Collect$$$$00000008  mc_w.l(entry7b.o)
    0x080000f4   0x080000f4   0x00000000   Code   RO         5891    .ARM.Collect$$$$0000000A  mc_w.l(entry8b.o)
    0x080000f4   0x080000f4   0x00000008   Code   RO         5892    .ARM.Collect$$$$0000000B  mc_w.l(entry9a.o)
    0x080000fc   0x080000fc   0x00000000   Code   RO         5894    .ARM.Collect$$$$0000000D  mc_w.l(entry10a.o)
    0x080000fc   0x080000fc   0x00000000   Code   RO         5896    .ARM.Collect$$$$0000000F  mc_w.l(entry11a.o)
    0x080000fc   0x080000fc   0x00000004   Code   RO         5885    .ARM.Collect$$$$00002712  mc_w.l(entry2.o)
    0x08000100   0x08000100   0x00000096   Code   RO         5105    .emb_text           port.o
    0x08000196   0x08000196   0x00000002   PAD
    0x08000198   0x08000198   0x00000024   Code   RO          505    .text               startup_stm32f103xb.o
    0x080001bc   0x080001bc   0x00000020   Code   RO         5518    .text               mc_w.l(llushr.o)
    0x080001dc   0x080001dc   0x00000024   Code   RO         5520    .text               mc_w.l(rand.o)
    0x08000200   0x08000200   0x00000024   Code   RO         5523    .text               mc_w.l(memcpya.o)
    0x08000224   0x08000224   0x00000024   Code   RO         5525    .text               mc_w.l(memseta.o)
    0x08000248   0x08000248   0x00000064   Code   RO         5826    .text               mf_w.l(fmul.o)
    0x080002ac   0x080002ac   0x0000014e   Code   RO         5832    .text               mf_w.l(dadd.o)
    0x080003fa   0x080003fa   0x000000e4   Code   RO         5834    .text               mf_w.l(dmul.o)
    0x080004de   0x080004de   0x000000de   Code   RO         5836    .text               mf_w.l(ddiv.o)
    0x080005bc   0x080005bc   0x0000002e   Code   RO         5838    .text               mf_w.l(dscalb.o)
    0x080005ea   0x080005ea   0x0000000a   Code   RO         5840    .text               mf_w.l(ffltui.o)
    0x080005f4   0x080005f4   0x0000001a   Code   RO         5842    .text               mf_w.l(dfltui.o)
    0x0800060e   0x0800060e   0x00000032   Code   RO         5846    .text               mf_w.l(dfixui.o)
    0x08000640   0x08000640   0x00000026   Code   RO         5848    .text               mf_w.l(f2d.o)
    0x08000666   0x08000666   0x00000002   PAD
    0x08000668   0x08000668   0x00000030   Code   RO         5850    .text               mf_w.l(cdcmple.o)
    0x08000698   0x08000698   0x00000030   Code   RO         5852    .text               mf_w.l(cdrcmple.o)
    0x080006c8   0x080006c8   0x00000038   Code   RO         5854    .text               mf_w.l(d2f.o)
    0x08000700   0x08000700   0x00000062   Code   RO         5901    .text               mc_w.l(uldiv.o)
    0x08000762   0x08000762   0x0000001e   Code   RO         5903    .text               mc_w.l(llshl.o)
    0x08000780   0x08000780   0x00000024   Code   RO         5905    .text               mc_w.l(llsshr.o)
    0x080007a4   0x080007a4   0x00000000   Code   RO         5916    .text               mc_w.l(iusefp.o)
    0x080007a4   0x080007a4   0x0000006e   Code   RO         5917    .text               mf_w.l(fepilogue.o)
    0x08000812   0x08000812   0x000000ba   Code   RO         5919    .text               mf_w.l(depilogue.o)
    0x080008cc   0x080008cc   0x00000024   Code   RO         5927    .text               mc_w.l(init.o)
    0x080008f0   0x080008f0   0x00000022   Code   RO         5929    .text               mf_w.l(dflti.o)
    0x08000912   0x08000912   0x0000003e   Code   RO         5931    .text               mf_w.l(dfixi.o)
    0x08000950   0x08000950   0x0000003a   Code   RO         5941    .text               mc_w.l(__dczerorl.o)
    0x0800098a   0x0800098a   0x00000002   PAD
    0x0800098c   0x0800098c   0x0000000c   Code   RO          176    i.ADC1_2_IRQHandler  stm32f1xx_it.o
    0x08000998   0x08000998   0x0000004c   Code   RO         2416    i.ADC_ConversionStop_Disable  stm32f1xx_hal_adc.o
    0x080009e4   0x080009e4   0x00000020   Code   RO          420    i.APP_TASK          freertos.o
    0x08000a04   0x08000a04   0x00000002   Code   RO          177    i.BusFault_Handler  stm32f1xx_it.o
    0x08000a06   0x08000a06   0x00000002   PAD
    0x08000a08   0x08000a08   0x0000002c   Code   RO         3828    i.Calc_CRC16        crc.o
    0x08000a34   0x08000a34   0x00000058   Code   RO         4362    i.DMA1_Channel1_IRQHandler  fft_app.o
    0x08000a8c   0x08000a8c   0x0000000c   Code   RO          178    i.DMA1_Channel2_IRQHandler  stm32f1xx_it.o
    0x08000a98   0x08000a98   0x0000000c   Code   RO          179    i.DMA1_Channel3_IRQHandler  stm32f1xx_it.o
    0x08000aa4   0x08000aa4   0x00000090   Code   RO         3445    i.DMA1_Channel5_IRQHandler  bsp_ws2812.o
    0x08000b34   0x08000b34   0x0000000e   Code   RO         3446    i.DMA_Callback_init  bsp_ws2812.o
    0x08000b42   0x08000b42   0x00000002   Code   RO         3447    i.DMA_CpltCallback  bsp_ws2812.o
    0x08000b44   0x08000b44   0x00000002   Code   RO         3448    i.DMA_HalfCpltCallback  bsp_ws2812.o
    0x08000b46   0x08000b46   0x00000002   PAD
    0x08000b48   0x08000b48   0x00000014   Code   RO         3449    i.DMA_RegisterCpltCallback  bsp_ws2812.o
    0x08000b5c   0x08000b5c   0x00000014   Code   RO         3450    i.DMA_RegisterHalfCallback  bsp_ws2812.o
    0x08000b70   0x08000b70   0x0000001c   Code   RO         3723    i.DMA_START         bsp_usart.o
    0x08000b8c   0x08000b8c   0x0000002a   Code   RO         1319    i.DMA_SetConfig     stm32f1xx_hal_dma.o
    0x08000bb6   0x08000bb6   0x00000002   PAD
    0x08000bb8   0x08000bb8   0x00000010   Code   RO         3724    i.DMA_USART_IDLE_INIT  bsp_usart.o
    0x08000bc8   0x08000bc8   0x00000064   Code   RO         3451    i.DMA_WS2812_Mie    bsp_ws2812.o
    0x08000c2c   0x08000c2c   0x0000004a   Code   RO         4119    i.DMA_WS2812_Ramp   ws2812_app.o
    0x08000c76   0x08000c76   0x00000002   PAD
    0x08000c78   0x08000c78   0x00000058   Code   RO         4120    i.DMA_WS2812_Rampping  ws2812_app.o
    0x08000cd0   0x08000cd0   0x00000090   Code   RO         4121    i.DMA_WS2812_Rampping_1  ws2812_app.o
    0x08000d60   0x08000d60   0x0000004c   Code   RO         3452    i.DMA_WS2812_Reset  bsp_ws2812.o
    0x08000dac   0x08000dac   0x000000ac   Code   RO         4122    i.DMA_WS2812_Run    ws2812_app.o
    0x08000e58   0x08000e58   0x00000088   Code   RO         4123    i.DMA_WS2812_Running  ws2812_app.o
    0x08000ee0   0x08000ee0   0x0000008a   Code   RO         4124    i.DMA_WS2812_Running_more  ws2812_app.o
    0x08000f6a   0x08000f6a   0x00000002   PAD
    0x08000f6c   0x08000f6c   0x000000a8   Code   RO         3453    i.DMA_WS2812_SIN    bsp_ws2812.o
    0x08001014   0x08001014   0x000000cc   Code   RO         3454    i.DMA_WS2812_SIN_More  bsp_ws2812.o
    0x080010e0   0x080010e0   0x0000004c   Code   RO         4125    i.DMA_WS2812_circulation  ws2812_app.o
    0x0800112c   0x0800112c   0x000000a8   Code   RO         4126    i.DMA_WS2812_circulation_buf  ws2812_app.o
    0x080011d4   0x080011d4   0x000003bc   Code   RO         4127    i.DMA_WS2812_circulation_buf_more  ws2812_app.o
    0x08001590   0x08001590   0x000000a4   Code   RO         4128    i.DMA_WS2812_circulation_more  ws2812_app.o
    0x08001634   0x08001634   0x00000004   Code   RO         4129    i.DMA_WS2812_data_refresh  ws2812_app.o
    0x08001638   0x08001638   0x00000080   Code   RO         3455    i.DMA_WS2812_data_shift  bsp_ws2812.o
    0x080016b8   0x080016b8   0x0000005c   Code   RO         3456    i.DMA_WS2812_data_shift_light  bsp_ws2812.o
    0x08001714   0x08001714   0x00000098   Code   RO         3458    i.DMA_WS2812_data_shift_more  bsp_ws2812.o
    0x080017ac   0x080017ac   0x00000058   Code   RO         3459    i.DMA_WS2812_light  bsp_ws2812.o
    0x08001804   0x08001804   0x0000002c   Code   RO         4131    i.DMA_WS2812_shade_light  ws2812_app.o
    0x08001830   0x08001830   0x0000046a   Code   RO         4132    i.DMA_WS2812_shade_logo  ws2812_app.o
    0x08001c9a   0x08001c9a   0x00000002   Code   RO          180    i.DebugMon_Handler  stm32f1xx_it.o
    0x08001c9c   0x08001c9c   0x0000002c   Code   RO          421    i.FFT_TASK          freertos.o
    0x08001cc8   0x08001cc8   0x0000009c   Code   RO         3461    i.GRBTOPWM          bsp_ws2812.o
    0x08001d64   0x08001d64   0x00000002   Code   RO         1108    i.HAL_ADCEx_InjectedConvCpltCallback  stm32f1xx_hal_adc_ex.o
    0x08001d66   0x08001d66   0x00000002   PAD
    0x08001d68   0x08001d68   0x000000fc   Code   RO         2422    i.HAL_ADC_ConfigChannel  stm32f1xx_hal_adc.o
    0x08001e64   0x08001e64   0x00000002   Code   RO         4363    i.HAL_ADC_ConvCpltCallback  fft_app.o
    0x08001e66   0x08001e66   0x000000e6   Code   RO         2430    i.HAL_ADC_IRQHandler  stm32f1xx_hal_adc.o
    0x08001f4c   0x08001f4c   0x0000011c   Code   RO         2431    i.HAL_ADC_Init      stm32f1xx_hal_adc.o
    0x08002068   0x08002068   0x00000002   Code   RO         2432    i.HAL_ADC_LevelOutOfWindowCallback  stm32f1xx_hal_adc.o
    0x0800206a   0x0800206a   0x00000002   PAD
    0x0800206c   0x0800206c   0x00000098   Code   RO            5    i.HAL_ADC_MspInit   stm32f1xx_hal_msp.o
    0x08002104   0x08002104   0x0000004c   Code   RO         2441    i.HAL_ADC_Stop_DMA  stm32f1xx_hal_adc.o
    0x08002150   0x08002150   0x00000030   Code   RO         1320    i.HAL_DMA_Abort     stm32f1xx_hal_dma.o
    0x08002180   0x08002180   0x00000098   Code   RO         1321    i.HAL_DMA_Abort_IT  stm32f1xx_hal_dma.o
    0x08002218   0x08002218   0x00000154   Code   RO         1325    i.HAL_DMA_IRQHandler  stm32f1xx_hal_dma.o
    0x0800236c   0x0800236c   0x00000064   Code   RO         1326    i.HAL_DMA_Init      stm32f1xx_hal_dma.o
    0x080023d0   0x080023d0   0x0000004a   Code   RO         1328    i.HAL_DMA_RegisterCallback  stm32f1xx_hal_dma.o
    0x0800241a   0x0800241a   0x00000070   Code   RO         1330    i.HAL_DMA_Start_IT  stm32f1xx_hal_dma.o
    0x0800248a   0x0800248a   0x0000001c   Code   RO          887    i.HAL_Delay         stm32f1xx_hal.o
    0x080024a6   0x080024a6   0x00000002   PAD
    0x080024a8   0x080024a8   0x000001bc   Code   RO         2353    i.HAL_GPIO_Init     stm32f1xx_hal_gpio.o
    0x08002664   0x08002664   0x0000000a   Code   RO         2357    i.HAL_GPIO_WritePin  stm32f1xx_hal_gpio.o
    0x0800266e   0x0800266e   0x00000002   PAD
    0x08002670   0x08002670   0x0000000c   Code   RO          891    i.HAL_GetTick       stm32f1xx_hal.o
    0x0800267c   0x0800267c   0x00000010   Code   RO          893    i.HAL_IncTick       stm32f1xx_hal.o
    0x0800268c   0x0800268c   0x00000024   Code   RO          894    i.HAL_Init          stm32f1xx_hal.o
    0x080026b0   0x080026b0   0x00000028   Code   RO          895    i.HAL_InitTick      stm32f1xx_hal.o
    0x080026d8   0x080026d8   0x00000084   Code   RO            6    i.HAL_MspInit       stm32f1xx_hal_msp.o
    0x0800275c   0x0800275c   0x00000016   Code   RO         1204    i.HAL_NVIC_EnableIRQ  stm32f1xx_hal_cortex.o
    0x08002772   0x08002772   0x00000002   PAD
    0x08002774   0x08002774   0x00000040   Code   RO         1210    i.HAL_NVIC_SetPriority  stm32f1xx_hal_cortex.o
    0x080027b4   0x080027b4   0x00000024   Code   RO         1211    i.HAL_NVIC_SetPriorityGrouping  stm32f1xx_hal_cortex.o
    0x080027d8   0x080027d8   0x000000ec   Code   RO         2047    i.HAL_RCCEx_PeriphCLKConfig  stm32f1xx_hal_rcc_ex.o
    0x080028c4   0x080028c4   0x00000002   Code   RO          550    i.HAL_RCC_CSSCallback  stm32f1xx_hal_rcc.o
    0x080028c6   0x080028c6   0x00000002   PAD
    0x080028c8   0x080028c8   0x00000154   Code   RO          551    i.HAL_RCC_ClockConfig  stm32f1xx_hal_rcc.o
    0x08002a1c   0x08002a1c   0x0000000c   Code   RO          554    i.HAL_RCC_EnableCSS  stm32f1xx_hal_rcc.o
    0x08002a28   0x08002a28   0x0000000c   Code   RO          556    i.HAL_RCC_GetHCLKFreq  stm32f1xx_hal_rcc.o
    0x08002a34   0x08002a34   0x00000020   Code   RO          558    i.HAL_RCC_GetPCLK1Freq  stm32f1xx_hal_rcc.o
    0x08002a54   0x08002a54   0x00000020   Code   RO          559    i.HAL_RCC_GetPCLK2Freq  stm32f1xx_hal_rcc.o
    0x08002a74   0x08002a74   0x0000006c   Code   RO          560    i.HAL_RCC_GetSysClockFreq  stm32f1xx_hal_rcc.o
    0x08002ae0   0x08002ae0   0x00000018   Code   RO          562    i.HAL_RCC_NMI_IRQHandler  stm32f1xx_hal_rcc.o
    0x08002af8   0x08002af8   0x00000304   Code   RO          563    i.HAL_RCC_OscConfig  stm32f1xx_hal_rcc.o
    0x08002dfc   0x08002dfc   0x00000082   Code   RO         3245    i.HAL_SPI_Init      stm32f1xx_hal_spi_ex.o
    0x08002e7e   0x08002e7e   0x00000002   PAD
    0x08002e80   0x08002e80   0x00000058   Code   RO            8    i.HAL_SPI_MspInit   stm32f1xx_hal_msp.o
    0x08002ed8   0x08002ed8   0x00000018   Code   RO         1213    i.HAL_SYSTICK_CLKSourceConfig  stm32f1xx_hal_cortex.o
    0x08002ef0   0x08002ef0   0x00000028   Code   RO         1215    i.HAL_SYSTICK_Config  stm32f1xx_hal_cortex.o
    0x08002f18   0x08002f18   0x00000002   Code   RO         2081    i.HAL_TIMEx_BreakCallback  stm32f1xx_hal_tim_ex.o
    0x08002f1a   0x08002f1a   0x00000002   Code   RO         2082    i.HAL_TIMEx_CommutationCallback  stm32f1xx_hal_tim_ex.o
    0x08002f1c   0x08002f1c   0x00000050   Code   RO         2098    i.HAL_TIMEx_MasterConfigSynchronization  stm32f1xx_hal_tim_ex.o
    0x08002f6c   0x08002f6c   0x00000036   Code   RO         1416    i.HAL_TIM_Base_Init  stm32f1xx_hal_tim.o
    0x08002fa2   0x08002fa2   0x00000002   PAD
    0x08002fa4   0x08002fa4   0x00000098   Code   RO           10    i.HAL_TIM_Base_MspInit  stm32f1xx_hal_msp.o
    0x0800303c   0x0800303c   0x000000f2   Code   RO         1425    i.HAL_TIM_ConfigClockSource  stm32f1xx_hal_tim.o
    0x0800312e   0x0800312e   0x00000002   Code   RO         1443    i.HAL_TIM_ErrorCallback  stm32f1xx_hal_tim.o
    0x08003130   0x08003130   0x00000002   Code   RO         1445    i.HAL_TIM_IC_CaptureCallback  stm32f1xx_hal_tim.o
    0x08003132   0x08003132   0x00000166   Code   RO         1458    i.HAL_TIM_IRQHandler  stm32f1xx_hal_tim.o
    0x08003298   0x08003298   0x0000003c   Code   RO           11    i.HAL_TIM_MspPostInit  stm32f1xx_hal_msp.o
    0x080032d4   0x080032d4   0x00000002   Code   RO         1461    i.HAL_TIM_OC_DelayElapsedCallback  stm32f1xx_hal_tim.o
    0x080032d6   0x080032d6   0x000000d0   Code   RO         1482    i.HAL_TIM_PWM_ConfigChannel  stm32f1xx_hal_tim.o
    0x080033a6   0x080033a6   0x00000036   Code   RO         1485    i.HAL_TIM_PWM_Init  stm32f1xx_hal_tim.o
    0x080033dc   0x080033dc   0x00000002   Code   RO         1487    i.HAL_TIM_PWM_MspInit  stm32f1xx_hal_tim.o
    0x080033de   0x080033de   0x00000002   Code   RO         3329    i.HAL_TIM_PWM_PulseFinishedCallback  bsp_tim.o
    0x080033e0   0x080033e0   0x000000e4   Code   RO         1490    i.HAL_TIM_PWM_Start_DMA  stm32f1xx_hal_tim.o
    0x080034c4   0x080034c4   0x00000084   Code   RO         1493    i.HAL_TIM_PWM_Stop_DMA  stm32f1xx_hal_tim.o
    0x08003548   0x08003548   0x00000002   Code   RO         3330    i.HAL_TIM_PeriodElapsedCallback  bsp_tim.o
    0x0800354a   0x0800354a   0x00000002   Code   RO         1499    i.HAL_TIM_TriggerCallback  stm32f1xx_hal_tim.o
    0x0800354c   0x0800354c   0x00000058   Code   RO         2615    i.HAL_UART_DMAStop  stm32f1xx_hal_uart.o
    0x080035a4   0x080035a4   0x00000002   Code   RO         2617    i.HAL_UART_ErrorCallback  stm32f1xx_hal_uart.o
    0x080035a6   0x080035a6   0x00000002   PAD
    0x080035a8   0x080035a8   0x00000110   Code   RO         2620    i.HAL_UART_IRQHandler  stm32f1xx_hal_uart.o
    0x080036b8   0x080036b8   0x00000062   Code   RO         2621    i.HAL_UART_Init     stm32f1xx_hal_uart.o
    0x0800371a   0x0800371a   0x00000002   PAD
    0x0800371c   0x0800371c   0x00000118   Code   RO           13    i.HAL_UART_MspInit  stm32f1xx_hal_msp.o
    0x08003834   0x08003834   0x00000098   Code   RO         2625    i.HAL_UART_Receive_DMA  stm32f1xx_hal_uart.o
    0x080038cc   0x080038cc   0x00000002   Code   RO         3725    i.HAL_UART_RxCpltCallback  bsp_usart.o
    0x080038ce   0x080038ce   0x00000002   Code   RO         2628    i.HAL_UART_RxHalfCpltCallback  stm32f1xx_hal_uart.o
    0x080038d0   0x080038d0   0x000000ba   Code   RO         2629    i.HAL_UART_Transmit  stm32f1xx_hal_uart.o
    0x0800398a   0x0800398a   0x00000002   PAD
    0x0800398c   0x0800398c   0x00000080   Code   RO         2630    i.HAL_UART_Transmit_DMA  stm32f1xx_hal_uart.o
    0x08003a0c   0x08003a0c   0x00000002   Code   RO         2632    i.HAL_UART_TxCpltCallback  stm32f1xx_hal_uart.o
    0x08003a0e   0x08003a0e   0x00000002   Code   RO         2633    i.HAL_UART_TxHalfCpltCallback  stm32f1xx_hal_uart.o
    0x08003a10   0x08003a10   0x000000e8   Code   RO         3463    i.HLS2RGBvalue      bsp_ws2812.o
    0x08003af8   0x08003af8   0x000001e4   Code   RO         3464    i.HLS_TO_RGB_ALL    bsp_ws2812.o
    0x08003cdc   0x08003cdc   0x000001b8   Code   RO         3465    i.HLS_TO_RGB_ONE    bsp_ws2812.o
    0x08003e94   0x08003e94   0x00000002   Code   RO          181    i.HardFault_Handler  stm32f1xx_it.o
    0x08003e96   0x08003e96   0x00000002   PAD
    0x08003e98   0x08003e98   0x00000064   Code   RO         3695    i.MX_ADC1_Init      bsp_adc.o
    0x08003efc   0x08003efc   0x0000003c   Code   RO         3671    i.MX_DMA_Init       bsp_dma.o
    0x08003f38   0x08003f38   0x000000a0   Code   RO         3418    i.MX_GPIO_Init      bsp_gpio.o
    0x08003fd8   0x08003fd8   0x00000066   Code   RO          327    i.MX_NVIC_Init      main.o
    0x0800403e   0x0800403e   0x00000002   PAD
    0x08004040   0x08004040   0x00000064   Code   RO         3969    i.MX_SPI1_Init      bsp_nrf24l01.o
    0x080040a4   0x080040a4   0x000000a8   Code   RO         3331    i.MX_TIM2_Init      bsp_tim.o
    0x0800414c   0x0800414c   0x0000007c   Code   RO         3332    i.MX_TIM3_Init      bsp_tim.o
    0x080041c8   0x080041c8   0x00000050   Code   RO         3726    i.MX_USART1_UART_Init  bsp_usart.o
    0x08004218   0x08004218   0x00000050   Code   RO         3727    i.MX_USART3_UART_Init  bsp_usart.o
    0x08004268   0x08004268   0x00000002   Code   RO          182    i.MemManage_Handler  stm32f1xx_it.o
    0x0800426a   0x0800426a   0x00000004   Code   RO          183    i.NMI_Handler       stm32f1xx_it.o
    0x0800426e   0x0800426e   0x00000020   Code   RO         1217    i.NVIC_SetPriority  stm32f1xx_hal_cortex.o
    0x0800428e   0x0800428e   0x00000002   PAD
    0x08004290   0x08004290   0x00000074   Code   RO         3468    i.SET_PWM_DMA_DODE  bsp_ws2812.o
    0x08004304   0x08004304   0x0000000e   Code   RO          184    i.SysTick_Handler   stm32f1xx_it.o
    0x08004312   0x08004312   0x0000007e   Code   RO          328    i.SystemClock_Config  main.o
    0x08004390   0x08004390   0x00000048   Code   RO          513    i.SystemInit        system_stm32f1xx.o
    0x080043d8   0x080043d8   0x0000000c   Code   RO          185    i.TIM2_IRQHandler   stm32f1xx_it.o
    0x080043e4   0x080043e4   0x0000000c   Code   RO          186    i.TIM3_IRQHandler   stm32f1xx_it.o
    0x080043f0   0x080043f0   0x0000006c   Code   RO         1500    i.TIM_Base_SetConfig  stm32f1xx_hal_tim.o
    0x0800445c   0x0800445c   0x00000016   Code   RO         1501    i.TIM_CCxChannelCmd  stm32f1xx_hal_tim.o
    0x08004472   0x08004472   0x0000003e   Code   RO         1503    i.TIM_DMADelayPulseCplt  stm32f1xx_hal_tim.o
    0x080044b0   0x080044b0   0x00000010   Code   RO         1504    i.TIM_DMAError      stm32f1xx_hal_tim.o
    0x080044c0   0x080044c0   0x00000014   Code   RO         1507    i.TIM_ETR_SetConfig  stm32f1xx_hal_tim.o
    0x080044d4   0x080044d4   0x00000010   Code   RO         1508    i.TIM_ITRx_SetConfig  stm32f1xx_hal_tim.o
    0x080044e4   0x080044e4   0x00000050   Code   RO         1509    i.TIM_OC1_SetConfig  stm32f1xx_hal_tim.o
    0x08004534   0x08004534   0x00000058   Code   RO         1510    i.TIM_OC2_SetConfig  stm32f1xx_hal_tim.o
    0x0800458c   0x0800458c   0x00000058   Code   RO         1511    i.TIM_OC3_SetConfig  stm32f1xx_hal_tim.o
    0x080045e4   0x080045e4   0x00000044   Code   RO         1512    i.TIM_OC4_SetConfig  stm32f1xx_hal_tim.o
    0x08004628   0x08004628   0x00000022   Code   RO         1514    i.TIM_TI1_ConfigInputStage  stm32f1xx_hal_tim.o
    0x0800464a   0x0800464a   0x00000024   Code   RO         1516    i.TIM_TI2_ConfigInputStage  stm32f1xx_hal_tim.o
    0x0800466e   0x0800466e   0x00000010   Code   RO         2634    i.UART_DMAAbortOnError  stm32f1xx_hal_uart.o
    0x0800467e   0x0800467e   0x0000004a   Code   RO         2635    i.UART_DMAError     stm32f1xx_hal_uart.o
    0x080046c8   0x080046c8   0x0000003c   Code   RO         2636    i.UART_DMAReceiveCplt  stm32f1xx_hal_uart.o
    0x08004704   0x08004704   0x0000000a   Code   RO         2638    i.UART_DMARxHalfCplt  stm32f1xx_hal_uart.o
    0x0800470e   0x0800470e   0x0000002e   Code   RO         2640    i.UART_DMATransmitCplt  stm32f1xx_hal_uart.o
    0x0800473c   0x0800473c   0x0000000a   Code   RO         2642    i.UART_DMATxHalfCplt  stm32f1xx_hal_uart.o
    0x08004746   0x08004746   0x0000001c   Code   RO         2644    i.UART_EndRxTransfer  stm32f1xx_hal_uart.o
    0x08004762   0x08004762   0x00000012   Code   RO         2645    i.UART_EndTxTransfer  stm32f1xx_hal_uart.o
    0x08004774   0x08004774   0x00000096   Code   RO         2646    i.UART_Receive_IT   stm32f1xx_hal_uart.o
    0x0800480a   0x0800480a   0x00000002   PAD
    0x0800480c   0x0800480c   0x00000170   Code   RO         2647    i.UART_SetConfig    stm32f1xx_hal_uart.o
    0x0800497c   0x0800497c   0x00000062   Code   RO         2648    i.UART_Transmit_IT  stm32f1xx_hal_uart.o
    0x080049de   0x080049de   0x00000064   Code   RO         2649    i.UART_WaitOnFlagUntilTimeout  stm32f1xx_hal_uart.o
    0x08004a42   0x08004a42   0x00000002   PAD
    0x08004a44   0x08004a44   0x0000001c   Code   RO          187    i.USART3_IRQHandler  stm32f1xx_it.o
    0x08004a60   0x08004a60   0x00000002   Code   RO          188    i.UsageFault_Handler  stm32f1xx_it.o
    0x08004a62   0x08004a62   0x0000003e   Code   RO         3728    i.UsartReceive_IDLE  bsp_usart.o
    0x08004aa0   0x08004aa0   0x000001f0   Code   RO         3855    i.Usart_Logo_data_  bsp_update.o
    0x08004c90   0x08004c90   0x00000094   Code   RO          422    i.WS128_TASK        freertos.o
    0x08004d24   0x08004d24   0x00000002   Code   RO          329    i._Error_Handler    main.o
    0x08004d26   0x08004d26   0x00000002   PAD
    0x08004d28   0x08004d28   0x00000020   Code   RO         5742    i.__0printf$8       mc_w.l(printf8.o)
    0x08004d48   0x08004d48   0x00000028   Code   RO         5923    i.__ARM_fpclassify  m_ws.l(fpclassify.o)
    0x08004d70   0x08004d70   0x00000388   Code   RO         5873    i.__ieee754_rem_pio2  m_ws.l(rred.o)
    0x080050f8   0x080050f8   0x000000fc   Code   RO         5856    i.__kernel_cos      m_ws.l(cos_i.o)
    0x080051f4   0x080051f4   0x000000aa   Code   RO         5925    i.__kernel_poly     m_ws.l(poly.o)
    0x0800529e   0x0800529e   0x00000002   PAD
    0x080052a0   0x080052a0   0x000000ec   Code   RO         5878    i.__kernel_sin      m_ws.l(sin_i.o)
    0x0800538c   0x0800538c   0x00000006   Code   RO         5860    i.__mathlib_dbl_infnan  m_ws.l(dunder.o)
    0x08005392   0x08005392   0x0000000c   Code   RO         5862    i.__mathlib_dbl_invalid  m_ws.l(dunder.o)
    0x0800539e   0x0800539e   0x00000002   PAD
    0x080053a0   0x080053a0   0x00000010   Code   RO         5865    i.__mathlib_dbl_underflow  m_ws.l(dunder.o)
    0x080053b0   0x080053b0   0x0000000e   Code   RO         5935    i.__scatterload_copy  mc_w.l(handlers.o)
    0x080053be   0x080053be   0x00000002   Code   RO         5936    i.__scatterload_null  mc_w.l(handlers.o)
    0x080053c0   0x080053c0   0x0000000e   Code   RO         5937    i.__scatterload_zeroinit  mc_w.l(handlers.o)
    0x080053ce   0x080053ce   0x00000002   PAD
    0x080053d0   0x080053d0   0x0000000c   Code   RO         5911    i.__set_errno       mc_w.l(errno.o)
    0x080053dc   0x080053dc   0x00000410   Code   RO         5749    i._printf_core      mc_w.l(printf8.o)
    0x080057ec   0x080057ec   0x00000024   Code   RO         5750    i._printf_post_padding  mc_w.l(printf8.o)
    0x08005810   0x08005810   0x0000002e   Code   RO         5751    i._printf_pre_padding  mc_w.l(printf8.o)
    0x0800583e   0x0800583e   0x00000002   PAD
    0x08005840   0x08005840   0x000000f0   Code   RO         4135    i.arrange_display   ws2812_app.o
    0x08005930   0x08005930   0x0000015c   Code   RO         4137    i.arrange_display_two  ws2812_app.o
    0x08005a8c   0x08005a8c   0x00000018   Code   RO         3729    i.fputc             bsp_usart.o
    0x08005aa4   0x08005aa4   0x00000080   Code   RO          330    i.main              main.o
    0x08005b24   0x08005b24   0x0000000c   Code   RO         4735    i.makeFreeRtosPriority  cmsis_os.o
    0x08005b30   0x08005b30   0x0000000e   Code   RO         4737    i.osDelay           cmsis_os.o
    0x08005b3e   0x08005b3e   0x0000000a   Code   RO         4740    i.osKernelStart     cmsis_os.o
    0x08005b48   0x08005b48   0x00000014   Code   RO         4773    i.osSystickHandler  cmsis_os.o
    0x08005b5c   0x08005b5c   0x0000002e   Code   RO         4774    i.osThreadCreate    cmsis_os.o
    0x08005b8a   0x08005b8a   0x00000002   PAD
    0x08005b8c   0x08005b8c   0x00000070   Code   RO         4428    i.prvAddCurrentTaskToDelayedList  tasks.o
    0x08005bfc   0x08005bfc   0x000000d0   Code   RO         4429    i.prvAddNewTaskToReadyList  tasks.o
    0x08005ccc   0x08005ccc   0x00000050   Code   RO         4430    i.prvCheckTasksWaitingTermination  tasks.o
    0x08005d1c   0x08005d1c   0x00000014   Code   RO         4431    i.prvDeleteTCB      tasks.o
    0x08005d30   0x08005d30   0x00000048   Code   RO         5250    i.prvHeapInit       heap_4.o
    0x08005d78   0x08005d78   0x00000028   Code   RO         4432    i.prvIdleTask       tasks.o
    0x08005da0   0x08005da0   0x0000008e   Code   RO         4433    i.prvInitialiseNewTask  tasks.o
    0x08005e2e   0x08005e2e   0x00000002   PAD
    0x08005e30   0x08005e30   0x0000004c   Code   RO         5251    i.prvInsertBlockIntoFreeList  heap_4.o
    0x08005e7c   0x08005e7c   0x00000020   Code   RO         4434    i.prvResetNextTaskUnblockTime  tasks.o
    0x08005e9c   0x08005e9c   0x00000028   Code   RO         5106    i.prvTaskExitError  port.o
    0x08005ec4   0x08005ec4   0x00000034   Code   RO         4435    i.prvTaskIsTaskSuspended  tasks.o
    0x08005ef8   0x08005ef8   0x000000d8   Code   RO         5252    i.pvPortMalloc      heap_4.o
    0x08005fd0   0x08005fd0   0x00000024   Code   RO         5107    i.pxPortInitialiseStack  port.o
    0x08005ff4   0x08005ff4   0x000000a8   Code   RO         3472    i.rand_buff_data    bsp_ws2812.o
    0x0800609c   0x0800609c   0x0000002c   Code   RO         3473    i.reset_led_light   bsp_ws2812.o
    0x080060c8   0x080060c8   0x0000007c   Code   RO         3474    i.shift_buf_to_data_one  bsp_ws2812.o
    0x08006144   0x08006144   0x0000007c   Code   RO         3475    i.shift_buf_to_data_two  bsp_ws2812.o
    0x080061c0   0x080061c0   0x000000a0   Code   RO         5508    i.sin               m_ws.l(sin.o)
    0x08006260   0x08006260   0x00000024   Code   RO         5311    i.uxListRemove      list.o
    0x08006284   0x08006284   0x00000016   Code   RO         5312    i.vListInitialise   list.o
    0x0800629a   0x0800629a   0x00000006   Code   RO         5313    i.vListInitialiseItem  list.o
    0x080062a0   0x080062a0   0x00000030   Code   RO         5314    i.vListInsert       list.o
    0x080062d0   0x080062d0   0x00000018   Code   RO         5315    i.vListInsertEnd    list.o
    0x080062e8   0x080062e8   0x00000040   Code   RO         5109    i.vPortEnterCritical  port.o
    0x08006328   0x08006328   0x00000028   Code   RO         5110    i.vPortExitCritical  port.o
    0x08006350   0x08006350   0x0000005c   Code   RO         5253    i.vPortFree         heap_4.o
    0x080063ac   0x080063ac   0x00000020   Code   RO         5111    i.vPortSetupTimerInterrupt  port.o
    0x080063cc   0x080063cc   0x0000004c   Code   RO         4442    i.vTaskDelay        tasks.o
    0x08006418   0x08006418   0x0000007c   Code   RO         4451    i.vTaskResume       tasks.o
    0x08006494   0x08006494   0x00000068   Code   RO         4453    i.vTaskStartScheduler  tasks.o
    0x080064fc   0x080064fc   0x000000b0   Code   RO         4454    i.vTaskSuspend      tasks.o
    0x080065ac   0x080065ac   0x00000010   Code   RO         4455    i.vTaskSuspendAll   tasks.o
    0x080065bc   0x080065bc   0x0000005c   Code   RO         4456    i.vTaskSwitchContext  tasks.o
    0x08006618   0x08006618   0x0000004a   Code   RO         4139    i.ws2812_rand_light  ws2812_app.o
    0x08006662   0x08006662   0x00000002   PAD
    0x08006664   0x08006664   0x00000074   Code   RO         5113    i.xPortStartScheduler  port.o
    0x080066d8   0x080066d8   0x0000002c   Code   RO         5114    i.xPortSysTickHandler  port.o
    0x08006704   0x08006704   0x00000056   Code   RO         4458    i.xTaskCreate       tasks.o
    0x0800675a   0x0800675a   0x00000002   PAD
    0x0800675c   0x0800675c   0x0000001c   Code   RO         4462    i.xTaskGetSchedulerState  tasks.o
    0x08006778   0x08006778   0x000000c8   Code   RO         4465    i.xTaskIncrementTick  tasks.o
    0x08006840   0x08006840   0x000000c4   Code   RO         4471    i.xTaskResumeAll    tasks.o
    0x08006904   0x08006904   0x0000003c   Data   RO          341    .constdata          main.o
    0x08006940   0x08006940   0x00000010   Data   RO          514    .constdata          system_stm32f1xx.o
    0x08006950   0x08006950   0x00000008   Data   RO          515    .constdata          system_stm32f1xx.o
    0x08006958   0x08006958   0x00000030   Data   RO         5857    .constdata          m_ws.l(cos_i.o)
    0x08006988   0x08006988   0x000000c8   Data   RO         5875    .constdata          m_ws.l(rred.o)
    0x08006a50   0x08006a50   0x00000028   Data   RO         5879    .constdata          m_ws.l(sin_i.o)
    0x08006a78   0x08006a78   0x00000024   Data   RO          342    .conststring        main.o
    0x08006a9c   0x08006a9c   0x00000020   Data   RO         5933    Region$$Table       anon$$obj.o


    Execution Region RW_IRAM1 (Exec base: 0x20000000, Load base: 0x08006abc, Size: 0x00004960, Max: 0x00005000, ABSOLUTE, COMPRESSED[0x00000214])

    Exec Addr    Load Addr    Size         Type   Attr      Idx    E Section Name        Object

    0x20000000   COMPRESSED   0x0000000c   Data   RW          343    .data               main.o
    0x2000000c   COMPRESSED   0x00000004   Data   RW          516    .data               system_stm32f1xx.o
    0x20000010   COMPRESSED   0x00000004   Data   RW          900    .data               stm32f1xx_hal.o
    0x20000014   COMPRESSED   0x0000006c   Data   RW         3484    .data               bsp_ws2812.o
    0x20000080   COMPRESSED   0x00000200   Data   RW         3829    .data               crc.o
    0x20000280   COMPRESSED   0x00000005   Data   RW         3858    .data               bsp_update.o
    0x20000285   COMPRESSED   0x00000001   Data   RW         4141    .data               ws2812_app.o
    0x20000286   COMPRESSED   0x00000001   Data   RW         4369    .data               fft_app.o
    0x20000287   COMPRESSED   0x00000001   PAD
    0x20000288   COMPRESSED   0x0000003c   Data   RW         4474    .data               tasks.o
    0x200002c4   COMPRESSED   0x0000000c   Data   RW         5115    .data               port.o
    0x200002d0   COMPRESSED   0x00000018   Data   RW         5258    .data               heap_4.o
    0x200002e8   COMPRESSED   0x00000004   Data   RW         5521    .data               mc_w.l(rand.o)
    0x200002ec   COMPRESSED   0x00000004   Data   RW         5898    .data               mc_w.l(stdout.o)
    0x200002f0   COMPRESSED   0x00000004   Data   RW         5912    .data               mc_w.l(errno.o)
    0x200002f4        -       0x00000030   Zero   RW          331    .bss                main.o
    0x20000324        -       0x00000044   Zero   RW          332    .bss                main.o
    0x20000368        -       0x00000058   Zero   RW          333    .bss                main.o
    0x200003c0        -       0x00000040   Zero   RW          334    .bss                main.o
    0x20000400        -       0x00000040   Zero   RW          335    .bss                main.o
    0x20000440        -       0x00000044   Zero   RW          336    .bss                main.o
    0x20000484        -       0x00000040   Zero   RW          337    .bss                main.o
    0x200004c4        -       0x00000040   Zero   RW          338    .bss                main.o
    0x20000504        -       0x00000044   Zero   RW          339    .bss                main.o
    0x20000548        -       0x00000044   Zero   RW          340    .bss                main.o
    0x2000058c        -       0x000003c4   Zero   RW         3478    .bss                bsp_ws2812.o
    0x20000950        -       0x0000083a   Zero   RW         3730    .bss                bsp_usart.o
    0x2000118a        -       0x00000400   Zero   RW         4366    .bss                fft_app.o
    0x2000158a   COMPRESSED   0x00000002   PAD
    0x2000158c        -       0x000000f0   Zero   RW         4473    .bss                tasks.o
    0x2000167c        -       0x00002ee0   Zero   RW         5257    .bss                heap_4.o
    0x2000455c   COMPRESSED   0x00000004   PAD
    0x20004560        -       0x00000400   Zero   RW          502    STACK               startup_stm32f103xb.o


==============================================================================

Image component sizes


      Code (inc. data)   RO Data    RW Data    ZI Data      Debug   Object Name

       100         28          0          0          0        503   bsp_adc.o
        60          4          0          0          0        842   bsp_dma.o
       160         16          0          0          0       1011   bsp_gpio.o
       100         34          0          0          0        519   bsp_nrf24l01.o
       296         56          0          0          0       2572   bsp_tim.o
       496        102          0          5          0       2833   bsp_update.o
       292         68          0          0       2106       4413   bsp_usart.o
      3098        286          0        108        964      17699   bsp_ws2812.o
       102          0          0          0          0      13296   cmsis_os.o
        44          4          0        512          0       1094   crc.o
        90         26          0          1       1024       2401   fft_app.o
       224         16          0          0          0       2007   freertos.o
       456         22          0         24      12000       7315   heap_4.o
       136          0          0          0          0       3450   list.o
       358         10         96         12        664      19318   main.o
       522         62          0         12          0      10320   port.o
        36          8        236          0       1024        780   startup_stm32f103xb.o
       132         22          0          4          0       3731   stm32f1xx_hal.o
       920         24          0          0          0       5407   stm32f1xx_hal_adc.o
         2          0          0          0          0       1077   stm32f1xx_hal_adc_ex.o
       218         14          0          0          0      26421   stm32f1xx_hal_cortex.o
       868         36          0          0          0       5789   stm32f1xx_hal_dma.o
       454         36          0          0          0       2904   stm32f1xx_hal_gpio.o
       864        188          0          0          0     462754   stm32f1xx_hal_msp.o
      1334        112          0          0          0       7267   stm32f1xx_hal_rcc.o
       236         12          0          0          0       1408   stm32f1xx_hal_rcc_ex.o
       130          0          0          0          0       1087   stm32f1xx_hal_spi_ex.o
      1924         50          0          0          0      17374   stm32f1xx_hal_tim.o
        84          0          0          0          0       2366   stm32f1xx_hal_tim_ex.o
      1910         38          0          0          0      15551   stm32f1xx_hal_uart.o
       116         38          0          0          0      26989   stm32f1xx_it.o
        72         16         24          4          0       1187   system_stm32f1xx.o
      1784        152          0         60        240      26396   tasks.o
         0          0          0          0          0       1472   timers.o
      3956         88          0          1          0      15341   ws2812_app.o

    ----------------------------------------------------------------------
     21628       1568        388        744      18028     714894   Object Totals
         0          0         32          0          0          0   (incl. Generated)
        54          0          0          1          6          0   (incl. Padding)

    ----------------------------------------------------------------------

      Code (inc. data)   RO Data    RW Data    ZI Data      Debug   Library Member Name

       252         22         48          0          0        124   cos_i.o
        34          6          0          0          0        204   dunder.o
        40          0          0          0          0         68   fpclassify.o
       170          0          0          0          0         96   poly.o
       904         76        200          0          0        140   rred.o
       160         10          0          0          0        108   sin.o
       236         12         40          0          0        128   sin_i.o
        58          0          0          0          0          0   __dczerorl.o
         0          0          0          0          0          0   entry.o
         0          0          0          0          0          0   entry10a.o
         0          0          0          0          0          0   entry11a.o
         8          4          0          0          0          0   entry2.o
         4          0          0          0          0          0   entry5.o
         0          0          0          0          0          0   entry7b.o
         0          0          0          0          0          0   entry8b.o
         8          4          0          0          0          0   entry9a.o
        12          6          0          4          0         68   errno.o
        30          0          0          0          0          0   handlers.o
        36          8          0          0          0         68   init.o
         0          0          0          0          0          0   iusefp.o
        30          0          0          0          0         68   llshl.o
        36          0          0          0          0         68   llsshr.o
        32          0          0          0          0         68   llushr.o
        36          0          0          0          0         68   memcpya.o
        36          0          0          0          0        108   memseta.o
      1154         54          0          0          0        352   printf8.o
        36         10          0          4          0        136   rand.o
         0          0          0          4          0          0   stdout.o
        98          0          0          0          0         92   uldiv.o
        48          0          0          0          0         68   cdcmple.o
        48          0          0          0          0         68   cdrcmple.o
        56          0          0          0          0         88   d2f.o
       334          0          0          0          0        148   dadd.o
       222          0          0          0          0        100   ddiv.o
       186          0          0          0          0        176   depilogue.o
        62          0          0          0          0         80   dfixi.o
        50          0          0          0          0         76   dfixui.o
        34          0          0          0          0         76   dflti.o
        26          0          0          0          0         76   dfltui.o
       228          0          0          0          0         96   dmul.o
        46          0          0          0          0         80   dscalb.o
        38          0          0          0          0         68   f2d.o
       110          0          0          0          0        168   fepilogue.o
        10          0          0          0          0         68   ffltui.o
       100          0          0          0          0         76   fmul.o

    ----------------------------------------------------------------------
      5020        212        288         12          0       3476   Library Totals
        12          0          0          0          0          0   (incl. Padding)

    ----------------------------------------------------------------------

      Code (inc. data)   RO Data    RW Data    ZI Data      Debug   Library Name

      1796        126        288          0          0        868   m_ws.l
      1614         86          0         12          0       1096   mc_w.l
      1598          0          0          0          0       1512   mf_w.l

    ----------------------------------------------------------------------
      5020        212        288         12          0       3476   Library Totals

    ----------------------------------------------------------------------

==============================================================================


      Code (inc. data)   RO Data    RW Data    ZI Data      Debug   

     26648       1780        676        756      18028     705810   Grand Totals
     26648       1780        676        532      18028     705810   ELF Image Totals (compressed)
     26648       1780        676        532          0          0   ROM Totals

==============================================================================

    Total RO  Size (Code + RO Data)                27324 (  26.68kB)
    Total RW  Size (RW Data + ZI Data)             18784 (  18.34kB)
    Total ROM Size (Code + RO Data + RW Data)      27856 (  27.20kB)

==============================================================================

