Component: ARM Compiler 5.06 update 6 (build 750) Tool: armlink [4d35ed]

==============================================================================

Section Cross References

    stm32f1xx_hal_msp.o(i.HAL_ADC_MspDeInit) refers to stm32f1xx_hal_gpio.o(i.HAL_GPIO_DeInit) for HAL_GPIO_DeInit
    stm32f1xx_hal_msp.o(i.HAL_ADC_MspDeInit) refers to stm32f1xx_hal_dma.o(i.HAL_DMA_DeInit) for HAL_DMA_DeInit
    stm32f1xx_hal_msp.o(i.HAL_ADC_MspDeInit) refers to stm32f1xx_hal_cortex.o(i.HAL_NVIC_DisableIRQ) for HAL_NVIC_DisableIRQ
    stm32f1xx_hal_msp.o(i.HAL_ADC_MspInit) refers to stm32f1xx_hal_gpio.o(i.HAL_GPIO_Init) for HAL_GPIO_Init
    stm32f1xx_hal_msp.o(i.HAL_ADC_MspInit) refers to stm32f1xx_hal_dma.o(i.HAL_DMA_Init) for HAL_DMA_Init
    stm32f1xx_hal_msp.o(i.HAL_ADC_MspInit) refers to main.o(i._Error_Handler) for _Error_Handler
    stm32f1xx_hal_msp.o(i.HAL_ADC_MspInit) refers to main.o(.bss) for hdma_adc1
    stm32f1xx_hal_msp.o(i.HAL_MspInit) refers to stm32f1xx_hal_cortex.o(i.HAL_NVIC_SetPriorityGrouping) for HAL_NVIC_SetPriorityGrouping
    stm32f1xx_hal_msp.o(i.HAL_MspInit) refers to stm32f1xx_hal_cortex.o(i.HAL_NVIC_SetPriority) for HAL_NVIC_SetPriority
    stm32f1xx_hal_msp.o(i.HAL_SPI_MspDeInit) refers to stm32f1xx_hal_gpio.o(i.HAL_GPIO_DeInit) for HAL_GPIO_DeInit
    stm32f1xx_hal_msp.o(i.HAL_SPI_MspInit) refers to stm32f1xx_hal_gpio.o(i.HAL_GPIO_Init) for HAL_GPIO_Init
    stm32f1xx_hal_msp.o(i.HAL_TIM_Base_MspDeInit) refers to stm32f1xx_hal_cortex.o(i.HAL_NVIC_DisableIRQ) for HAL_NVIC_DisableIRQ
    stm32f1xx_hal_msp.o(i.HAL_TIM_Base_MspDeInit) refers to stm32f1xx_hal_dma.o(i.HAL_DMA_DeInit) for HAL_DMA_DeInit
    stm32f1xx_hal_msp.o(i.HAL_TIM_Base_MspInit) refers to stm32f1xx_hal_dma.o(i.HAL_DMA_Init) for HAL_DMA_Init
    stm32f1xx_hal_msp.o(i.HAL_TIM_Base_MspInit) refers to main.o(i._Error_Handler) for _Error_Handler
    stm32f1xx_hal_msp.o(i.HAL_TIM_Base_MspInit) refers to main.o(.bss) for hdma_tim2_ch1
    stm32f1xx_hal_msp.o(i.HAL_TIM_MspPostInit) refers to stm32f1xx_hal_gpio.o(i.HAL_GPIO_Init) for HAL_GPIO_Init
    stm32f1xx_hal_msp.o(i.HAL_UART_MspDeInit) refers to stm32f1xx_hal_gpio.o(i.HAL_GPIO_DeInit) for HAL_GPIO_DeInit
    stm32f1xx_hal_msp.o(i.HAL_UART_MspDeInit) refers to stm32f1xx_hal_dma.o(i.HAL_DMA_DeInit) for HAL_DMA_DeInit
    stm32f1xx_hal_msp.o(i.HAL_UART_MspDeInit) refers to stm32f1xx_hal_cortex.o(i.HAL_NVIC_DisableIRQ) for HAL_NVIC_DisableIRQ
    stm32f1xx_hal_msp.o(i.HAL_UART_MspInit) refers to stm32f1xx_hal_gpio.o(i.HAL_GPIO_Init) for HAL_GPIO_Init
    stm32f1xx_hal_msp.o(i.HAL_UART_MspInit) refers to stm32f1xx_hal_dma.o(i.HAL_DMA_Init) for HAL_DMA_Init
    stm32f1xx_hal_msp.o(i.HAL_UART_MspInit) refers to main.o(i._Error_Handler) for _Error_Handler
    stm32f1xx_hal_msp.o(i.HAL_UART_MspInit) refers to main.o(.bss) for hdma_usart3_rx
    stm32f1xx_hal_msp.o(i.HAL_UART_MspInit) refers to main.o(.bss) for hdma_usart3_tx
    stm32f1xx_it.o(i.ADC1_2_IRQHandler) refers to stm32f1xx_hal_adc.o(i.HAL_ADC_IRQHandler) for HAL_ADC_IRQHandler
    stm32f1xx_it.o(i.ADC1_2_IRQHandler) refers to main.o(.bss) for hadc1
    stm32f1xx_it.o(i.DMA1_Channel2_IRQHandler) refers to stm32f1xx_hal_dma.o(i.HAL_DMA_IRQHandler) for HAL_DMA_IRQHandler
    stm32f1xx_it.o(i.DMA1_Channel2_IRQHandler) refers to main.o(.bss) for hdma_usart3_tx
    stm32f1xx_it.o(i.DMA1_Channel3_IRQHandler) refers to stm32f1xx_hal_dma.o(i.HAL_DMA_IRQHandler) for HAL_DMA_IRQHandler
    stm32f1xx_it.o(i.DMA1_Channel3_IRQHandler) refers to main.o(.bss) for hdma_usart3_rx
    stm32f1xx_it.o(i.NMI_Handler) refers to stm32f1xx_hal_rcc.o(i.HAL_RCC_NMI_IRQHandler) for HAL_RCC_NMI_IRQHandler
    stm32f1xx_it.o(i.SysTick_Handler) refers to stm32f1xx_hal.o(i.HAL_IncTick) for HAL_IncTick
    stm32f1xx_it.o(i.SysTick_Handler) refers to cmsis_os.o(i.osSystickHandler) for osSystickHandler
    stm32f1xx_it.o(i.TIM2_IRQHandler) refers to stm32f1xx_hal_tim.o(i.HAL_TIM_IRQHandler) for HAL_TIM_IRQHandler
    stm32f1xx_it.o(i.TIM2_IRQHandler) refers to main.o(.bss) for htim2
    stm32f1xx_it.o(i.TIM3_IRQHandler) refers to stm32f1xx_hal_tim.o(i.HAL_TIM_IRQHandler) for HAL_TIM_IRQHandler
    stm32f1xx_it.o(i.TIM3_IRQHandler) refers to main.o(.bss) for htim3
    stm32f1xx_it.o(i.USART3_IRQHandler) refers to bsp_usart.o(i.UsartReceive_IDLE) for UsartReceive_IDLE
    stm32f1xx_it.o(i.USART3_IRQHandler) refers to stm32f1xx_hal_uart.o(i.HAL_UART_IRQHandler) for HAL_UART_IRQHandler
    stm32f1xx_it.o(i.USART3_IRQHandler) refers to bsp_usart.o(.bss) for UsartType3
    stm32f1xx_it.o(i.USART3_IRQHandler) refers to main.o(.bss) for huart3
    main.o(i.MX_NVIC_Init) refers to stm32f1xx_hal_cortex.o(i.HAL_NVIC_SetPriority) for HAL_NVIC_SetPriority
    main.o(i.MX_NVIC_Init) refers to stm32f1xx_hal_cortex.o(i.HAL_NVIC_EnableIRQ) for HAL_NVIC_EnableIRQ
    main.o(i.SystemClock_Config) refers to stm32f1xx_hal_rcc.o(i.HAL_RCC_OscConfig) for HAL_RCC_OscConfig
[...]
    ..\\App\\fft_app.c                       0x00000000   Number         0  fft_app.o ABSOLUTE
    ..\\App\\ws2812_app.c                    0x00000000   Number         0  ws2812_app.o ABSOLUTE
    ..\\BSP\\bsp_adc.c                       0x00000000   Number         0  bsp_adc.o ABSOLUTE
    ..\\BSP\\bsp_commun.c                    0x00000000   Number         0  bsp_commun.o ABSOLUTE
    ..\\BSP\\bsp_dma.c                       0x00000000   Number         0  bsp_dma.o ABSOLUTE
    ..\\BSP\\bsp_esp32.c                     0x00000000   Number         0  bsp_esp32.o ABSOLUTE
    ..\\BSP\\bsp_fft.c                       0x00000000   Number         0  bsp_fft.o ABSOLUTE
    ..\\BSP\\bsp_gpio.c                      0x00000000   Number         0  bsp_gpio.o ABSOLUTE
    ..\\BSP\\bsp_led.c                       0x00000000   Number         0  bsp_led.o ABSOLUTE
    ..\\BSP\\bsp_nrf24l01.c                  0x00000000   Number         0  bsp_nrf24l01.o ABSOLUTE
    ..\\BSP\\bsp_tim.c                       0x00000000   Number         0  bsp_tim.o ABSOLUTE
    ..\\BSP\\bsp_usart.c                     0x00000000   Number         0  bsp_usart.o ABSOLUTE
    ..\\BSP\\bsp_ws2812.c                    0x00000000   Number         0  bsp_ws2812.o ABSOLUTE
    ..\\BSP\\crc.c                           0x00000000   Number         0  crc.o ABSOLUTE
    ..\\BSP\\stm_flash.c                     0x00000000   Number         0  stm_flash.o ABSOLUTE
    ..\\Drivers\\CMSIS\\DSP_Lib\\Source\\TransformFunctions\\arm_cfft_f32.c 0x00000000   Number         0  arm_cfft_f32.o ABSOLUTE
    cdcmple.s                                0x00000000   Number         0  cdcmple.o ABSOLUTE
    cdrcmple.s                               0x00000000   Number         0  cdrcmple.o ABSOLUTE
    dc.s                                     0x00000000   Number         0  dc.o ABSOLUTE
    handlers.s                               0x00000000   Number         0  handlers.o ABSOLUTE
    init.s                                   0x00000000   Number         0  init.o ABSOLUTE
    startup_stm32f103xb.s                    0x00000000   Number         0  startup_stm32f103xb.o ABSOLUTE
    RESET                                    0x08000000   Section      236  startup_stm32f103xb.o(RESET)
    .ARM.Collect$$$$00000000                 0x080000ec   Section        0  entry.o(.ARM.Collect$$$$00000000)
    .ARM.Collect$$$$00000001                 0x080000ec   Section        4  entry2.o(.ARM.Collect$$$$00000001)
    .ARM.Collect$$$$00000004                 0x080000f0   Section        4  entry5.o(.ARM.Collect$$$$00000004)
    .ARM.Collect$$$$00000008                 0x080000f4   Section        0  entry7b.o(.ARM.Collect$$$$00000008)
    .ARM.Collect$$$$0000000A                 0x080000f4   Section        0  entry8b.o(.ARM.Collect$$$$0000000A)
    .ARM.Collect$$$$0000000B                 0x080000f4   Section        8  entry9a.o(.ARM.Collect$$$$0000000B)
    .ARM.Collect$$$$0000000D                 0x080000fc   Section        0  entry10a.o(.ARM.Collect$$$$0000000D)
    .ARM.Collect$$$$0000000F                 0x080000fc   Section        0  entry11a.o(.ARM.Collect$$$$0000000F)
    .ARM.Collect$$$$00002712                 0x080000fc   Section        4  entry2.o(.ARM.Collect$$$$00002712)
    __lit__00000000                          0x080000fc   Data           4  entry2.o(.ARM.Collect$$$$00002712)
    .emb_text                                0x08000100   Section      150  port.o(.emb_text)
    .text                                    0x08000198   Section       36  startup_stm32f103xb.o(.text)
    .text                                    0x080001bc   Section        0  memcpya.o(.text)
    .text                                    0x080001e0   Section        0  memseta.o(.text)
    .text                                    0x08000204   Section       36  init.o(.text)
    i.ADC1_2_IRQHandler                      0x08000228   Section        0  stm32f1xx_it.o(i.ADC1_2_IRQHandler)
    i.ADC_ConversionStop_Disable             0x08000234   Section        0  stm32f1xx_hal_adc.o(i.ADC_ConversionStop_Disable)
    i.APP_TASK                               0x08000280   Section        0  freertos.o(i.APP_TASK)
    i.BusFault_Handler                       0x08000288   Section        0  stm32f1xx_it.o(i.BusFault_Handler)
    i.DMA1_Channel1_IRQHandler               0x0800028c   Section        0  fft_app.o(i.DMA1_Channel1_IRQHandler)
    i.DMA1_Channel2_IRQHandler               0x080002e4   Section        0  stm32f1xx_it.o(i.DMA1_Channel2_IRQHandler)
    i.DMA1_Channel3_IRQHandler               0x080002f0   Section        0  stm32f1xx_it.o(i.DMA1_Channel3_IRQHandler)
    i.DMA1_Channel5_IRQHandler               0x080002fc   Section        0  bsp_ws2812.o(i.DMA1_Channel5_IRQHandler)
    i.DMA_Callback_init                      0x0800038c   Section        0  bsp_ws2812.o(i.DMA_Callback_init)
    i.DMA_CpltCallback                       0x0800039a   Section        0  bsp_ws2812.o(i.DMA_CpltCallback)
    i.DMA_HalfCpltCallback                   0x0800039c   Section        0  bsp_ws2812.o(i.DMA_HalfCpltCallback)
    i.DMA_RegisterCpltCallback               0x080003a0   Section        0  bsp_ws2812.o(i.DMA_RegisterCpltCallback)
    i.DMA_RegisterHalfCallback               0x080003b4   Section        0  bsp_ws2812.o(i.DMA_RegisterHalfCallback)
    i.DMA_SetConfig                          0x080003c8   Section        0  stm32f1xx_hal_dma.o(i.DMA_SetConfig)
    DMA_SetConfig                            0x080003c9   Thumb Code    42  stm32f1xx_hal_dma.o(i.DMA_SetConfig)
    i.DMA_WS2812_Reset                       0x080003f4   Section        0  bsp_ws2812.o(i.DMA_WS2812_Reset)
    i.DMA_WS2812_circulation_buf_more        0x08000440   Section        0  ws2812_app.o(i.DMA_WS2812_circulation_buf_more)
    i.DMA_WS2812_circulation_more            0x080007fc   Section        0  ws2812_app.o(i.DMA_WS2812_circulation_more)
    i.DMA_WS2812_light                       0x080008a0   Section        0  bsp_ws2812.o(i.DMA_WS2812_light)
    i.DebugMon_Handler                       0x080008f8   Section        0  stm32f1xx_it.o(i.DebugMon_Handler)
    i.FFT_TASK                               0x080008fa   Section        0  freertos.o(i.FFT_TASK)
    i.GRBTOPWM                               0x08000904   Section        0  bsp_ws2812.o(i.GRBTOPWM)
    i.HAL_ADCEx_InjectedConvCpltCallback     0x080009a0   Section        0  stm32f1xx_hal_adc_ex.o(i.HAL_ADCEx_InjectedConvCpltCallback)
    i.HAL_ADC_ConfigChannel                  0x080009a4   Section        0  stm32f1xx_hal_adc.o(i.HAL_ADC_ConfigChannel)
    i.HAL_ADC_ConvCpltCallback               0x08000aa0   Section        0  fft_app.o(i.HAL_ADC_ConvCpltCallback)
    i.HAL_ADC_IRQHandler                     0x08000aa2   Section        0  stm32f1xx_hal_adc.o(i.HAL_ADC_IRQHandler)
    i.HAL_ADC_Init                           0x08000b88   Section        0  stm32f1xx_hal_adc.o(i.HAL_ADC_Init)
    i.HAL_ADC_LevelOutOfWindowCallback       0x08000ca4   Section        0  stm32f1xx_hal_adc.o(i.HAL_ADC_LevelOutOfWindowCallback)
    i.HAL_ADC_MspInit                        0x08000ca8   Section        0  stm32f1xx_hal_msp.o(i.HAL_ADC_MspInit)
    i.HAL_ADC_Stop_DMA                       0x08000d40   Section        0  stm32f1xx_hal_adc.o(i.HAL_ADC_Stop_DMA)
    i.HAL_DMA_Abort                          0x08000d8c   Section        0  stm32f1xx_hal_dma.o(i.HAL_DMA_Abort)
    i.HAL_DMA_Abort_IT                       0x08000dbc   Section        0  stm32f1xx_hal_dma.o(i.HAL_DMA_Abort_IT)
    i.HAL_DMA_IRQHandler                     0x08000e54   Section        0  stm32f1xx_hal_dma.o(i.HAL_DMA_IRQHandler)
    i.HAL_DMA_Init                           0x08000fa8   Section        0  stm32f1xx_hal_dma.o(i.HAL_DMA_Init)
    i.HAL_DMA_RegisterCallback               0x0800100c   Section        0  stm32f1xx_hal_dma.o(i.HAL_DMA_RegisterCallback)
    i.HAL_DMA_Start_IT                       0x08001056   Section        0  stm32f1xx_hal_dma.o(i.HAL_DMA_Start_IT)
    i.HAL_GPIO_Init                          0x080010c8   Section        0  stm32f1xx_hal_gpio.o(i.HAL_GPIO_Init)
    i.HAL_GPIO_WritePin                      0x08001284   Section        0  stm32f1xx_hal_gpio.o(i.HAL_GPIO_WritePin)
    i.HAL_GetTick                            0x08001290   Section        0  stm32f1xx_hal.o(i.HAL_GetTick)
    i.HAL_IncTick                            0x0800129c   Section        0  stm32f1xx_hal.o(i.HAL_IncTick)
    i.HAL_Init                               0x080012ac   Section        0  stm32f1xx_hal.o(i.HAL_Init)
    i.HAL_InitTick                           0x080012d0   Section        0  stm32f1xx_hal.o(i.HAL_InitTick)
    i.HAL_MspInit                            0x08001310   Section        0  stm32f1xx_hal_msp.o(i.HAL_MspInit)
    i.HAL_NVIC_EnableIRQ                     0x08001390   Section        0  stm32f1xx_hal_cortex.o(i.HAL_NVIC_EnableIRQ)
    i.HAL_NVIC_SetPriority                   0x080013a8   Section        0  stm32f1xx_hal_cortex.o(i.HAL_NVIC_SetPriority)
    i.HAL_NVIC_SetPriorityGrouping           0x080013e8   Section        0  stm32f1xx_hal_cortex.o(i.HAL_NVIC_SetPriorityGrouping)
    i.HAL_RCCEx_PeriphCLKConfig              0x0800140c   Section        0  stm32f1xx_hal_rcc_ex.o(i.HAL_RCCEx_PeriphCLKConfig)
    i.HAL_RCC_CSSCallback                    0x080014f8   Section        0  stm32f1xx_hal_rcc.o(i.HAL_RCC_CSSCallback)
    i.HAL_RCC_ClockConfig                    0x080014fc   Section        0  stm32f1xx_hal_rcc.o(i.HAL_RCC_ClockConfig)
    i.HAL_RCC_EnableCSS                      0x08001650   Section        0  stm32f1xx_hal_rcc.o(i.HAL_RCC_EnableCSS)
    i.HAL_RCC_GetHCLKFreq                    0x0800165c   Section        0  stm32f1xx_hal_rcc.o(i.HAL_RCC_GetHCLKFreq)
    i.HAL_RCC_GetPCLK1Freq                   0x08001668   Section        0  stm32f1xx_hal_rcc.o(i.HAL_RCC_GetPCLK1Freq)
    i.HAL_RCC_GetPCLK2Freq                   0x08001688   Section        0  stm32f1xx_hal_rcc.o(i.HAL_RCC_GetPCLK2Freq)
    i.HAL_RCC_GetSysClockFreq                0x080016a8   Section        0  stm32f1xx_hal_rcc.o(i.HAL_RCC_GetSysClockFreq)
    i.HAL_RCC_NMI_IRQHandler                 0x08001714   Section        0  stm32f1xx_hal_rcc.o(i.HAL_RCC_NMI_IRQHandler)
    i.HAL_RCC_OscConfig                      0x0800172c   Section        0  stm32f1xx_hal_rcc.o(i.HAL_RCC_OscConfig)
    i.HAL_SPI_Init                           0x08001a30   Section        0  stm32f1xx_hal_spi_ex.o(i.HAL_SPI_Init)
    i.HAL_SPI_MspInit                        0x08001ab4   Section        0  stm32f1xx_hal_msp.o(i.HAL_SPI_MspInit)
    i.HAL_SYSTICK_CLKSourceConfig            0x08001b0c   Section        0  stm32f1xx_hal_cortex.o(i.HAL_SYSTICK_CLKSourceConfig)
    i.HAL_SYSTICK_Config                     0x08001b24   Section        0  stm32f1xx_hal_cortex.o(i.HAL_SYSTICK_Config)
    i.HAL_TIMEx_BreakCallback                0x08001b4c   Section        0  stm32f1xx_hal_tim_ex.o(i.HAL_TIMEx_BreakCallback)
    i.HAL_TIMEx_CommutationCallback          0x08001b4e   Section        0  stm32f1xx_hal_tim_ex.o(i.HAL_TIMEx_CommutationCallback)
    i.HAL_TIMEx_MasterConfigSynchronization  0x08001b50   Section        0  stm32f1xx_hal_tim_ex.o(i.HAL_TIMEx_MasterConfigSynchronization)
    i.HAL_TIM_Base_Init                      0x08001ba0   Section        0  stm32f1xx_hal_tim.o(i.HAL_TIM_Base_Init)
    i.HAL_TIM_Base_MspInit                   0x08001bd8   Section        0  stm32f1xx_hal_msp.o(i.HAL_TIM_Base_MspInit)
    i.HAL_TIM_ConfigClockSource              0x08001c70   Section        0  stm32f1xx_hal_tim.o(i.HAL_TIM_ConfigClockSource)
    i.HAL_TIM_ErrorCallback                  0x08001d62   Section        0  stm32f1xx_hal_tim.o(i.HAL_TIM_ErrorCallback)
    i.HAL_TIM_IC_CaptureCallback             0x08001d64   Section        0  stm32f1xx_hal_tim.o(i.HAL_TIM_IC_CaptureCallback)
    i.HAL_TIM_IRQHandler                     0x08001d66   Section        0  stm32f1xx_hal_tim.o(i.HAL_TIM_IRQHandler)
    i.HAL_TIM_MspPostInit                    0x08001ecc   Section        0  stm32f1xx_hal_msp.o(i.HAL_TIM_MspPostInit)
    i.HAL_TIM_OC_DelayElapsedCallback        0x08001f08   Section        0  stm32f1xx_hal_tim.o(i.HAL_TIM_OC_DelayElapsedCallback)
    i.HAL_TIM_PWM_ConfigChannel              0x08001f0a   Section        0  stm32f1xx_hal_tim.o(i.HAL_TIM_PWM_ConfigChannel)
    i.HAL_TIM_PWM_Init                       0x08001fda   Section        0  stm32f1xx_hal_tim.o(i.HAL_TIM_PWM_Init)
    i.HAL_TIM_PWM_MspInit                    0x08002010   Section        0  stm32f1xx_hal_tim.o(i.HAL_TIM_PWM_MspInit)
    i.HAL_TIM_PWM_PulseFinishedCallback      0x08002012   Section        0  bsp_tim.o(i.HAL_TIM_PWM_PulseFinishedCallback)
    i.HAL_TIM_PWM_Start_DMA                  0x08002014   Section        0  stm32f1xx_hal_tim.o(i.HAL_TIM_PWM_Start_DMA)
    i.HAL_TIM_PWM_Stop_DMA                   0x080020f8   Section        0  stm32f1xx_hal_tim.o(i.HAL_TIM_PWM_Stop_DMA)
    i.HAL_TIM_PeriodElapsedCallback          0x0800217c   Section        0  bsp_tim.o(i.HAL_TIM_PeriodElapsedCallback)
    i.HAL_TIM_TriggerCallback                0x0800217e   Section        0  stm32f1xx_hal_tim.o(i.HAL_TIM_TriggerCallback)
    i.HAL_UART_DMAStop                       0x08002180   Section        0  stm32f1xx_hal_uart.o(i.HAL_UART_DMAStop)
    i.HAL_UART_ErrorCallback                 0x080021d8   Section        0  stm32f1xx_hal_uart.o(i.HAL_UART_ErrorCallback)
    i.HAL_UART_IRQHandler                    0x080021dc   Section        0  stm32f1xx_hal_uart.o(i.HAL_UART_IRQHandler)
    i.HAL_UART_Init                          0x080022ec   Section        0  stm32f1xx_hal_uart.o(i.HAL_UART_Init)
    i.HAL_UART_MspInit                       0x08002350   Section        0  stm32f1xx_hal_msp.o(i.HAL_UART_MspInit)
    i.HAL_UART_Receive_DMA                   0x08002468   Section        0  stm32f1xx_hal_uart.o(i.HAL_UART_Receive_DMA)
    i.HAL_UART_RxCpltCallback                0x08002500   Section        0  bsp_usart.o(i.HAL_UART_RxCpltCallback)
    i.HAL_UART_RxHalfCpltCallback            0x08002502   Section        0  stm32f1xx_hal_uart.o(i.HAL_UART_RxHalfCpltCallback)
    i.HAL_UART_TxCpltCallback                0x08002504   Section        0  stm32f1xx_hal_uart.o(i.HAL_UART_TxCpltCallback)
    i.HardFault_Handler                      0x08002506   Section        0  stm32f1xx_it.o(i.HardFault_Handler)
    i.MX_ADC1_Init                           0x08002508   Section        0  bsp_adc.o(i.MX_ADC1_Init)
    i.MX_DMA_Init                            0x0800256c   Section        0  bsp_dma.o(i.MX_DMA_Init)
    i.MX_GPIO_Init                           0x080025a8   Section        0  bsp_gpio.o(i.MX_GPIO_Init)
    i.MX_NVIC_Init                           0x08002624   Section        0  main.o(i.MX_NVIC_Init)
    MX_NVIC_Init                             0x08002625   Thumb Code   102  main.o(i.MX_NVIC_Init)
    i.MX_SPI1_Init                           0x0800268c   Section        0  bsp_nrf24l01.o(i.MX_SPI1_Init)
    i.MX_TIM2_Init                           0x080026f0   Section        0  bsp_tim.o(i.MX_TIM2_Init)
    i.MX_TIM3_Init                           0x08002798   Section        0  bsp_tim.o(i.MX_TIM3_Init)
    i.MX_USART1_UART_Init                    0x08002814   Section        0  bsp_usart.o(i.MX_USART1_UART_Init)
    i.MX_USART3_UART_Init                    0x08002864   Section        0  bsp_usart.o(i.MX_USART3_UART_Init)
    i.MemManage_Handler                      0x080028b4   Section        0  stm32f1xx_it.o(i.MemManage_Handler)
    i.NMI_Handler                            0x080028b6   Section        0  stm32f1xx_it.o(i.NMI_Handler)
    i.NVIC_SetPriority                       0x080028ba   Section        0  stm32f1xx_hal_cortex.o(i.NVIC_SetPriority)
    NVIC_SetPriority                         0x080028bb   Thumb Code    32  stm32f1xx_hal_cortex.o(i.NVIC_SetPriority)
    i.SET_PWM_DMA_DODE                       0x080028dc   Section        0  bsp_ws2812.o(i.SET_PWM_DMA_DODE)
    i.SysTick_Handler                        0x08002950   Section        0  stm32f1xx_it.o(i.SysTick_Handler)
    i.SystemClock_Config                     0x0800295e   Section        0  main.o(i.SystemClock_Config)
    i.SystemInit                             0x080029dc   Section        0  system_stm32f1xx.o(i.SystemInit)
    i.TIM2_IRQHandler                        0x08002a24   Section        0  stm32f1xx_it.o(i.TIM2_IRQHandler)
    i.TIM3_IRQHandler                        0x08002a30   Section        0  stm32f1xx_it.o(i.TIM3_IRQHandler)
    i.TIM_Base_SetConfig                     0x08002a3c   Section        0  stm32f1xx_hal_tim.o(i.TIM_Base_SetConfig)
    i.TIM_CCxChannelCmd                      0x08002aa8   Section        0  stm32f1xx_hal_tim.o(i.TIM_CCxChannelCmd)
    i.TIM_DMADelayPulseCplt                  0x08002abe   Section        0  stm32f1xx_hal_tim.o(i.TIM_DMADelayPulseCplt)
    i.TIM_DMAError                           0x08002afc   Section        0  stm32f1xx_hal_tim.o(i.TIM_DMAError)
    i.TIM_ETR_SetConfig                      0x08002b0c   Section        0  stm32f1xx_hal_tim.o(i.TIM_ETR_SetConfig)
    TIM_ETR_SetConfig                        0x08002b0d   Thumb Code    20  stm32f1xx_hal_tim.o(i.TIM_ETR_SetConfig)
    i.TIM_ITRx_SetConfig                     0x08002b20   Section        0  stm32f1xx_hal_tim.o(i.TIM_ITRx_SetConfig)
    TIM_ITRx_SetConfig                       0x08002b21   Thumb Code    16  stm32f1xx_hal_tim.o(i.TIM_ITRx_SetConfig)
    i.TIM_OC1_SetConfig                      0x08002b30   Section        0  stm32f1xx_hal_tim.o(i.TIM_OC1_SetConfig)
    TIM_OC1_SetConfig                        0x08002b31   Thumb Code    74  stm32f1xx_hal_tim.o(i.TIM_OC1_SetConfig)
    i.TIM_OC2_SetConfig                      0x08002b80   Section        0  stm32f1xx_hal_tim.o(i.TIM_OC2_SetConfig)
    i.TIM_OC3_SetConfig                      0x08002bd8   Section        0  stm32f1xx_hal_tim.o(i.TIM_OC3_SetConfig)
    TIM_OC3_SetConfig                        0x08002bd9   Thumb Code    82  stm32f1xx_hal_tim.o(i.TIM_OC3_SetConfig)
    i.TIM_OC4_SetConfig                      0x08002c30   Section        0  stm32f1xx_hal_tim.o(i.TIM_OC4_SetConfig)
    TIM_OC4_SetConfig                        0x08002c31   Thumb Code    64  stm32f1xx_hal_tim.o(i.TIM_OC4_SetConfig)
    i.TIM_TI1_ConfigInputStage               0x08002c74   Section        0  stm32f1xx_hal_tim.o(i.TIM_TI1_ConfigInputStage)
    TIM_TI1_ConfigInputStage                 0x08002c75   Thumb Code    34  stm32f1xx_hal_tim.o(i.TIM_TI1_ConfigInputStage)
    i.TIM_TI2_ConfigInputStage               0x08002c96   Section        0  stm32f1xx_hal_tim.o(i.TIM_TI2_ConfigInputStage)
    TIM_TI2_ConfigInputStage                 0x08002c97   Thumb Code    36  stm32f1xx_hal_tim.o(i.TIM_TI2_ConfigInputStage)
    i.UART_DMAAbortOnError                   0x08002cba   Section        0  stm32f1xx_hal_uart.o(i.UART_DMAAbortOnError)
    UART_DMAAbortOnError                     0x08002cbb   Thumb Code    16  stm32f1xx_hal_uart.o(i.UART_DMAAbortOnError)
    i.UART_DMAError                          0x08002cca   Section        0  stm32f1xx_hal_uart.o(i.UART_DMAError)
    UART_DMAError                            0x08002ccb   Thumb Code    74  stm32f1xx_hal_uart.o(i.UART_DMAError)
    i.UART_DMAReceiveCplt                    0x08002d14   Section        0  stm32f1xx_hal_uart.o(i.UART_DMAReceiveCplt)
    UART_DMAReceiveCplt                      0x08002d15   Thumb Code    60  stm32f1xx_hal_uart.o(i.UART_DMAReceiveCplt)
    i.UART_DMARxHalfCplt                     0x08002d50   Section        0  stm32f1xx_hal_uart.o(i.UART_DMARxHalfCplt)
    UART_DMARxHalfCplt                       0x08002d51   Thumb Code    10  stm32f1xx_hal_uart.o(i.UART_DMARxHalfCplt)
    i.UART_EndRxTransfer                     0x08002d5a   Section        0  stm32f1xx_hal_uart.o(i.UART_EndRxTransfer)
    UART_EndRxTransfer                       0x08002d5b   Thumb Code    28  stm32f1xx_hal_uart.o(i.UART_EndRxTransfer)
    i.UART_EndTxTransfer                     0x08002d76   Section        0  stm32f1xx_hal_uart.o(i.UART_EndTxTransfer)
    UART_EndTxTransfer                       0x08002d77   Thumb Code    18  stm32f1xx_hal_uart.o(i.UART_EndTxTransfer)
    i.UART_Receive_IT                        0x08002d88   Section        0  stm32f1xx_hal_uart.o(i.UART_Receive_IT)
    UART_Receive_IT                          0x08002d89   Thumb Code   150  stm32f1xx_hal_uart.o(i.UART_Receive_IT)
    i.UART_SetConfig                         0x08002e20   Section        0  stm32f1xx_hal_uart.o(i.UART_SetConfig)
    UART_SetConfig                           0x08002e21   Thumb Code   364  stm32f1xx_hal_uart.o(i.UART_SetConfig)
    i.UART_Transmit_IT                       0x08002f90   Section        0  stm32f1xx_hal_uart.o(i.UART_Transmit_IT)
    UART_Transmit_IT                         0x08002f91   Thumb Code    98  stm32f1xx_hal_uart.o(i.UART_Transmit_IT)
    i.USART3_IRQHandler                      0x08002ff4   Section        0  stm32f1xx_it.o(i.USART3_IRQHandler)
    i.UsageFault_Handler                     0x08003010   Section        0  stm32f1xx_it.o(i.UsageFault_Handler)
    i.UsartReceive_IDLE                      0x08003012   Section        0  bsp_usart.o(i.UsartReceive_IDLE)
    i.WS128_TASK                             0x0800304e   Section        0  freertos.o(i.WS128_TASK)
    i._Error_Handler                         0x08003072   Section        0  main.o(i._Error_Handler)
    i.__scatterload_copy                     0x08003074   Section       14  handlers.o(i.__scatterload_copy)
    i.__scatterload_null                     0x08003082   Section        2  handlers.o(i.__scatterload_null)
    i.__scatterload_zeroinit                 0x08003084   Section       14  handlers.o(i.__scatterload_zeroinit)
    i.main                                   0x08003094   Section        0  main.o(i.main)
    i.makeFreeRtosPriority                   0x08003114   Section        0  cmsis_os.o(i.makeFreeRtosPriority)
    makeFreeRtosPriority                     0x08003115   Thumb Code    12  cmsis_os.o(i.makeFreeRtosPriority)
    i.osDelay                                0x08003120   Section        0  cmsis_os.o(i.osDelay)
    i.osKernelStart                          0x0800312e   Section        0  cmsis_os.o(i.osKernelStart)
    i.osSystickHandler                       0x08003138   Section        0  cmsis_os.o(i.osSystickHandler)
    i.osThreadCreate                         0x0800314c   Section        0  cmsis_os.o(i.osThreadCreate)
    i.prvAddCurrentTaskToDelayedList         0x0800317c   Section        0  tasks.o(i.prvAddCurrentTaskToDelayedList)
    prvAddCurrentTaskToDelayedList           0x0800317d   Thumb Code   102  tasks.o(i.prvAddCurrentTaskToDelayedList)
    i.prvAddNewTaskToReadyList               0x080031ec   Section        0  tasks.o(i.prvAddNewTaskToReadyList)
    prvAddNewTaskToReadyList                 0x080031ed   Thumb Code   194  tasks.o(i.prvAddNewTaskToReadyList)
    i.prvCheckTasksWaitingTermination        0x080032bc   Section        0  tasks.o(i.prvCheckTasksWaitingTermination)
    prvCheckTasksWaitingTermination          0x080032bd   Thumb Code    70  tasks.o(i.prvCheckTasksWaitingTermination)
    i.prvDeleteTCB                           0x0800330c   Section        0  tasks.o(i.prvDeleteTCB)
    prvDeleteTCB                             0x0800330d   Thumb Code    20  tasks.o(i.prvDeleteTCB)
    i.prvHeapInit                            0x08003320   Section        0  heap_4.o(i.prvHeapInit)
    prvHeapInit                              0x08003321   Thumb Code    64  heap_4.o(i.prvHeapInit)
    i.prvIdleTask                            0x08003368   Section        0  tasks.o(i.prvIdleTask)
    prvIdleTask                              0x08003369   Thumb Code    30  tasks.o(i.prvIdleTask)
    i.prvInitialiseNewTask                   0x08003390   Section        0  tasks.o(i.prvInitialiseNewTask)
    prvInitialiseNewTask                     0x08003391   Thumb Code   142  tasks.o(i.prvInitialiseNewTask)
    i.prvInsertBlockIntoFreeList             0x08003420   Section        0  heap_4.o(i.prvInsertBlockIntoFreeList)
    prvInsertBlockIntoFreeList               0x08003421   Thumb Code    72  heap_4.o(i.prvInsertBlockIntoFreeList)
    i.prvResetNextTaskUnblockTime            0x0800346c   Section        0  tasks.o(i.prvResetNextTaskUnblockTime)
    prvResetNextTaskUnblockTime              0x0800346d   Thumb Code    26  tasks.o(i.prvResetNextTaskUnblockTime)
    i.prvTaskExitError                       0x0800348c   Section        0  port.o(i.prvTaskExitError)
    prvTaskExitError                         0x0800348d   Thumb Code    36  port.o(i.prvTaskExitError)
    i.pvPortMalloc                           0x080034b4   Section        0  heap_4.o(i.pvPortMalloc)
    i.pxPortInitialiseStack                  0x0800358c   Section        0  port.o(i.pxPortInitialiseStack)
    i.reset_led_light                        0x080035b0   Section        0  bsp_ws2812.o(i.reset_led_light)
    i.shift_buf_to_data_one                  0x080035dc   Section        0  bsp_ws2812.o(i.shift_buf_to_data_one)
    i.shift_buf_to_data_two                  0x08003658   Section        0  bsp_ws2812.o(i.shift_buf_to_data_two)
    i.uxListRemove                           0x080036d4   Section        0  list.o(i.uxListRemove)
    i.vListInitialise                        0x080036f8   Section        0  list.o(i.vListInitialise)
    i.vListInitialiseItem                    0x0800370e   Section        0  list.o(i.vListInitialiseItem)
    i.vListInsert                            0x08003714   Section        0  list.o(i.vListInsert)
    i.vListInsertEnd                         0x08003744   Section        0  list.o(i.vListInsertEnd)
    i.vPortEnterCritical                     0x0800375c   Section        0  port.o(i.vPortEnterCritical)
    i.vPortExitCritical                      0x0800379c   Section        0  port.o(i.vPortExitCritical)
    i.vPortFree                              0x080037c4   Section        0  heap_4.o(i.vPortFree)
    i.vPortSetupTimerInterrupt               0x08003820   Section        0  port.o(i.vPortSetupTimerInterrupt)
    i.vTaskDelay                             0x08003840   Section        0  tasks.o(i.vTaskDelay)
    i.vTaskStartScheduler                    0x0800388c   Section        0  tasks.o(i.vTaskStartScheduler)
    i.vTaskSuspendAll                        0x080038f4   Section        0  tasks.o(i.vTaskSuspendAll)
    i.vTaskSwitchContext                     0x08003904   Section        0  tasks.o(i.vTaskSwitchContext)
    i.xPortStartScheduler                    0x08003960   Section        0  port.o(i.xPortStartScheduler)
    i.xPortSysTickHandler                    0x080039d4   Section        0  port.o(i.xPortSysTickHandler)
    i.xTaskCreate                            0x08003a00   Section        0  tasks.o(i.xTaskCreate)
    i.xTaskGetSchedulerState                 0x08003a58   Section        0  tasks.o(i.xTaskGetSchedulerState)
    i.xTaskIncrementTick                     0x08003a74   Section        0  tasks.o(i.xTaskIncrementTick)
    i.xTaskResumeAll                         0x08003b3c   Section        0  tasks.o(i.xTaskResumeAll)
    .constdata                               0x08003c00   Section       60  main.o(.constdata)
    .constdata                               0x08003c3c   Section       16  system_stm32f1xx.o(.constdata)
    .constdata                               0x08003c4c   Section        8  system_stm32f1xx.o(.constdata)
    .conststring                             0x08003c54   Section       36  main.o(.conststring)
    .data                                    0x20000000   Section       12  main.o(.data)
    .data                                    0x2000000c   Section        4  system_stm32f1xx.o(.data)
    .data                                    0x20000010   Section       12  stm32f1xx_hal.o(.data)
    .data                                    0x2000001c   Section      108  bsp_ws2812.o(.data)
    .data                                    0x20000088   Section        1  ws2812_app.o(.data)
    .data                                    0x20000089   Section        1  fft_app.o(.data)
    .data                                    0x2000008c   Section       60  tasks.o(.data)
    uxDeletedTasksWaitingCleanUp             0x20000090   Data           4  tasks.o(.data)
    uxCurrentNumberOfTasks                   0x20000094   Data           4  tasks.o(.data)
    xTickCount                               0x20000098   Data           4  tasks.o(.data)
    uxTopReadyPriority                       0x2000009c   Data           4  tasks.o(.data)
    xSchedulerRunning                        0x200000a0   Data           4  tasks.o(.data)
    uxPendedTicks                            0x200000a4   Data           4  tasks.o(.data)
    xYieldPending                            0x200000a8   Data           4  tasks.o(.data)
    xNumOfOverflows                          0x200000ac   Data           4  tasks.o(.data)
    uxTaskNumber                             0x200000b0   Data           4  tasks.o(.data)
    xNextTaskUnblockTime                     0x200000b4   Data           4  tasks.o(.data)
    xIdleTaskHandle                          0x200000b8   Data           4  tasks.o(.data)
    uxSchedulerSuspended                     0x200000bc   Data           4  tasks.o(.data)
    pxDelayedTaskList                        0x200000c0   Data           4  tasks.o(.data)
    pxOverflowDelayedTaskList                0x200000c4   Data           4  tasks.o(.data)
    .data                                    0x200000c8   Section       12  port.o(.data)
    ucMaxSysCallPriority                     0x200000c8   Data           1  port.o(.data)
    uxCriticalNesting                        0x200000cc   Data           4  port.o(.data)
    ulMaxPRIGROUPValue                       0x200000d0   Data           4  port.o(.data)
    .data                                    0x200000d4   Section       24  heap_4.o(.data)
    pxEnd                                    0x200000d4   Data           4  heap_4.o(.data)
    xFreeBytesRemaining                      0x200000d8   Data           4  heap_4.o(.data)
    xMinimumEverFreeBytesRemaining           0x200000dc   Data           4  heap_4.o(.data)
    xBlockAllocatedBit                       0x200000e0   Data           4  heap_4.o(.data)
    xStart                                   0x200000e4   Data           8  heap_4.o(.data)
    .bss                                     0x200000ec   Section       48  main.o(.bss)
    .bss                                     0x2000011c   Section       68  main.o(.bss)
    .bss                                     0x20000160   Section       88  main.o(.bss)
    .bss                                     0x200001b8   Section       64  main.o(.bss)
    .bss                                     0x200001f8   Section       64  main.o(.bss)
    .bss                                     0x20000238   Section       68  main.o(.bss)
    .bss                                     0x2000027c   Section       64  main.o(.bss)
    .bss                                     0x200002bc   Section       64  main.o(.bss)
    .bss                                     0x200002fc   Section       68  main.o(.bss)
    .bss                                     0x20000340   Section       68  main.o(.bss)
    .bss                                     0x20000384   Section     3196  bsp_ws2812.o(.bss)
    .bss                                     0x20001000   Section     2052  bsp_usart.o(.bss)
    .bss                                     0x20001804   Section     1024  fft_app.o(.bss)
    .bss                                     0x20001c04   Section      240  tasks.o(.bss)
    pxReadyTasksLists                        0x20001c04   Data         140  tasks.o(.bss)
    xDelayedTaskList1                        0x20001c90   Data          20  tasks.o(.bss)
    xDelayedTaskList2                        0x20001ca4   Data          20  tasks.o(.bss)
    xPendingReadyList                        0x20001cb8   Data          20  tasks.o(.bss)
    xTasksWaitingTermination                 0x20001ccc   Data          20  tasks.o(.bss)
    xSuspendedTaskList                       0x20001ce0   Data          20  tasks.o(.bss)
    .bss                                     0x20001cf4   Section    12000  heap_4.o(.bss)
    ucHeap                                   0x20001cf4   Data       12000  heap_4.o(.bss)
    STACK                                    0x20004bd8   Section     1024  startup_stm32f103xb.o(STACK)

    Global Symbols

    Symbol Name                              Value     Ov Type        Size  Object(Section)

    BuildAttributes$$THM_ISAv4$P$D$K$B$S$PE$A:L22UL41UL21$X:L11$S22US41US21$IEEE1$IW$USESV6$~STKCKD$USESV7$~SHL$OTIME$ROPI$IEEEX$EBA8$MICROLIB$REQ8$PRES8$EABIv2 0x00000000   Number         0  anon$$obj.o ABSOLUTE
    __ARM_use_no_argv                        0x00000000   Number         0  main.o ABSOLUTE
    _printf_a                                0x00000000   Number         0  stubs.o ABSOLUTE
    _printf_c                                0x00000000   Number         0  stubs.o ABSOLUTE
    _printf_charcount                        0x00000000   Number         0  stubs.o ABSOLUTE
    _printf_d                                0x00000000   Number         0  stubs.o ABSOLUTE
    _printf_e                                0x00000000   Number         0  stubs.o ABSOLUTE
    _printf_f                                0x00000000   Number         0  stubs.o ABSOLUTE
    _printf_flags                            0x00000000   Number         0  stubs.o ABSOLUTE
    _printf_fp_dec                           0x00000000   Number         0  stubs.o ABSOLUTE
    _printf_fp_hex                           0x00000000   Number         0  stubs.o ABSOLUTE
    _printf_g                                0x00000000   Number         0  stubs.o ABSOLUTE
    _printf_i                                0x00000000   Number         0  stubs.o ABSOLUTE
    _printf_int_dec                          0x00000000   Number         0  stubs.o ABSOLUTE
    _printf_l                                0x00000000   Number         0  stubs.o ABSOLUTE
    _printf_lc                               0x00000000   Number         0  stubs.o ABSOLUTE
    _printf_ll                               0x00000000   Number         0  stubs.o ABSOLUTE
    _printf_lld                              0x00000000   Number         0  stubs.o ABSOLUTE
    _printf_lli                              0x00000000   Number         0  stubs.o ABSOLUTE
    _printf_llo                              0x00000000   Number         0  stubs.o ABSOLUTE
    _printf_llu                              0x00000000   Number         0  stubs.o ABSOLUTE
    _printf_llx                              0x00000000   Number         0  stubs.o ABSOLUTE
    _printf_longlong_dec                     0x00000000   Number         0  stubs.o ABSOLUTE
    _printf_longlong_hex                     0x00000000   Number         0  stubs.o ABSOLUTE
    _printf_longlong_oct                     0x00000000   Number         0  stubs.o ABSOLUTE
    _printf_ls                               0x00000000   Number         0  stubs.o ABSOLUTE
    _printf_mbtowc                           0x00000000   Number         0  stubs.o ABSOLUTE
    _printf_n                                0x00000000   Number         0  stubs.o ABSOLUTE
    _printf_o                                0x00000000   Number         0  stubs.o ABSOLUTE
    _printf_p                                0x00000000   Number         0  stubs.o ABSOLUTE
    _printf_percent                          0x00000000   Number         0  stubs.o ABSOLUTE
    _printf_pre_padding                      0x00000000   Number         0  stubs.o ABSOLUTE
    _printf_return_value                     0x00000000   Number         0  stubs.o ABSOLUTE
    _printf_s                                0x00000000   Number         0  stubs.o ABSOLUTE
    _printf_sizespec                         0x00000000   Number         0  stubs.o ABSOLUTE
    _printf_str                              0x00000000   Number         0  stubs.o ABSOLUTE
    _printf_truncate_signed                  0x00000000   Number         0  stubs.o ABSOLUTE
    _printf_truncate_unsigned                0x00000000   Number         0  stubs.o ABSOLUTE
    _printf_u                                0x00000000   Number         0  stubs.o ABSOLUTE
    _printf_wc                               0x00000000   Number         0  stubs.o ABSOLUTE
    _printf_wctomb                           0x00000000   Number         0  stubs.o ABSOLUTE
    _printf_widthprec                        0x00000000   Number         0  stubs.o ABSOLUTE
    _printf_x                                0x00000000   Number         0  stubs.o ABSOLUTE
    __cpp_initialize__aeabi_                  - Undefined Weak Reference
    __cxa_finalize                            - Undefined Weak Reference
    __decompress                              - Undefined Weak Reference
    _clock_init                               - Undefined Weak Reference
    _microlib_exit                            - Undefined Weak Reference
    __Vectors_Size                           0x000000ec   Number         0  startup_stm32f103xb.o ABSOLUTE
    __Vectors                                0x08000000   Data           4  startup_stm32f103xb.o(RESET)
    __Vectors_End                            0x080000ec   Data           0  startup_stm32f103xb.o(RESET)
    __main                                   0x080000ed   Thumb Code     0  entry.o(.ARM.Collect$$$$00000000)
    _main_stk                                0x080000ed   Thumb Code     0  entry2.o(.ARM.Collect$$$$00000001)
    _main_scatterload                        0x080000f1   Thumb Code     0  entry5.o(.ARM.Collect$$$$00000004)
    __main_after_scatterload                 0x080000f5   Thumb Code     0  entry5.o(.ARM.Collect$$$$00000004)
    _main_clock                              0x080000f5   Thumb Code     0  entry7b.o(.ARM.Collect$$$$00000008)
    _main_cpp_init                           0x080000f5   Thumb Code     0  entry8b.o(.ARM.Collect$$$$0000000A)
    _main_init                               0x080000f5   Thumb Code     0  entry9a.o(.ARM.Collect$$$$0000000B)
    __rt_final_cpp                           0x080000fd   Thumb Code     0  entry10a.o(.ARM.Collect$$$$0000000D)
    __rt_final_exit                          0x080000fd   Thumb Code     0  entry11a.o(.ARM.Collect$$$$0000000F)
    SVC_Handler                              0x08000101   Thumb Code    32  port.o(.emb_text)
    __asm___6_port_c_39a90d8d__prvStartFirstTask 0x08000125   Thumb Code    28  port.o(.emb_text)
    PendSV_Handler                           0x08000145   Thumb Code    72  port.o(.emb_text)
    vPortGetIPSR                             0x08000191   Thumb Code     6  port.o(.emb_text)
    Reset_Handler                            0x08000199   Thumb Code     8  startup_stm32f103xb.o(.text)
    CAN1_RX1_IRQHandler                      0x080001b3   Thumb Code     0  startup_stm32f103xb.o(.text)
    CAN1_SCE_IRQHandler                      0x080001b3   Thumb Code     0  startup_stm32f103xb.o(.text)
    DMA1_Channel4_IRQHandler                 0x080001b3   Thumb Code     0  startup_stm32f103xb.o(.text)
    DMA1_Channel6_IRQHandler                 0x080001b3   Thumb Code     0  startup_stm32f103xb.o(.text)
    DMA1_Channel7_IRQHandler                 0x080001b3   Thumb Code     0  startup_stm32f103xb.o(.text)
    EXTI0_IRQHandler                         0x080001b3   Thumb Code     0  startup_stm32f103xb.o(.text)
    EXTI15_10_IRQHandler                     0x080001b3   Thumb Code     0  startup_stm32f103xb.o(.text)
    EXTI1_IRQHandler                         0x080001b3   Thumb Code     0  startup_stm32f103xb.o(.text)
    EXTI2_IRQHandler                         0x080001b3   Thumb Code     0  startup_stm32f103xb.o(.text)
    EXTI3_IRQHandler                         0x080001b3   Thumb Code     0  startup_stm32f103xb.o(.text)
    EXTI4_IRQHandler                         0x080001b3   Thumb Code     0  startup_stm32f103xb.o(.text)
    EXTI9_5_IRQHandler                       0x080001b3   Thumb Code     0  startup_stm32f103xb.o(.text)
    FLASH_IRQHandler                         0x080001b3   Thumb Code     0  startup_stm32f103xb.o(.text)
    I2C1_ER_IRQHandler                       0x080001b3   Thumb Code     0  startup_stm32f103xb.o(.text)
    I2C1_EV_IRQHandler                       0x080001b3   Thumb Code     0  startup_stm32f103xb.o(.text)
    I2C2_ER_IRQHandler                       0x080001b3   Thumb Code     0  startup_stm32f103xb.o(.text)
    I2C2_EV_IRQHandler                       0x080001b3   Thumb Code     0  startup_stm32f103xb.o(.text)
    PVD_IRQHandler                           0x080001b3   Thumb Code     0  startup_stm32f103xb.o(.text)
    RCC_IRQHandler                           0x080001b3   Thumb Code     0  startup_stm32f103xb.o(.text)
    RTC_Alarm_IRQHandler                     0x080001b3   Thumb Code     0  startup_stm32f103xb.o(.text)
    RTC_IRQHandler                           0x080001b3   Thumb Code     0  startup_stm32f103xb.o(.text)
    SPI1_IRQHandler                          0x080001b3   Thumb Code     0  startup_stm32f103xb.o(.text)
    SPI2_IRQHandler                          0x080001b3   Thumb Code     0  startup_stm32f103xb.o(.text)
    TAMPER_IRQHandler                        0x080001b3   Thumb Code     0  startup_stm32f103xb.o(.text)
    TIM1_BRK_IRQHandler                      0x080001b3   Thumb Code     0  startup_stm32f103xb.o(.text)
    TIM1_CC_IRQHandler                       0x080001b3   Thumb Code     0  startup_stm32f103xb.o(.text)
    TIM1_TRG_COM_IRQHandler                  0x080001b3   Thumb Code     0  startup_stm32f103xb.o(.text)
    TIM1_UP_IRQHandler                       0x080001b3   Thumb Code     0  startup_stm32f103xb.o(.text)
    TIM4_IRQHandler                          0x080001b3   Thumb Code     0  startup_stm32f103xb.o(.text)
    USART1_IRQHandler                        0x080001b3   Thumb Code     0  startup_stm32f103xb.o(.text)
    USART2_IRQHandler                        0x080001b3   Thumb Code     0  startup_stm32f103xb.o(.text)
    USBWakeUp_IRQHandler                     0x080001b3   Thumb Code     0  startup_stm32f103xb.o(.text)
    USB_HP_CAN1_TX_IRQHandler                0x080001b3   Thumb Code     0  startup_stm32f103xb.o(.text)
    USB_LP_CAN1_RX0_IRQHandler               0x080001b3   Thumb Code     0  startup_stm32f103xb.o(.text)
    WWDG_IRQHandler                          0x080001b3   Thumb Code     0  startup_stm32f103xb.o(.text)
    __aeabi_memcpy                           0x080001bd   Thumb Code    36  memcpya.o(.text)
    __aeabi_memcpy4                          0x080001bd   Thumb Code     0  memcpya.o(.text)
    __aeabi_memcpy8                          0x080001bd   Thumb Code     0  memcpya.o(.text)
    __aeabi_memset                           0x080001e1   Thumb Code    14  memseta.o(.text)
    __aeabi_memset4                          0x080001e1   Thumb Code     0  memseta.o(.text)
    __aeabi_memset8                          0x080001e1   Thumb Code     0  memseta.o(.text)
    __aeabi_memclr                           0x080001ef   Thumb Code     4  memseta.o(.text)
    __aeabi_memclr4                          0x080001ef   Thumb Code     0  memseta.o(.text)
    __aeabi_memclr8                          0x080001ef   Thumb Code     0  memseta.o(.text)
    _memset$wrapper                          0x080001f3   Thumb Code    18  memseta.o(.text)
    __scatterload                            0x08000205   Thumb Code    28  init.o(.text)
    __scatterload_rt2                        0x08000205   Thumb Code     0  init.o(.text)
    ADC1_2_IRQHandler                        0x08000229   Thumb Code     6  stm32f1xx_it.o(i.ADC1_2_IRQHandler)
    ADC_ConversionStop_Disable               0x08000235   Thumb Code    76  stm32f1xx_hal_adc.o(i.ADC_ConversionStop_Disable)
    APP_TASK                                 0x08000281   Thumb Code     8  freertos.o(i.APP_TASK)
    BusFault_Handler                         0x08000289   Thumb Code     2  stm32f1xx_it.o(i.BusFault_Handler)
    DMA1_Channel1_IRQHandler                 0x0800028d   Thumb Code    62  fft_app.o(i.DMA1_Channel1_IRQHandler)
    DMA1_Channel2_IRQHandler                 0x080002e5   Thumb Code     6  stm32f1xx_it.o(i.DMA1_Channel2_IRQHandler)
    DMA1_Channel3_IRQHandler                 0x080002f1   Thumb Code     6  stm32f1xx_it.o(i.DMA1_Channel3_IRQHandler)
    DMA1_Channel5_IRQHandler                 0x080002fd   Thumb Code   126  bsp_ws2812.o(i.DMA1_Channel5_IRQHandler)
    DMA_Callback_init                        0x0800038d   Thumb Code    14  bsp_ws2812.o(i.DMA_Callback_init)
    DMA_CpltCallback                         0x0800039b   Thumb Code     2  bsp_ws2812.o(i.DMA_CpltCallback)
    DMA_HalfCpltCallback                     0x0800039d   Thumb Code     2  bsp_ws2812.o(i.DMA_HalfCpltCallback)
    DMA_RegisterCpltCallback                 0x080003a1   Thumb Code    10  bsp_ws2812.o(i.DMA_RegisterCpltCallback)
    DMA_RegisterHalfCallback                 0x080003b5   Thumb Code    10  bsp_ws2812.o(i.DMA_RegisterHalfCallback)
    DMA_WS2812_Reset                         0x080003f5   Thumb Code    58  bsp_ws2812.o(i.DMA_WS2812_Reset)
    DMA_WS2812_circulation_buf_more          0x08000441   Thumb Code   950  ws2812_app.o(i.DMA_WS2812_circulation_buf_more)
    DMA_WS2812_circulation_more              0x080007fd   Thumb Code   158  ws2812_app.o(i.DMA_WS2812_circulation_more)
    DMA_WS2812_light                         0x080008a1   Thumb Code    72  bsp_ws2812.o(i.DMA_WS2812_light)
    DebugMon_Handler                         0x080008f9   Thumb Code     2  stm32f1xx_it.o(i.DebugMon_Handler)
    FFT_TASK                                 0x080008fb   Thumb Code     8  freertos.o(i.FFT_TASK)
    GRBTOPWM                                 0x08000905   Thumb Code   148  bsp_ws2812.o(i.GRBTOPWM)
    HAL_ADCEx_InjectedConvCpltCallback       0x080009a1   Thumb Code     2  stm32f1xx_hal_adc_ex.o(i.HAL_ADCEx_InjectedConvCpltCallback)
    HAL_ADC_ConfigChannel                    0x080009a5   Thumb Code   240  stm32f1xx_hal_adc.o(i.HAL_ADC_ConfigChannel)
    HAL_ADC_ConvCpltCallback                 0x08000aa1   Thumb Code     2  fft_app.o(i.HAL_ADC_ConvCpltCallback)
    HAL_ADC_IRQHandler                       0x08000aa3   Thumb Code   230  stm32f1xx_hal_adc.o(i.HAL_ADC_IRQHandler)
    HAL_ADC_Init                             0x08000b89   Thumb Code   272  stm32f1xx_hal_adc.o(i.HAL_ADC_Init)
    HAL_ADC_LevelOutOfWindowCallback         0x08000ca5   Thumb Code     2  stm32f1xx_hal_adc.o(i.HAL_ADC_LevelOutOfWindowCallback)
    HAL_ADC_MspInit                          0x08000ca9   Thumb Code   102  stm32f1xx_hal_msp.o(i.HAL_ADC_MspInit)
    HAL_ADC_Stop_DMA                         0x08000d41   Thumb Code    76  stm32f1xx_hal_adc.o(i.HAL_ADC_Stop_DMA)
    HAL_DMA_Abort                            0x08000d8d   Thumb Code    48  stm32f1xx_hal_dma.o(i.HAL_DMA_Abort)
    HAL_DMA_Abort_IT                         0x08000dbd   Thumb Code   148  stm32f1xx_hal_dma.o(i.HAL_DMA_Abort_IT)
    HAL_DMA_IRQHandler                       0x08000e55   Thumb Code   316  stm32f1xx_hal_dma.o(i.HAL_DMA_IRQHandler)
    HAL_DMA_Init                             0x08000fa9   Thumb Code    92  stm32f1xx_hal_dma.o(i.HAL_DMA_Init)
    HAL_DMA_RegisterCallback                 0x0800100d   Thumb Code    74  stm32f1xx_hal_dma.o(i.HAL_DMA_RegisterCallback)
    HAL_DMA_Start_IT                         0x08001057   Thumb Code   112  stm32f1xx_hal_dma.o(i.HAL_DMA_Start_IT)
    HAL_GPIO_Init                            0x080010c9   Thumb Code   408  stm32f1xx_hal_gpio.o(i.HAL_GPIO_Init)
    HAL_GPIO_WritePin                        0x08001285   Thumb Code    10  stm32f1xx_hal_gpio.o(i.HAL_GPIO_WritePin)
    HAL_GetTick                              0x08001291   Thumb Code     6  stm32f1xx_hal.o(i.HAL_GetTick)
    HAL_IncTick                              0x0800129d   Thumb Code    12  stm32f1xx_hal.o(i.HAL_IncTick)
    HAL_Init                                 0x080012ad   Thumb Code    32  stm32f1xx_hal.o(i.HAL_Init)
    HAL_InitTick                             0x080012d1   Thumb Code    54  stm32f1xx_hal.o(i.HAL_InitTick)
    HAL_MspInit                              0x08001311   Thumb Code   118  stm32f1xx_hal_msp.o(i.HAL_MspInit)
    HAL_NVIC_EnableIRQ                       0x08001391   Thumb Code    22  stm32f1xx_hal_cortex.o(i.HAL_NVIC_EnableIRQ)
    HAL_NVIC_SetPriority                     0x080013a9   Thumb Code    60  stm32f1xx_hal_cortex.o(i.HAL_NVIC_SetPriority)
    HAL_NVIC_SetPriorityGrouping             0x080013e9   Thumb Code    26  stm32f1xx_hal_cortex.o(i.HAL_NVIC_SetPriorityGrouping)
    HAL_RCCEx_PeriphCLKConfig                0x0800140d   Thumb Code   224  stm32f1xx_hal_rcc_ex.o(i.HAL_RCCEx_PeriphCLKConfig)
    HAL_RCC_CSSCallback                      0x080014f9   Thumb Code     2  stm32f1xx_hal_rcc.o(i.HAL_RCC_CSSCallback)
    HAL_RCC_ClockConfig                      0x080014fd   Thumb Code   322  stm32f1xx_hal_rcc.o(i.HAL_RCC_ClockConfig)
    HAL_RCC_EnableCSS                        0x08001651   Thumb Code     8  stm32f1xx_hal_rcc.o(i.HAL_RCC_EnableCSS)
    HAL_RCC_GetHCLKFreq                      0x0800165d   Thumb Code     6  stm32f1xx_hal_rcc.o(i.HAL_RCC_GetHCLKFreq)
    HAL_RCC_GetPCLK1Freq                     0x08001669   Thumb Code    20  stm32f1xx_hal_rcc.o(i.HAL_RCC_GetPCLK1Freq)
    HAL_RCC_GetPCLK2Freq                     0x08001689   Thumb Code    20  stm32f1xx_hal_rcc.o(i.HAL_RCC_GetPCLK2Freq)
    HAL_RCC_GetSysClockFreq                  0x080016a9   Thumb Code    74  stm32f1xx_hal_rcc.o(i.HAL_RCC_GetSysClockFreq)
    HAL_RCC_NMI_IRQHandler                   0x08001715   Thumb Code    20  stm32f1xx_hal_rcc.o(i.HAL_RCC_NMI_IRQHandler)
    HAL_RCC_OscConfig                        0x0800172d   Thumb Code   750  stm32f1xx_hal_rcc.o(i.HAL_RCC_OscConfig)
    HAL_SPI_Init                             0x08001a31   Thumb Code   130  stm32f1xx_hal_spi_ex.o(i.HAL_SPI_Init)
    HAL_SPI_MspInit                          0x08001ab5   Thumb Code    74  stm32f1xx_hal_msp.o(i.HAL_SPI_MspInit)
    HAL_SYSTICK_CLKSourceConfig              0x08001b0d   Thumb Code    24  stm32f1xx_hal_cortex.o(i.HAL_SYSTICK_CLKSourceConfig)
    HAL_SYSTICK_Config                       0x08001b25   Thumb Code    40  stm32f1xx_hal_cortex.o(i.HAL_SYSTICK_Config)
    HAL_TIMEx_BreakCallback                  0x08001b4d   Thumb Code     2  stm32f1xx_hal_tim_ex.o(i.HAL_TIMEx_BreakCallback)
    HAL_TIMEx_CommutationCallback            0x08001b4f   Thumb Code     2  stm32f1xx_hal_tim_ex.o(i.HAL_TIMEx_CommutationCallback)
    HAL_TIMEx_MasterConfigSynchronization    0x08001b51   Thumb Code    80  stm32f1xx_hal_tim_ex.o(i.HAL_TIMEx_MasterConfigSynchronization)
    HAL_TIM_Base_Init                        0x08001ba1   Thumb Code    54  stm32f1xx_hal_tim.o(i.HAL_TIM_Base_Init)
    HAL_TIM_Base_MspInit                     0x08001bd9   Thumb Code   108  stm32f1xx_hal_msp.o(i.HAL_TIM_Base_MspInit)
    HAL_TIM_ConfigClockSource                0x08001c71   Thumb Code   242  stm32f1xx_hal_tim.o(i.HAL_TIM_ConfigClockSource)
    HAL_TIM_ErrorCallback                    0x08001d63   Thumb Code     2  stm32f1xx_hal_tim.o(i.HAL_TIM_ErrorCallback)
    HAL_TIM_IC_CaptureCallback               0x08001d65   Thumb Code     2  stm32f1xx_hal_tim.o(i.HAL_TIM_IC_CaptureCallback)
    HAL_TIM_IRQHandler                       0x08001d67   Thumb Code   358  stm32f1xx_hal_tim.o(i.HAL_TIM_IRQHandler)
    HAL_TIM_MspPostInit                      0x08001ecd   Thumb Code    50  stm32f1xx_hal_msp.o(i.HAL_TIM_MspPostInit)
    HAL_TIM_OC_DelayElapsedCallback          0x08001f09   Thumb Code     2  stm32f1xx_hal_tim.o(i.HAL_TIM_OC_DelayElapsedCallback)
    HAL_TIM_PWM_ConfigChannel                0x08001f0b   Thumb Code   208  stm32f1xx_hal_tim.o(i.HAL_TIM_PWM_ConfigChannel)
    HAL_TIM_PWM_Init                         0x08001fdb   Thumb Code    54  stm32f1xx_hal_tim.o(i.HAL_TIM_PWM_Init)
    HAL_TIM_PWM_MspInit                      0x08002011   Thumb Code     2  stm32f1xx_hal_tim.o(i.HAL_TIM_PWM_MspInit)
    HAL_TIM_PWM_PulseFinishedCallback        0x08002013   Thumb Code     2  bsp_tim.o(i.HAL_TIM_PWM_PulseFinishedCallback)
    HAL_TIM_PWM_Start_DMA                    0x08002015   Thumb Code   216  stm32f1xx_hal_tim.o(i.HAL_TIM_PWM_Start_DMA)
    HAL_TIM_PWM_Stop_DMA                     0x080020f9   Thumb Code   128  stm32f1xx_hal_tim.o(i.HAL_TIM_PWM_Stop_DMA)
    HAL_TIM_PeriodElapsedCallback            0x0800217d   Thumb Code     2  bsp_tim.o(i.HAL_TIM_PeriodElapsedCallback)
    HAL_TIM_TriggerCallback                  0x0800217f   Thumb Code     2  stm32f1xx_hal_tim.o(i.HAL_TIM_TriggerCallback)
    HAL_UART_DMAStop                         0x08002181   Thumb Code    88  stm32f1xx_hal_uart.o(i.HAL_UART_DMAStop)
    HAL_UART_ErrorCallback                   0x080021d9   Thumb Code     2  stm32f1xx_hal_uart.o(i.HAL_UART_ErrorCallback)
    HAL_UART_IRQHandler                      0x080021dd   Thumb Code   266  stm32f1xx_hal_uart.o(i.HAL_UART_IRQHandler)
    HAL_UART_Init                            0x080022ed   Thumb Code    98  stm32f1xx_hal_uart.o(i.HAL_UART_Init)
    HAL_UART_MspInit                         0x08002351   Thumb Code   220  stm32f1xx_hal_msp.o(i.HAL_UART_MspInit)
    HAL_UART_Receive_DMA                     0x08002469   Thumb Code   138  stm32f1xx_hal_uart.o(i.HAL_UART_Receive_DMA)
    HAL_UART_RxCpltCallback                  0x08002501   Thumb Code     2  bsp_usart.o(i.HAL_UART_RxCpltCallback)
    HAL_UART_RxHalfCpltCallback              0x08002503   Thumb Code     2  stm32f1xx_hal_uart.o(i.HAL_UART_RxHalfCpltCallback)
    HAL_UART_TxCpltCallback                  0x08002505   Thumb Code     2  stm32f1xx_hal_uart.o(i.HAL_UART_TxCpltCallback)
    HardFault_Handler                        0x08002507   Thumb Code     2  stm32f1xx_it.o(i.HardFault_Handler)
    MX_ADC1_Init                             0x08002509   Thumb Code    72  bsp_adc.o(i.MX_ADC1_Init)
    MX_DMA_Init                              0x0800256d   Thumb Code    56  bsp_dma.o(i.MX_DMA_Init)
    MX_GPIO_Init                             0x080025a9   Thumb Code   108  bsp_gpio.o(i.MX_GPIO_Init)
    MX_SPI1_Init                             0x0800268d   Thumb Code    66  bsp_nrf24l01.o(i.MX_SPI1_Init)
    MX_TIM2_Init                             0x080026f1   Thumb Code   142  bsp_tim.o(i.MX_TIM2_Init)
    MX_TIM3_Init                             0x08002799   Thumb Code    94  bsp_tim.o(i.MX_TIM3_Init)
    MX_USART1_UART_Init                      0x08002815   Thumb Code    52  bsp_usart.o(i.MX_USART1_UART_Init)
    MX_USART3_UART_Init                      0x08002865   Thumb Code    52  bsp_usart.o(i.MX_USART3_UART_Init)
    MemManage_Handler                        0x080028b5   Thumb Code     2  stm32f1xx_it.o(i.MemManage_Handler)
    NMI_Handler                              0x080028b7   Thumb Code     4  stm32f1xx_it.o(i.NMI_Handler)
    SET_PWM_DMA_DODE                         0x080028dd   Thumb Code    78  bsp_ws2812.o(i.SET_PWM_DMA_DODE)
    SysTick_Handler                          0x08002951   Thumb Code    14  stm32f1xx_it.o(i.SysTick_Handler)
    SystemClock_Config                       0x0800295f   Thumb Code   126  main.o(i.SystemClock_Config)
    SystemInit                               0x080029dd   Thumb Code    56  system_stm32f1xx.o(i.SystemInit)
    TIM2_IRQHandler                          0x08002a25   Thumb Code     6  stm32f1xx_it.o(i.TIM2_IRQHandler)
    TIM3_IRQHandler                          0x08002a31   Thumb Code     6  stm32f1xx_it.o(i.TIM3_IRQHandler)
    TIM_Base_SetConfig                       0x08002a3d   Thumb Code    94  stm32f1xx_hal_tim.o(i.TIM_Base_SetConfig)
    TIM_CCxChannelCmd                        0x08002aa9   Thumb Code    22  stm32f1xx_hal_tim.o(i.TIM_CCxChannelCmd)
    TIM_DMADelayPulseCplt                    0x08002abf   Thumb Code    62  stm32f1xx_hal_tim.o(i.TIM_DMADelayPulseCplt)
    TIM_DMAError                             0x08002afd   Thumb Code    16  stm32f1xx_hal_tim.o(i.TIM_DMAError)
    TIM_OC2_SetConfig                        0x08002b81   Thumb Code    84  stm32f1xx_hal_tim.o(i.TIM_OC2_SetConfig)
    USART3_IRQHandler                        0x08002ff5   Thumb Code    20  stm32f1xx_it.o(i.USART3_IRQHandler)
    UsageFault_Handler                       0x08003011   Thumb Code     2  stm32f1xx_it.o(i.UsageFault_Handler)
    UsartReceive_IDLE                        0x08003013   Thumb Code    60  bsp_usart.o(i.UsartReceive_IDLE)
    WS128_TASK                               0x0800304f   Thumb Code    36  freertos.o(i.WS128_TASK)
    _Error_Handler                           0x08003073   Thumb Code     2  main.o(i._Error_Handler)
    __scatterload_copy                       0x08003075   Thumb Code    14  handlers.o(i.__scatterload_copy)
    __scatterload_null                       0x08003083   Thumb Code     2  handlers.o(i.__scatterload_null)
    __scatterload_zeroinit                   0x08003085   Thumb Code    14  handlers.o(i.__scatterload_zeroinit)
    main                                     0x08003095   Thumb Code   118  main.o(i.main)
    osDelay                                  0x08003121   Thumb Code    14  cmsis_os.o(i.osDelay)
    osKernelStart                            0x0800312f   Thumb Code    10  cmsis_os.o(i.osKernelStart)
    osSystickHandler                         0x08003139   Thumb Code    20  cmsis_os.o(i.osSystickHandler)
    osThreadCreate                           0x0800314d   Thumb Code    46  cmsis_os.o(i.osThreadCreate)
    pvPortMalloc                             0x080034b5   Thumb Code   210  heap_4.o(i.pvPortMalloc)
    pxPortInitialiseStack                    0x0800358d   Thumb Code    32  port.o(i.pxPortInitialiseStack)
    reset_led_light                          0x080035b1   Thumb Code    38  bsp_ws2812.o(i.reset_led_light)
    shift_buf_to_data_one                    0x080035dd   Thumb Code   120  bsp_ws2812.o(i.shift_buf_to_data_one)
    shift_buf_to_data_two                    0x08003659   Thumb Code   120  bsp_ws2812.o(i.shift_buf_to_data_two)
    uxListRemove                             0x080036d5   Thumb Code    36  list.o(i.uxListRemove)
    vListInitialise                          0x080036f9   Thumb Code    22  list.o(i.vListInitialise)
    vListInitialiseItem                      0x0800370f   Thumb Code     6  list.o(i.vListInitialiseItem)
    vListInsert                              0x08003715   Thumb Code    48  list.o(i.vListInsert)
    vListInsertEnd                           0x08003745   Thumb Code    24  list.o(i.vListInsertEnd)
    vPortEnterCritical                       0x0800375d   Thumb Code    54  port.o(i.vPortEnterCritical)
    vPortExitCritical                        0x0800379d   Thumb Code    34  port.o(i.vPortExitCritical)
    vPortFree                                0x080037c5   Thumb Code    88  heap_4.o(i.vPortFree)
    vPortSetupTimerInterrupt                 0x08003821   Thumb Code    26  port.o(i.vPortSetupTimerInterrupt)
    vTaskDelay                               0x08003841   Thumb Code    66  tasks.o(i.vTaskDelay)
    vTaskStartScheduler                      0x0800388d   Thumb Code    86  tasks.o(i.vTaskStartScheduler)
    vTaskSuspendAll                          0x080038f5   Thumb Code    10  tasks.o(i.vTaskSuspendAll)
    vTaskSwitchContext                       0x08003905   Thumb Code    82  tasks.o(i.vTaskSwitchContext)
    xPortStartScheduler                      0x08003961   Thumb Code   102  port.o(i.xPortStartScheduler)
    xPortSysTickHandler                      0x080039d5   Thumb Code    38  port.o(i.xPortSysTickHandler)
    xTaskCreate                              0x08003a01   Thumb Code    86  tasks.o(i.xTaskCreate)
    xTaskGetSchedulerState                   0x08003a59   Thumb Code    22  tasks.o(i.xTaskGetSchedulerState)
    xTaskIncrementTick                       0x08003a75   Thumb Code   192  tasks.o(i.xTaskIncrementTick)
    xTaskResumeAll                           0x08003b3d   Thumb Code   182  tasks.o(i.xTaskResumeAll)
    AHBPrescTable                            0x08003c3c   Data          16  system_stm32f1xx.o(.constdata)
    APBPrescTable                            0x08003c4c   Data           8  system_stm32f1xx.o(.constdata)
    Region$$Table$$Base                      0x08003c78   Number         0  anon$$obj.o(Region$$Table)
    Region$$Table$$Limit                     0x08003c98   Number         0  anon$$obj.o(Region$$Table)
    defaultTaskHandle                        0x20000000   Data           4  main.o(.data)
    WS12TASKHandle                           0x20000004   Data           4  main.o(.data)
    myTask03Handle                           0x20000008   Data           4  main.o(.data)
    SystemCoreClock                          0x2000000c   Data           4  system_stm32f1xx.o(.data)
    uwTickFreq                               0x20000010   Data           1  stm32f1xx_hal.o(.data)
    uwTickPrio                               0x20000014   Data           4  stm32f1xx_hal.o(.data)
    uwTick                                   0x20000018   Data           4  stm32f1xx_hal.o(.data)
    reset_flag                               0x2000001c   Data           1  bsp_ws2812.o(.data)
    mie_flag                                 0x2000001d   Data           1  bsp_ws2812.o(.data)
    light_flag                               0x2000001e   Data           1  bsp_ws2812.o(.data)
    mie_led_count                            0x20000020   Data           2  bsp_ws2812.o(.data)
    mie_led_max                              0x20000022   Data           2  bsp_ws2812.o(.data)
    light_led_max                            0x20000024   Data           2  bsp_ws2812.o(.data)
    light_led_count                          0x20000026   Data           2  bsp_ws2812.o(.data)
    ws28128_mie_buf                          0x20000028   Data          96  bsp_ws2812.o(.data)
    tx_comple_flag                           0x20000088   Data           1  ws2812_app.o(.data)
    CON_FALG                                 0x20000089   Data           1  fft_app.o(.data)
    pxCurrentTCB                             0x2000008c   Data           4  tasks.o(.data)
    hadc1                                    0x200000ec   Data          48  main.o(.bss)
    hdma_adc1                                0x2000011c   Data          68  main.o(.bss)
    hspi1                                    0x20000160   Data          88  main.o(.bss)
    htim2                                    0x200001b8   Data          64  main.o(.bss)
    htim3                                    0x200001f8   Data          64  main.o(.bss)
    hdma_tim2_ch1                            0x20000238   Data          68  main.o(.bss)
    huart1                                   0x2000027c   Data          64  main.o(.bss)
    huart3                                   0x200002bc   Data          64  main.o(.bss)
    hdma_usart3_rx                           0x200002fc   Data          68  main.o(.bss)
    hdma_usart3_tx                           0x20000340   Data          68  main.o(.bss)
    ws28128_reset_buf                        0x20000384   Data         100  bsp_ws2812.o(.bss)
    ws28128_color_buf                        0x200003e8   Data        3000  bsp_ws2812.o(.bss)
    ws28128_color_data                       0x20000fa0   Data          96  bsp_ws2812.o(.bss)
    UsartType3                               0x20001000   Data        2052  bsp_usart.o(.bss)
    uhADCxConvertedValue1                    0x20001804   Data        1024  fft_app.o(.bss)
    __initial_sp                             0x20004fd8   Data           0  startup_stm32f103xb.o(STACK)



==============================================================================

Memory Map of the image

  Image Entry point : 0x080000ed

  Load Region LR_IROM1 (Base: 0x08000000, Size: 0x00003d84, Max: 0x00010000, ABSOLUTE)

    Execution Region ER_IROM1 (Exec base: 0x08000000, Load base: 0x08000000, Size: 0x00003c98, Max: 0x00010000, ABSOLUTE)

    Exec Addr    Load Addr    Size         Type   Attr      Idx    E Section Name        Object

    0x08000000   0x08000000   0x000000ec   Data   RO          612    RESET               startup_stm32f103xb.o
    0x080000ec   0x080000ec   0x00000000   Code   RO         5546  * .ARM.Collect$$$$00000000  mc_w.l(entry.o)
    0x080000ec   0x080000ec   0x00000004   Code   RO         5911    .ARM.Collect$$$$00000001  mc_w.l(entry2.o)
    0x080000f0   0x080000f0   0x00000004   Code   RO         5914    .ARM.Collect$$$$00000004  mc_w.l(entry5.o)
    0x080000f4   0x080000f4   0x00000000   Code   RO         5916    .ARM.Collect$$$$00000008  mc_w.l(entry7b.o)
    0x080000f4   0x080000f4   0x00000000   Code   RO         5918    .ARM.Collect$$$$0000000A  mc_w.l(entry8b.o)
    0x080000f4   0x080000f4   0x00000008   Code   RO         5919    .ARM.Collect$$$$0000000B  mc_w.l(entry9a.o)
    0x080000fc   0x080000fc   0x00000000   Code   RO         5921    .ARM.Collect$$$$0000000D  mc_w.l(entry10a.o)
    0x080000fc   0x080000fc   0x00000000   Code   RO         5923    .ARM.Collect$$$$0000000F  mc_w.l(entry11a.o)
    0x080000fc   0x080000fc   0x00000004   Code   RO         5912    .ARM.Collect$$$$00002712  mc_w.l(entry2.o)
    0x08000100   0x08000100   0x00000096   Code   RO         5109    .emb_text           port.o
    0x08000196   0x08000196   0x00000002   PAD
    0x08000198   0x08000198   0x00000024   Code   RO          613    .text               startup_stm32f103xb.o
    0x080001bc   0x080001bc   0x00000024   Code   RO         5554    .text               mc_w.l(memcpya.o)
    0x080001e0   0x080001e0   0x00000024   Code   RO         5556    .text               mc_w.l(memseta.o)
    0x08000204   0x08000204   0x00000024   Code   RO         5954    .text               mc_w.l(init.o)
    0x08000228   0x08000228   0x0000000c   Code   RO          176    i.ADC1_2_IRQHandler  stm32f1xx_it.o
    0x08000234   0x08000234   0x0000004c   Code   RO         2542    i.ADC_ConversionStop_Disable  stm32f1xx_hal_adc.o
    0x08000280   0x08000280   0x00000008   Code   RO          420    i.APP_TASK          freertos.o
    0x08000288   0x08000288   0x00000002   Code   RO          177    i.BusFault_Handler  stm32f1xx_it.o
    0x0800028a   0x0800028a   0x00000002   PAD
    0x0800028c   0x0800028c   0x00000058   Code   RO         4359    i.DMA1_Channel1_IRQHandler  fft_app.o
    0x080002e4   0x080002e4   0x0000000c   Code   RO          178    i.DMA1_Channel2_IRQHandler  stm32f1xx_it.o
    0x080002f0   0x080002f0   0x0000000c   Code   RO          179    i.DMA1_Channel3_IRQHandler  stm32f1xx_it.o
    0x080002fc   0x080002fc   0x00000090   Code   RO         3571    i.DMA1_Channel5_IRQHandler  bsp_ws2812.o
    0x0800038c   0x0800038c   0x0000000e   Code   RO         3572    i.DMA_Callback_init  bsp_ws2812.o
    0x0800039a   0x0800039a   0x00000002   Code   RO         3573    i.DMA_CpltCallback  bsp_ws2812.o
    0x0800039c   0x0800039c   0x00000002   Code   RO         3574    i.DMA_HalfCpltCallback  bsp_ws2812.o
    0x0800039e   0x0800039e   0x00000002   PAD
    0x080003a0   0x080003a0   0x00000014   Code   RO         3575    i.DMA_RegisterCpltCallback  bsp_ws2812.o
    0x080003b4   0x080003b4   0x00000014   Code   RO         3576    i.DMA_RegisterHalfCallback  bsp_ws2812.o
    0x080003c8   0x080003c8   0x0000002a   Code   RO         1445    i.DMA_SetConfig     stm32f1xx_hal_dma.o
    0x080003f2   0x080003f2   0x00000002   PAD
    0x080003f4   0x080003f4   0x0000004c   Code   RO         3578    i.DMA_WS2812_Reset  bsp_ws2812.o
    0x08000440   0x08000440   0x000003bc   Code   RO         4170    i.DMA_WS2812_circulation_buf_more  ws2812_app.o
    0x080007fc   0x080007fc   0x000000a4   Code   RO         4171    i.DMA_WS2812_circulation_more  ws2812_app.o
    0x080008a0   0x080008a0   0x00000058   Code   RO         3585    i.DMA_WS2812_light  bsp_ws2812.o
    0x080008f8   0x080008f8   0x00000002   Code   RO          180    i.DebugMon_Handler  stm32f1xx_it.o
    0x080008fa   0x080008fa   0x00000008   Code   RO          421    i.FFT_TASK          freertos.o
    0x08000902   0x08000902   0x00000002   PAD
    0x08000904   0x08000904   0x0000009c   Code   RO         3587    i.GRBTOPWM          bsp_ws2812.o
    0x080009a0   0x080009a0   0x00000002   Code   RO         1234    i.HAL_ADCEx_InjectedConvCpltCallback  stm32f1xx_hal_adc_ex.o
    0x080009a2   0x080009a2   0x00000002   PAD
    0x080009a4   0x080009a4   0x000000fc   Code   RO         2548    i.HAL_ADC_ConfigChannel  stm32f1xx_hal_adc.o
    0x08000aa0   0x08000aa0   0x00000002   Code   RO         4360    i.HAL_ADC_ConvCpltCallback  fft_app.o
    0x08000aa2   0x08000aa2   0x000000e6   Code   RO         2556    i.HAL_ADC_IRQHandler  stm32f1xx_hal_adc.o
    0x08000b88   0x08000b88   0x0000011c   Code   RO         2557    i.HAL_ADC_Init      stm32f1xx_hal_adc.o
    0x08000ca4   0x08000ca4   0x00000002   Code   RO         2558    i.HAL_ADC_LevelOutOfWindowCallback  stm32f1xx_hal_adc.o
    0x08000ca6   0x08000ca6   0x00000002   PAD
    0x08000ca8   0x08000ca8   0x00000098   Code   RO            5    i.HAL_ADC_MspInit   stm32f1xx_hal_msp.o
    0x08000d40   0x08000d40   0x0000004c   Code   RO         2567    i.HAL_ADC_Stop_DMA  stm32f1xx_hal_adc.o
    0x08000d8c   0x08000d8c   0x00000030   Code   RO         1446    i.HAL_DMA_Abort     stm32f1xx_hal_dma.o
    0x08000dbc   0x08000dbc   0x00000098   Code   RO         1447    i.HAL_DMA_Abort_IT  stm32f1xx_hal_dma.o
    0x08000e54   0x08000e54   0x00000154   Code   RO         1451    i.HAL_DMA_IRQHandler  stm32f1xx_hal_dma.o
    0x08000fa8   0x08000fa8   0x00000064   Code   RO         1452    i.HAL_DMA_Init      stm32f1xx_hal_dma.o
    0x0800100c   0x0800100c   0x0000004a   Code   RO         1454    i.HAL_DMA_RegisterCallback  stm32f1xx_hal_dma.o
    0x08001056   0x08001056   0x00000070   Code   RO         1456    i.HAL_DMA_Start_IT  stm32f1xx_hal_dma.o
    0x080010c6   0x080010c6   0x00000002   PAD
    0x080010c8   0x080010c8   0x000001bc   Code   RO         2479    i.HAL_GPIO_Init     stm32f1xx_hal_gpio.o
    0x08001284   0x08001284   0x0000000a   Code   RO         2483    i.HAL_GPIO_WritePin  stm32f1xx_hal_gpio.o
    0x0800128e   0x0800128e   0x00000002   PAD
    0x08001290   0x08001290   0x0000000c   Code   RO          999    i.HAL_GetTick       stm32f1xx_hal.o
    0x0800129c   0x0800129c   0x00000010   Code   RO         1003    i.HAL_IncTick       stm32f1xx_hal.o
    0x080012ac   0x080012ac   0x00000024   Code   RO         1004    i.HAL_Init          stm32f1xx_hal.o
    0x080012d0   0x080012d0   0x00000040   Code   RO         1005    i.HAL_InitTick      stm32f1xx_hal.o
    0x08001310   0x08001310   0x00000080   Code   RO            6    i.HAL_MspInit       stm32f1xx_hal_msp.o
    0x08001390   0x08001390   0x00000016   Code   RO         1330    i.HAL_NVIC_EnableIRQ  stm32f1xx_hal_cortex.o
    0x080013a6   0x080013a6   0x00000002   PAD
    0x080013a8   0x080013a8   0x00000040   Code   RO         1336    i.HAL_NVIC_SetPriority  stm32f1xx_hal_cortex.o
    0x080013e8   0x080013e8   0x00000024   Code   RO         1337    i.HAL_NVIC_SetPriorityGrouping  stm32f1xx_hal_cortex.o
    0x0800140c   0x0800140c   0x000000ec   Code   RO         2173    i.HAL_RCCEx_PeriphCLKConfig  stm32f1xx_hal_rcc_ex.o
    0x080014f8   0x080014f8   0x00000002   Code   RO          658    i.HAL_RCC_CSSCallback  stm32f1xx_hal_rcc.o
    0x080014fa   0x080014fa   0x00000002   PAD
    0x080014fc   0x080014fc   0x00000154   Code   RO          659    i.HAL_RCC_ClockConfig  stm32f1xx_hal_rcc.o
    0x08001650   0x08001650   0x0000000c   Code   RO          662    i.HAL_RCC_EnableCSS  stm32f1xx_hal_rcc.o
    0x0800165c   0x0800165c   0x0000000c   Code   RO          664    i.HAL_RCC_GetHCLKFreq  stm32f1xx_hal_rcc.o
    0x08001668   0x08001668   0x00000020   Code   RO          666    i.HAL_RCC_GetPCLK1Freq  stm32f1xx_hal_rcc.o
    0x08001688   0x08001688   0x00000020   Code   RO          667    i.HAL_RCC_GetPCLK2Freq  stm32f1xx_hal_rcc.o
    0x080016a8   0x080016a8   0x0000006c   Code   RO          668    i.HAL_RCC_GetSysClockFreq  stm32f1xx_hal_rcc.o
    0x08001714   0x08001714   0x00000018   Code   RO          670    i.HAL_RCC_NMI_IRQHandler  stm32f1xx_hal_rcc.o
    0x0800172c   0x0800172c   0x00000304   Code   RO          671    i.HAL_RCC_OscConfig  stm32f1xx_hal_rcc.o
    0x08001a30   0x08001a30   0x00000082   Code   RO         3371    i.HAL_SPI_Init      stm32f1xx_hal_spi_ex.o
    0x08001ab2   0x08001ab2   0x00000002   PAD
    0x08001ab4   0x08001ab4   0x00000058   Code   RO            8    i.HAL_SPI_MspInit   stm32f1xx_hal_msp.o
    0x08001b0c   0x08001b0c   0x00000018   Code   RO         1339    i.HAL_SYSTICK_CLKSourceConfig  stm32f1xx_hal_cortex.o
    0x08001b24   0x08001b24   0x00000028   Code   RO         1341    i.HAL_SYSTICK_Config  stm32f1xx_hal_cortex.o
    0x08001b4c   0x08001b4c   0x00000002   Code   RO         2207    i.HAL_TIMEx_BreakCallback  stm32f1xx_hal_tim_ex.o
    0x08001b4e   0x08001b4e   0x00000002   Code   RO         2208    i.HAL_TIMEx_CommutationCallback  stm32f1xx_hal_tim_ex.o
    0x08001b50   0x08001b50   0x00000050   Code   RO         2224    i.HAL_TIMEx_MasterConfigSynchronization  stm32f1xx_hal_tim_ex.o
    0x08001ba0   0x08001ba0   0x00000036   Code   RO         1542    i.HAL_TIM_Base_Init  stm32f1xx_hal_tim.o
    0x08001bd6   0x08001bd6   0x00000002   PAD
    0x08001bd8   0x08001bd8   0x00000098   Code   RO           10    i.HAL_TIM_Base_MspInit  stm32f1xx_hal_msp.o
    0x08001c70   0x08001c70   0x000000f2   Code   RO         1551    i.HAL_TIM_ConfigClockSource  stm32f1xx_hal_tim.o
    0x08001d62   0x08001d62   0x00000002   Code   RO         1569    i.HAL_TIM_ErrorCallback  stm32f1xx_hal_tim.o
    0x08001d64   0x08001d64   0x00000002   Code   RO         1571    i.HAL_TIM_IC_CaptureCallback  stm32f1xx_hal_tim.o
    0x08001d66   0x08001d66   0x00000166   Code   RO         1584    i.HAL_TIM_IRQHandler  stm32f1xx_hal_tim.o
    0x08001ecc   0x08001ecc   0x0000003c   Code   RO           11    i.HAL_TIM_MspPostInit  stm32f1xx_hal_msp.o
    0x08001f08   0x08001f08   0x00000002   Code   RO         1587    i.HAL_TIM_OC_DelayElapsedCallback  stm32f1xx_hal_tim.o
    0x08001f0a   0x08001f0a   0x000000d0   Code   RO         1608    i.HAL_TIM_PWM_ConfigChannel  stm32f1xx_hal_tim.o
    0x08001fda   0x08001fda   0x00000036   Code   RO         1611    i.HAL_TIM_PWM_Init  stm32f1xx_hal_tim.o
    0x08002010   0x08002010   0x00000002   Code   RO         1613    i.HAL_TIM_PWM_MspInit  stm32f1xx_hal_tim.o
    0x08002012   0x08002012   0x00000002   Code   RO         3455    i.HAL_TIM_PWM_PulseFinishedCallback  bsp_tim.o
    0x08002014   0x08002014   0x000000e4   Code   RO         1616    i.HAL_TIM_PWM_Start_DMA  stm32f1xx_hal_tim.o
    0x080020f8   0x080020f8   0x00000084   Code   RO         1619    i.HAL_TIM_PWM_Stop_DMA  stm32f1xx_hal_tim.o
    0x0800217c   0x0800217c   0x00000002   Code   RO         3456    i.HAL_TIM_PeriodElapsedCallback  bsp_tim.o
    0x0800217e   0x0800217e   0x00000002   Code   RO         1625    i.HAL_TIM_TriggerCallback  stm32f1xx_hal_tim.o
    0x08002180   0x08002180   0x00000058   Code   RO         2741    i.HAL_UART_DMAStop  stm32f1xx_hal_uart.o
    0x080021d8   0x080021d8   0x00000002   Code   RO         2743    i.HAL_UART_ErrorCallback  stm32f1xx_hal_uart.o
    0x080021da   0x080021da   0x00000002   PAD
    0x080021dc   0x080021dc   0x00000110   Code   RO         2746    i.HAL_UART_IRQHandler  stm32f1xx_hal_uart.o
    0x080022ec   0x080022ec   0x00000062   Code   RO         2747    i.HAL_UART_Init     stm32f1xx_hal_uart.o
    0x0800234e   0x0800234e   0x00000002   PAD
    0x08002350   0x08002350   0x00000118   Code   RO           13    i.HAL_UART_MspInit  stm32f1xx_hal_msp.o
    0x08002468   0x08002468   0x00000098   Code   RO         2751    i.HAL_UART_Receive_DMA  stm32f1xx_hal_uart.o
    0x08002500   0x08002500   0x00000002   Code   RO         3854    i.HAL_UART_RxCpltCallback  bsp_usart.o
    0x08002502   0x08002502   0x00000002   Code   RO         2754    i.HAL_UART_RxHalfCpltCallback  stm32f1xx_hal_uart.o
    0x08002504   0x08002504   0x00000002   Code   RO         2758    i.HAL_UART_TxCpltCallback  stm32f1xx_hal_uart.o
    0x08002506   0x08002506   0x00000002   Code   RO          181    i.HardFault_Handler  stm32f1xx_it.o
    0x08002508   0x08002508   0x00000064   Code   RO         3824    i.MX_ADC1_Init      bsp_adc.o
    0x0800256c   0x0800256c   0x0000003c   Code   RO         3800    i.MX_DMA_Init       bsp_dma.o
    0x080025a8   0x080025a8   0x0000007c   Code   RO         3544    i.MX_GPIO_Init      bsp_gpio.o
    0x08002624   0x08002624   0x00000066   Code   RO          327    i.MX_NVIC_Init      main.o
    0x0800268a   0x0800268a   0x00000002   PAD
    0x0800268c   0x0800268c   0x00000064   Code   RO         4031    i.MX_SPI1_Init      bsp_nrf24l01.o
    0x080026f0   0x080026f0   0x000000a8   Code   RO         3457    i.MX_TIM2_Init      bsp_tim.o
    0x08002798   0x08002798   0x0000007c   Code   RO         3458    i.MX_TIM3_Init      bsp_tim.o
    0x08002814   0x08002814   0x00000050   Code   RO         3855    i.MX_USART1_UART_Init  bsp_usart.o
    0x08002864   0x08002864   0x00000050   Code   RO         3856    i.MX_USART3_UART_Init  bsp_usart.o
    0x080028b4   0x080028b4   0x00000002   Code   RO          182    i.MemManage_Handler  stm32f1xx_it.o
    0x080028b6   0x080028b6   0x00000004   Code   RO          183    i.NMI_Handler       stm32f1xx_it.o
    0x080028ba   0x080028ba   0x00000020   Code   RO         1343    i.NVIC_SetPriority  stm32f1xx_hal_cortex.o
    0x080028da   0x080028da   0x00000002   PAD
    0x080028dc   0x080028dc   0x00000074   Code   RO         3594    i.SET_PWM_DMA_DODE  bsp_ws2812.o
    0x08002950   0x08002950   0x0000000e   Code   RO          184    i.SysTick_Handler   stm32f1xx_it.o
    0x0800295e   0x0800295e   0x0000007e   Code   RO          328    i.SystemClock_Config  main.o
    0x080029dc   0x080029dc   0x00000048   Code   RO          621    i.SystemInit        system_stm32f1xx.o
    0x08002a24   0x08002a24   0x0000000c   Code   RO          185    i.TIM2_IRQHandler   stm32f1xx_it.o
    0x08002a30   0x08002a30   0x0000000c   Code   RO          186    i.TIM3_IRQHandler   stm32f1xx_it.o
    0x08002a3c   0x08002a3c   0x0000006c   Code   RO         1626    i.TIM_Base_SetConfig  stm32f1xx_hal_tim.o
    0x08002aa8   0x08002aa8   0x00000016   Code   RO         1627    i.TIM_CCxChannelCmd  stm32f1xx_hal_tim.o
    0x08002abe   0x08002abe   0x0000003e   Code   RO         1629    i.TIM_DMADelayPulseCplt  stm32f1xx_hal_tim.o
    0x08002afc   0x08002afc   0x00000010   Code   RO         1630    i.TIM_DMAError      stm32f1xx_hal_tim.o
    0x08002b0c   0x08002b0c   0x00000014   Code   RO         1633    i.TIM_ETR_SetConfig  stm32f1xx_hal_tim.o
    0x08002b20   0x08002b20   0x00000010   Code   RO         1634    i.TIM_ITRx_SetConfig  stm32f1xx_hal_tim.o
    0x08002b30   0x08002b30   0x00000050   Code   RO         1635    i.TIM_OC1_SetConfig  stm32f1xx_hal_tim.o
    0x08002b80   0x08002b80   0x00000058   Code   RO         1636    i.TIM_OC2_SetConfig  stm32f1xx_hal_tim.o
    0x08002bd8   0x08002bd8   0x00000058   Code   RO         1637    i.TIM_OC3_SetConfig  stm32f1xx_hal_tim.o
    0x08002c30   0x08002c30   0x00000044   Code   RO         1638    i.TIM_OC4_SetConfig  stm32f1xx_hal_tim.o
    0x08002c74   0x08002c74   0x00000022   Code   RO         1640    i.TIM_TI1_ConfigInputStage  stm32f1xx_hal_tim.o
    0x08002c96   0x08002c96   0x00000024   Code   RO         1642    i.TIM_TI2_ConfigInputStage  stm32f1xx_hal_tim.o
    0x08002cba   0x08002cba   0x00000010   Code   RO         2760    i.UART_DMAAbortOnError  stm32f1xx_hal_uart.o
    0x08002cca   0x08002cca   0x0000004a   Code   RO         2761    i.UART_DMAError     stm32f1xx_hal_uart.o
    0x08002d14   0x08002d14   0x0000003c   Code   RO         2762    i.UART_DMAReceiveCplt  stm32f1xx_hal_uart.o
    0x08002d50   0x08002d50   0x0000000a   Code   RO         2764    i.UART_DMARxHalfCplt  stm32f1xx_hal_uart.o
    0x08002d5a   0x08002d5a   0x0000001c   Code   RO         2770    i.UART_EndRxTransfer  stm32f1xx_hal_uart.o
    0x08002d76   0x08002d76   0x00000012   Code   RO         2771    i.UART_EndTxTransfer  stm32f1xx_hal_uart.o
    0x08002d88   0x08002d88   0x00000096   Code   RO         2772    i.UART_Receive_IT   stm32f1xx_hal_uart.o
    0x08002e1e   0x08002e1e   0x00000002   PAD
    0x08002e20   0x08002e20   0x00000170   Code   RO         2773    i.UART_SetConfig    stm32f1xx_hal_uart.o
    0x08002f90   0x08002f90   0x00000062   Code   RO         2774    i.UART_Transmit_IT  stm32f1xx_hal_uart.o
    0x08002ff2   0x08002ff2   0x00000002   PAD
    0x08002ff4   0x08002ff4   0x0000001c   Code   RO          187    i.USART3_IRQHandler  stm32f1xx_it.o
    0x08003010   0x08003010   0x00000002   Code   RO          188    i.UsageFault_Handler  stm32f1xx_it.o
    0x08003012   0x08003012   0x0000003c   Code   RO         3857    i.UsartReceive_IDLE  bsp_usart.o
    0x0800304e   0x0800304e   0x00000024   Code   RO          422    i.WS128_TASK        freertos.o
    0x08003072   0x08003072   0x00000002   Code   RO          329    i._Error_Handler    main.o
    0x08003074   0x08003074   0x0000000e   Code   RO         5962    i.__scatterload_copy  mc_w.l(handlers.o)
    0x08003082   0x08003082   0x00000002   Code   RO         5963    i.__scatterload_null  mc_w.l(handlers.o)
    0x08003084   0x08003084   0x0000000e   Code   RO         5964    i.__scatterload_zeroinit  mc_w.l(handlers.o)
    0x08003092   0x08003092   0x00000002   PAD
    0x08003094   0x08003094   0x00000080   Code   RO          330    i.main              main.o
    0x08003114   0x08003114   0x0000000c   Code   RO         4739    i.makeFreeRtosPriority  cmsis_os.o
    0x08003120   0x08003120   0x0000000e   Code   RO         4741    i.osDelay           cmsis_os.o
    0x0800312e   0x0800312e   0x0000000a   Code   RO         4744    i.osKernelStart     cmsis_os.o
    0x08003138   0x08003138   0x00000014   Code   RO         4777    i.osSystickHandler  cmsis_os.o
    0x0800314c   0x0800314c   0x0000002e   Code   RO         4778    i.osThreadCreate    cmsis_os.o
    0x0800317a   0x0800317a   0x00000002   PAD
    0x0800317c   0x0800317c   0x00000070   Code   RO         4429    i.prvAddCurrentTaskToDelayedList  tasks.o
    0x080031ec   0x080031ec   0x000000d0   Code   RO         4430    i.prvAddNewTaskToReadyList  tasks.o
    0x080032bc   0x080032bc   0x00000050   Code   RO         4431    i.prvCheckTasksWaitingTermination  tasks.o
    0x0800330c   0x0800330c   0x00000014   Code   RO         4432    i.prvDeleteTCB      tasks.o
    0x08003320   0x08003320   0x00000048   Code   RO         5254    i.prvHeapInit       heap_4.o
    0x08003368   0x08003368   0x00000028   Code   RO         4433    i.prvIdleTask       tasks.o
    0x08003390   0x08003390   0x0000008e   Code   RO         4434    i.prvInitialiseNewTask  tasks.o
    0x0800341e   0x0800341e   0x00000002   PAD
    0x08003420   0x08003420   0x0000004c   Code   RO         5255    i.prvInsertBlockIntoFreeList  heap_4.o
    0x0800346c   0x0800346c   0x00000020   Code   RO         4435    i.prvResetNextTaskUnblockTime  tasks.o
    0x0800348c   0x0800348c   0x00000028   Code   RO         5110    i.prvTaskExitError  port.o
    0x080034b4   0x080034b4   0x000000d8   Code   RO         5256    i.pvPortMalloc      heap_4.o
    0x0800358c   0x0800358c   0x00000024   Code   RO         5111    i.pxPortInitialiseStack  port.o
    0x080035b0   0x080035b0   0x0000002c   Code   RO         3599    i.reset_led_light   bsp_ws2812.o
    0x080035dc   0x080035dc   0x0000007c   Code   RO         3600    i.shift_buf_to_data_one  bsp_ws2812.o
    0x08003658   0x08003658   0x0000007c   Code   RO         3601    i.shift_buf_to_data_two  bsp_ws2812.o
    0x080036d4   0x080036d4   0x00000024   Code   RO         5315    i.uxListRemove      list.o
    0x080036f8   0x080036f8   0x00000016   Code   RO         5316    i.vListInitialise   list.o
    0x0800370e   0x0800370e   0x00000006   Code   RO         5317    i.vListInitialiseItem  list.o
    0x08003714   0x08003714   0x00000030   Code   RO         5318    i.vListInsert       list.o
    0x08003744   0x08003744   0x00000018   Code   RO         5319    i.vListInsertEnd    list.o
    0x0800375c   0x0800375c   0x00000040   Code   RO         5113    i.vPortEnterCritical  port.o
    0x0800379c   0x0800379c   0x00000028   Code   RO         5114    i.vPortExitCritical  port.o
    0x080037c4   0x080037c4   0x0000005c   Code   RO         5257    i.vPortFree         heap_4.o
    0x08003820   0x08003820   0x00000020   Code   RO         5115    i.vPortSetupTimerInterrupt  port.o
    0x08003840   0x08003840   0x0000004c   Code   RO         4443    i.vTaskDelay        tasks.o
    0x0800388c   0x0800388c   0x00000068   Code   RO         4454    i.vTaskStartScheduler  tasks.o
    0x080038f4   0x080038f4   0x00000010   Code   RO         4456    i.vTaskSuspendAll   tasks.o
    0x08003904   0x08003904   0x0000005c   Code   RO         4457    i.vTaskSwitchContext  tasks.o
    0x08003960   0x08003960   0x00000074   Code   RO         5117    i.xPortStartScheduler  port.o
    0x080039d4   0x080039d4   0x0000002c   Code   RO         5118    i.xPortSysTickHandler  port.o
    0x08003a00   0x08003a00   0x00000056   Code   RO         4459    i.xTaskCreate       tasks.o
    0x08003a56   0x08003a56   0x00000002   PAD
    0x08003a58   0x08003a58   0x0000001c   Code   RO         4463    i.xTaskGetSchedulerState  tasks.o
    0x08003a74   0x08003a74   0x000000c8   Code   RO         4466    i.xTaskIncrementTick  tasks.o
    0x08003b3c   0x08003b3c   0x000000c4   Code   RO         4472    i.xTaskResumeAll    tasks.o
    0x08003c00   0x08003c00   0x0000003c   Data   RO          341    .constdata          main.o
    0x08003c3c   0x08003c3c   0x00000010   Data   RO          622    .constdata          system_stm32f1xx.o
    0x08003c4c   0x08003c4c   0x00000008   Data   RO          623    .constdata          system_stm32f1xx.o
    0x08003c54   0x08003c54   0x00000024   Data   RO          342    .conststring        main.o
    0x08003c78   0x08003c78   0x00000020   Data   RO         5960    Region$$Table       anon$$obj.o


    Execution Region RW_IRAM1 (Exec base: 0x20000000, Load base: 0x08003c98, Size: 0x00004fd8, Max: 0x00005000, ABSOLUTE)

    Exec Addr    Load Addr    Size         Type   Attr      Idx    E Section Name        Object

    0x20000000   0x08003c98   0x0000000c   Data   RW          343    .data               main.o
    0x2000000c   0x08003ca4   0x00000004   Data   RW          624    .data               system_stm32f1xx.o
    0x20000010   0x08003ca8   0x0000000c   Data   RW         1011    .data               stm32f1xx_hal.o
    0x2000001c   0x08003cb4   0x0000006c   Data   RW         3610    .data               bsp_ws2812.o
    0x20000088   0x08003d20   0x00000001   Data   RW         4178    .data               ws2812_app.o
    0x20000089   0x08003d21   0x00000001   Data   RW         4366    .data               fft_app.o
    0x2000008a   0x08003d22   0x00000002   PAD
    0x2000008c   0x08003d24   0x0000003c   Data   RW         4475    .data               tasks.o
    0x200000c8   0x08003d60   0x0000000c   Data   RW         5119    .data               port.o
    0x200000d4   0x08003d6c   0x00000018   Data   RW         5262    .data               heap_4.o
    0x200000ec        -       0x00000030   Zero   RW          331    .bss                main.o
    0x2000011c        -       0x00000044   Zero   RW          332    .bss                main.o
    0x20000160        -       0x00000058   Zero   RW          333    .bss                main.o
    0x200001b8        -       0x00000040   Zero   RW          334    .bss                main.o
    0x200001f8        -       0x00000040   Zero   RW          335    .bss                main.o
    0x20000238        -       0x00000044   Zero   RW          336    .bss                main.o
    0x2000027c        -       0x00000040   Zero   RW          337    .bss                main.o
    0x200002bc        -       0x00000040   Zero   RW          338    .bss                main.o
    0x200002fc        -       0x00000044   Zero   RW          339    .bss                main.o
    0x20000340        -       0x00000044   Zero   RW          340    .bss                main.o
    0x20000384        -       0x00000c7c   Zero   RW         3604    .bss                bsp_ws2812.o
    0x20001000        -       0x00000804   Zero   RW         3859    .bss                bsp_usart.o
    0x20001804        -       0x00000400   Zero   RW         4363    .bss                fft_app.o
    0x20001c04        -       0x000000f0   Zero   RW         4474    .bss                tasks.o
    0x20001cf4        -       0x00002ee0   Zero   RW         5261    .bss                heap_4.o
    0x20004bd4   0x08003d84   0x00000004   PAD
    0x20004bd8        -       0x00000400   Zero   RW          610    STACK               startup_stm32f103xb.o


==============================================================================

Image component sizes


      Code (inc. data)   RO Data    RW Data    ZI Data      Debug   Object Name

       100         28          0          0          0        527   bsp_adc.o
        60          4          0          0          0        890   bsp_dma.o
       124         16          0          0          0       1031   bsp_gpio.o
       100         34          0          0          0        543   bsp_nrf24l01.o
       296         56          0          0          0       2688   bsp_tim.o
       222         56          0          0       2052       3171   bsp_usart.o
       930        132          0        108       3196      10222   bsp_ws2812.o
       102          0          0          0          0      13488   cmsis_os.o
        90         26          0          1       1024       2497   fft_app.o
        52          0          0          0          0       1319   freertos.o
       456         22          0         24      12000       7471   heap_4.o
       136          0          0          0          0       3582   list.o
       358         10         96         12        664      19490   main.o
       522         62          0         12          0      10552   port.o
        36          8        236          0       1024        792   startup_stm32f103xb.o
       128         24          0         12          0       3437   stm32f1xx_hal.o
       920         24          0          0          0       5567   stm32f1xx_hal_adc.o
         2          0          0          0          0       1125   stm32f1xx_hal_adc_ex.o
       218         14          0          0          0      26577   stm32f1xx_hal_cortex.o
       868         36          0          0          0       5977   stm32f1xx_hal_dma.o
       454         36          0          0          0       2980   stm32f1xx_hal_gpio.o
       860        188          0          0          0     464090   stm32f1xx_hal_msp.o
      1334        112          0          0          0       7511   stm32f1xx_hal_rcc.o
       236         12          0          0          0       1456   stm32f1xx_hal_rcc_ex.o
       130          0          0          0          0       1131   stm32f1xx_hal_spi_ex.o
      1924         50          0          0          0      17922   stm32f1xx_hal_tim.o
        84          0          0          0          0       2462   stm32f1xx_hal_tim_ex.o
      1438         24          0          0          0      11413   stm32f1xx_hal_uart.o
       116         38          0          0          0      27441   stm32f1xx_it.o
        72         16         24          4          0       1259   system_stm32f1xx.o
      1432        122          0         60        240      24343   tasks.o
         0          0          0          0          0       1456   timers.o
      1120         12          0          1          0       3672   ws2812_app.o

    ----------------------------------------------------------------------
     14964       1162        388        236      20204     688082   Object Totals
         0          0         32          0          0          0   (incl. Generated)
        44          0          0          2          4          0   (incl. Padding)

    ----------------------------------------------------------------------

      Code (inc. data)   RO Data    RW Data    ZI Data      Debug   Library Member Name

         0          0          0          0          0          0   entry.o
         0          0          0          0          0          0   entry10a.o
         0          0          0          0          0          0   entry11a.o
         8          4          0          0          0          0   entry2.o
         4          0          0          0          0          0   entry5.o
         0          0          0          0          0          0   entry7b.o
         0          0          0          0          0          0   entry8b.o
         8          4          0          0          0          0   entry9a.o
        30          0          0          0          0          0   handlers.o
        36          8          0          0          0         68   init.o
        36          0          0          0          0         68   memcpya.o
        36          0          0          0          0        108   memseta.o

    ----------------------------------------------------------------------
       160         16          0          0          0        244   Library Totals
         2          0          0          0          0          0   (incl. Padding)

    ----------------------------------------------------------------------

      Code (inc. data)   RO Data    RW Data    ZI Data      Debug   Library Name

       158         16          0          0          0        244   mc_w.l

    ----------------------------------------------------------------------
       160         16          0          0          0        244   Library Totals

    ----------------------------------------------------------------------

==============================================================================


      Code (inc. data)   RO Data    RW Data    ZI Data      Debug   

     15124       1178        388        236      20204     679690   Grand Totals
     15124       1178        388        236      20204     679690   ELF Image Totals
     15124       1178        388        236          0          0   ROM Totals

==============================================================================

    Total RO  Size (Code + RO Data)                15512 (  15.15kB)
    Total RW  Size (RW Data + ZI Data)             20440 (  19.96kB)
    Total ROM Size (Code + RO Data + RW Data)      15748 (  15.38kB)

==============================================================================

